Archive member included because of file (symbol)

lib/libstm32.a(stm32f10x_flash.o)
                              main.o (FLASH_SetLatency)
lib/libstm32.a(stm32f10x_gpio.o)
                              main.o (GPIO_Init)
lib/libstm32.a(stm32f10x_nvic.o)
                              main.o (NVIC_SetVectorTable)
lib/libstm32.a(stm32f10x_rcc.o)
                              main.o (RCC_DeInit)
lib/libstm32.a(stm32f10x_systick.o)
                              main.o (SysTick_SetReload)
lib/libstm32.a(stm32f10x_tim.o)
                              main.o (TIM_TimeBaseInit)
lib/libstm32.a(cortexm3_macro.o)
                              lib/libstm32.a(stm32f10x_nvic.o) (__SETPRIMASK)
lib/libstm32.a(stm32f10x_vector.o)
                              (Reset_Handler)
/usr/local/lib/gcc/arm-elf/4.3.0/../../../../arm-elf/lib/thumb/libc.a(lib_a-atexit.o)
                              /usr/local/lib/gcc/arm-elf/4.3.0/../../../../arm-elf/lib/thumb/crt0.o (atexit)
/usr/local/lib/gcc/arm-elf/4.3.0/../../../../arm-elf/lib/thumb/libc.a(lib_a-exit.o)
                              /usr/local/lib/gcc/arm-elf/4.3.0/../../../../arm-elf/lib/thumb/crt0.o (exit)
/usr/local/lib/gcc/arm-elf/4.3.0/../../../../arm-elf/lib/thumb/libc.a(lib_a-impure.o)
                              /usr/local/lib/gcc/arm-elf/4.3.0/../../../../arm-elf/lib/thumb/libc.a(lib_a-exit.o) (_global_impure_ptr)
/usr/local/lib/gcc/arm-elf/4.3.0/../../../../arm-elf/lib/thumb/libc.a(lib_a-init.o)
                              /usr/local/lib/gcc/arm-elf/4.3.0/../../../../arm-elf/lib/thumb/crt0.o (__libc_fini_array)
/usr/local/lib/gcc/arm-elf/4.3.0/../../../../arm-elf/lib/thumb/libc.a(lib_a-memset.o)
                              /usr/local/lib/gcc/arm-elf/4.3.0/../../../../arm-elf/lib/thumb/crt0.o (memset)
/usr/local/lib/gcc/arm-elf/4.3.0/../../../../arm-elf/lib/thumb/libc.a(lib_a-__atexit.o)
                              /usr/local/lib/gcc/arm-elf/4.3.0/../../../../arm-elf/lib/thumb/libc.a(lib_a-atexit.o) (__register_exitproc)
/usr/local/lib/gcc/arm-elf/4.3.0/../../../../arm-elf/lib/thumb/libc.a(lib_a-__call_atexit.o)
                              /usr/local/lib/gcc/arm-elf/4.3.0/../../../../arm-elf/lib/thumb/libc.a(lib_a-exit.o) (__call_exitprocs)
/usr/local/lib/gcc/arm-elf/4.3.0/../../../../arm-elf/lib/thumb/libc.a(lib_a-malloc.o)
                              /usr/local/lib/gcc/arm-elf/4.3.0/../../../../arm-elf/lib/thumb/libc.a(lib_a-__call_atexit.o) (free)
/usr/local/lib/gcc/arm-elf/4.3.0/../../../../arm-elf/lib/thumb/libc.a(lib_a-mallocr.o)
                              /usr/local/lib/gcc/arm-elf/4.3.0/../../../../arm-elf/lib/thumb/libc.a(lib_a-malloc.o) (_malloc_r)
/usr/local/lib/gcc/arm-elf/4.3.0/../../../../arm-elf/lib/thumb/libc.a(lib_a-mlock.o)
                              /usr/local/lib/gcc/arm-elf/4.3.0/../../../../arm-elf/lib/thumb/libc.a(lib_a-mallocr.o) (__malloc_lock)
/usr/local/lib/gcc/arm-elf/4.3.0/../../../../arm-elf/lib/thumb/libc.a(lib_a-sbrkr.o)
                              /usr/local/lib/gcc/arm-elf/4.3.0/../../../../arm-elf/lib/thumb/libc.a(lib_a-mallocr.o) (_sbrk_r)
/usr/local/lib/gcc/arm-elf/4.3.0/../../../../arm-elf/lib/thumb/libc.a(lib_a-freer.o)
                              /usr/local/lib/gcc/arm-elf/4.3.0/../../../../arm-elf/lib/thumb/libc.a(lib_a-malloc.o) (_free_r)
/usr/local/lib/gcc/arm-elf/4.3.0/../../../../arm-elf/lib/thumb/libc.a(lib_a-reent.o)
                              /usr/local/lib/gcc/arm-elf/4.3.0/../../../../arm-elf/lib/thumb/libc.a(lib_a-sbrkr.o) (errno)

Allocating common symbols
Common symbol       size              file

HSEStartUpStatus    0x4               main.o
TIM_TimeBaseStructure
                    0x8               main.o
errno               0x4               /usr/local/lib/gcc/arm-elf/4.3.0/../../../../arm-elf/lib/thumb/libc.a(lib_a-reent.o)
TIM_OCInitStructure
                    0x8               main.o
GPIO_InitStructure  0xc               main.o

Discarded input sections

 .text          0x0000000000000000        0x0 /usr/local/lib/gcc/arm-elf/4.3.0/thumb/crti.o
 .data          0x0000000000000000        0x0 /usr/local/lib/gcc/arm-elf/4.3.0/thumb/crti.o
 .bss           0x0000000000000000        0x0 /usr/local/lib/gcc/arm-elf/4.3.0/thumb/crti.o
 .init          0x0000000000000000        0x0 /usr/local/lib/gcc/arm-elf/4.3.0/thumb/crti.o
 .fini          0x0000000000000000        0x0 /usr/local/lib/gcc/arm-elf/4.3.0/thumb/crti.o
 .text          0x0000000000000000        0x0 /usr/local/lib/gcc/arm-elf/4.3.0/thumb/crtbegin.o
 .data          0x0000000000000000        0x0 /usr/local/lib/gcc/arm-elf/4.3.0/thumb/crtbegin.o
 .bss           0x0000000000000000        0x0 /usr/local/lib/gcc/arm-elf/4.3.0/thumb/crtbegin.o
 .ctors         0x0000000000000000        0x0 /usr/local/lib/gcc/arm-elf/4.3.0/thumb/crtbegin.o
 .dtors         0x0000000000000000        0x0 /usr/local/lib/gcc/arm-elf/4.3.0/thumb/crtbegin.o
 .eh_frame      0x0000000000000000        0x0 /usr/local/lib/gcc/arm-elf/4.3.0/thumb/crtbegin.o
[...]
Memory Configuration

Name             Origin             Length             Attributes
RAM              0x0000000020000000 0x0000000000005000 xrw
FLASH            0x0000000008000000 0x0000000000020000 xr
FLASHB1          0x0000000000000000 0x0000000000000000 xr
EXTMEMB0         0x0000000000000000 0x0000000000000000 xr
EXTMEMB1         0x0000000000000000 0x0000000000000000 xr
EXTMEMB2         0x0000000000000000 0x0000000000000000 xr
EXTMEMB3         0x0000000000000000 0x0000000000000000 xr
*default*        0x0000000000000000 0xffffffffffffffff

Linker script and memory map

LOAD /usr/local/lib/gcc/arm-elf/4.3.0/thumb/crti.o
LOAD /usr/local/lib/gcc/arm-elf/4.3.0/thumb/crtbegin.o
LOAD /usr/local/lib/gcc/arm-elf/4.3.0/../../../../arm-elf/lib/thumb/crt0.o
LOAD main.o
LOAD lcd.o
LOAD stm32f10x_it.o
LOAD lib/libstm32.a
START GROUP
LOAD /usr/local/lib/gcc/arm-elf/4.3.0/thumb/libgcc.a
LOAD /usr/local/lib/gcc/arm-elf/4.3.0/../../../../arm-elf/lib/thumb/libc.a
END GROUP
LOAD /usr/local/lib/gcc/arm-elf/4.3.0/thumb/crtend.o
LOAD /usr/local/lib/gcc/arm-elf/4.3.0/thumb/crtn.o
                0x0000000000000400                __Stack_Size = 0x400
                0x0000000000000400                PROVIDE (_Stack_Size, __Stack_Size)
                0x0000000020004c00                __Stack_Init = (_estack - __Stack_Size)
                0x0000000020004c00                PROVIDE (_Stack_Init, __Stack_Init)
                0x0000000000000100                _Minimum_Stack_Size = 0x100
                0x0000000000000000                PROVIDE (Undefined_Handler, 0x0)
                0x0000000000000000                PROVIDE (SWI_Handler, 0x0)
                0x0000000000000000                PROVIDE (IRQ_Handler, 0x0)
                0x0000000000000000                PROVIDE (Prefetch_Handler, 0x0)
                0x0000000000000000                PROVIDE (Abort_Handler, 0x0)
                0x0000000000000000                PROVIDE (FIQ_Handler, 0x0)
                0x0000000000000000                PROVIDE (NMIException, 0x0)
                0x0000000000000000                PROVIDE (HardFaultException, 0x0)
                0x0000000000000000                PROVIDE (MemManageException, 0x0)
                0x0000000000000000                PROVIDE (BusFaultException, 0x0)
                0x0000000000000000                PROVIDE (UsageFaultException, 0x0)
                0x0000000000000000                PROVIDE (SVCHandler, 0x0)
                0x0000000000000000                PROVIDE (DebugMonitor, 0x0)
                0x0000000000000000                PROVIDE (PendSVC, 0x0)
                0x0000000000000000                PROVIDE (SysTickHandler, 0x0)
                0x0000000000000000                PROVIDE (WWDG_IRQHandler, 0x0)
                0x0000000000000000                PROVIDE (PVD_IRQHandler, 0x0)
                0x0000000000000000                PROVIDE (TAMPER_IRQHandler, 0x0)
                0x0000000000000000                PROVIDE (RTC_IRQHandler, 0x0)
                0x0000000000000000                PROVIDE (FLASH_IRQHandler, 0x0)
                0x0000000000000000                PROVIDE (RCC_IRQHandler, 0x0)
                0x0000000000000000                PROVIDE (EXTI0_IRQHandler, 0x0)
                0x0000000000000000                PROVIDE (EXTI1_IRQHandler, 0x0)
                0x0000000000000000                PROVIDE (EXTI2_IRQHandler, 0x0)
                0x0000000000000000                PROVIDE (EXTI3_IRQHandler, 0x0)
                0x0000000000000000                PROVIDE (EXTI4_IRQHandler, 0x0)
                0x0000000000000000                PROVIDE (DMAChannel1_IRQHandler, 0x0)
                0x0000000000000000                PROVIDE (DMAChannel2_IRQHandler, 0x0)
                0x0000000000000000                PROVIDE (DMAChannel3_IRQHandler, 0x0)
                0x0000000000000000                PROVIDE (DMAChannel4_IRQHandler, 0x0)
                0x0000000000000000                PROVIDE (DMAChannel5_IRQHandler, 0x0)
                0x0000000000000000                PROVIDE (DMAChannel6_IRQHandler, 0x0)
                0x0000000000000000                PROVIDE (DMAChannel7_IRQHandler, 0x0)
                0x0000000000000000                PROVIDE (ADC_IRQHandler, 0x0)
                0x0000000000000000                PROVIDE (USB_HP_CAN_TX_IRQHandler, 0x0)
                0x0000000000000000                PROVIDE (USB_LP_CAN_RX0_IRQHandler, 0x0)
                0x0000000000000000                PROVIDE (CAN_RX1_IRQHandler, 0x0)
                0x0000000000000000                PROVIDE (CAN_SCE_IRQHandler, 0x0)
                0x0000000000000000                PROVIDE (EXTI9_5_IRQHandler, 0x0)
                0x0000000000000000                PROVIDE (TIM1_BRK_IRQHandler, 0x0)
                0x0000000000000000                PROVIDE (TIM1_UP_IRQHandler, 0x0)
                0x0000000000000000                PROVIDE (TIM1_TRG_COM_IRQHandler, 0x0)
                0x0000000000000000                PROVIDE (TIM1_CC_IRQHandler, 0x0)
                0x0000000000000000                PROVIDE (TIM2_IRQHandler, 0x0)
                0x0000000000000000                PROVIDE (TIM3_IRQHandler, 0x0)
                0x0000000000000000                PROVIDE (TIM4_IRQHandler, 0x0)
                0x0000000000000000                PROVIDE (I2C1_EV_IRQHandler, 0x0)
                0x0000000000000000                PROVIDE (I2C1_ER_IRQHandler, 0x0)
                0x0000000000000000                PROVIDE (I2C2_EV_IRQHandler, 0x0)
                0x0000000000000000                PROVIDE (I2C2_ER_IRQHandler, 0x0)
                0x0000000000000000                PROVIDE (SPI1_IRQHandler, 0x0)
                0x0000000000000000                PROVIDE (SPI2_IRQHandler, 0x0)
                0x0000000000000000                PROVIDE (USART1_IRQHandler, 0x0)
                0x0000000000000000                PROVIDE (USART2_IRQHandler, 0x0)
                0x0000000000000000                PROVIDE (USART3_IRQHandler, 0x0)
                0x0000000000000000                PROVIDE (EXTI15_10_IRQHandler, 0x0)
                0x0000000000000000                PROVIDE (RTCAlarm_IRQHandler, 0x0)
                0x0000000000000000                PROVIDE (USBWakeUp_IRQHandler, 0x0)
                0x0000000042000000                PERIPH_BB_BASE = 0x42000000
                0x0000000022000000                SRAM_BB_BASE = 0x22000000
                0x0000000020000000                SRAM_BASE = 0x20000000
                0x0000000040000000                PERIPH_BASE = 0x40000000
                0x0000000040022000                PROVIDE (FLASH_BASE, 0x40022000)
                0x000000001ffff800                PROVIDE (OB_BASE, 0x1ffff800)
                0x0000000040000000                APB1PERIPH_BASE = PERIPH_BASE
                0x0000000040010000                APB2PERIPH_BASE = (PERIPH_BASE + 0x10000)
                0x0000000040020000                AHBPERIPH_BASE = (PERIPH_BASE + 0x20000)
                0x0000000040000000                PROVIDE (TIM2, (APB1PERIPH_BASE + 0x0))
                0x0000000040000400                PROVIDE (TIM3, (APB1PERIPH_BASE + 0x400))
                0x0000000040000800                PROVIDE (TIM4, (APB1PERIPH_BASE + 0x800))
                0x0000000040002800                PROVIDE (RTC, (APB1PERIPH_BASE + 0x2800))
                0x0000000040002c00                PROVIDE (WWDG, (APB1PERIPH_BASE + 0x2c00))
                0x0000000040003000                PROVIDE (IWDG, (APB1PERIPH_BASE + 0x3000))
                0x0000000040003800                PROVIDE (SPI2, (APB1PERIPH_BASE + 0x3800))
                0x0000000040004400                PROVIDE (USART2, (APB1PERIPH_BASE + 0x4400))
                0x0000000040004800                PROVIDE (USART3, (APB1PERIPH_BASE + 0x4800))
                0x0000000040005400                PROVIDE (I2C1, (APB1PERIPH_BASE + 0x5400))
                0x0000000040005800                PROVIDE (I2C2, (APB1PERIPH_BASE + 0x5800))
                0x0000000040006400                PROVIDE (CAN, (APB1PERIPH_BASE + 0x6400))
                0x0000000040006c00                PROVIDE (BKP, (APB1PERIPH_BASE + 0x6c00))
                0x0000000040007000                PROVIDE (PWR, (APB1PERIPH_BASE + 0x7000))
                0x0000000040010000                PROVIDE (AFIO, (APB2PERIPH_BASE + 0x0))
                0x0000000040010400                PROVIDE (EXTI, (APB2PERIPH_BASE + 0x400))
                0x0000000040010800                PROVIDE (GPIOA, (APB2PERIPH_BASE + 0x800))
                0x0000000040010c00                PROVIDE (GPIOB, (APB2PERIPH_BASE + 0xc00))
                0x0000000040011000                PROVIDE (GPIOC, (APB2PERIPH_BASE + 0x1000))
                0x0000000040011400                PROVIDE (GPIOD, (APB2PERIPH_BASE + 0x1400))
                0x0000000040011800                PROVIDE (GPIOE, (APB2PERIPH_BASE + 0x1800))
                0x0000000040012400                PROVIDE (ADC1, (APB2PERIPH_BASE + 0x2400))
                0x0000000040012800                PROVIDE (ADC2, (APB2PERIPH_BASE + 0x2800))
                0x0000000040012c00                PROVIDE (TIM1, (APB2PERIPH_BASE + 0x2c00))
                0x0000000040013000                PROVIDE (SPI1, (APB2PERIPH_BASE + 0x3000))
                0x0000000040013800                PROVIDE (USART1, (APB2PERIPH_BASE + 0x3800))
                0x0000000040020000                PROVIDE (DMA, (AHBPERIPH_BASE + 0x0))
                0x0000000040020008                PROVIDE (DMA_Channel1, (AHBPERIPH_BASE + 0x8))
                0x000000004002001c                PROVIDE (DMA_Channel2, (AHBPERIPH_BASE + 0x1c))
                0x0000000040020030                PROVIDE (DMA_Channel3, (AHBPERIPH_BASE + 0x30))
                0x0000000040020044                PROVIDE (DMA_Channel4, (AHBPERIPH_BASE + 0x44))
                0x0000000040020058                PROVIDE (DMA_Channel5, (AHBPERIPH_BASE + 0x58))
                0x000000004002006c                PROVIDE (DMA_Channel6, (AHBPERIPH_BASE + 0x6c))
                0x0000000040020080                PROVIDE (DMA_Channel7, (AHBPERIPH_BASE + 0x80))
                0x0000000040021000                PROVIDE (RCC, (AHBPERIPH_BASE + 0x1000))
                0x00000000e000e000                SCS_BASE = 0xe000e000
                0x00000000e000e010                PROVIDE (SysTick, (SCS_BASE + 0x10))
                0x00000000e000e100                PROVIDE (NVIC, (SCS_BASE + 0x100))
                0x00000000e000ed00                PROVIDE (SCB, (SCS_BASE + 0xd00))
                0x0000000020005000                _estack = 0x20005000

.isr_vector     0x0000000008000000      0x10c
                0x0000000008000000                . = ALIGN (0x4)
 *(.isr_vector)
 .isr_vector    0x0000000008000000      0x10c lib/libstm32.a(stm32f10x_vector.o)
                0x0000000008000000                g_pfnVectors
                0x000000000800010c                . = ALIGN (0x4)

.flashtext      0x000000000800010c        0x0
                0x000000000800010c                . = ALIGN (0x4)
 *(.flashtext)
                0x000000000800010c                . = ALIGN (0x4)

.text           0x000000000800010c     0x3f0c
                0x000000000800010c                . = ALIGN (0x4)
 *(.text)
 .text          0x000000000800010c      0x334 main.o
                0x0000000008000408                NVIC_Configuration
                0x0000000008000198                main
                0x00000000080003ac                RCC_Configuration
                0x000000000800041c                Delay
 .text          0x0000000008000440      0x5fc lcd.o
                0x0000000008000a10                lcdSetPos
                0x0000000008000874                lcdPutStr
                0x0000000008000750                lcdInit
                0x00000000080009d4                lcdCommand
                0x00000000080008e4                lcdPutInt
                0x00000000080008c0                lcdPutChar
                0x00000000080008a8                lcdClear
 .text          0x0000000008000a3c      0x290 stm32f10x_it.o
                0x0000000008000b28                EXTI2_IRQHandler
                0x0000000008000a50                MemManageException
                0x0000000008000a58                BusFaultException
                0x0000000008000c0c                TIM1_CC_IRQHandler
                0x0000000008000ad4                PVD_IRQHandler
                0x0000000008000b34                EXTI3_IRQHandler
                0x0000000008000b94                DMAChannel7_IRQHandler
                0x0000000008000a68                DebugMonitor
                0x0000000008000a74                SVCHandler
                0x0000000008000a48                HardFaultException
                0x0000000008000bac                USB_HP_CAN_TX_IRQHandler
                0x0000000008000b10                EXTI0_IRQHandler
                0x0000000008000c54                I2C2_EV_IRQHandler
                0x0000000008000b4c                DMAChannel1_IRQHandler
                0x0000000008000c6c                SPI1_IRQHandler
                0x0000000008000bd0                CAN_SCE_IRQHandler
                0x0000000008000ae0                TAMPER_IRQHandler
                0x0000000008000a3c                NMIException
                0x0000000008000b70                DMAChannel4_IRQHandler
                0x0000000008000c9c                USART3_IRQHandler
                0x0000000008000aec                RTC_IRQHandler
                0x0000000008000a8c                SysTickHandler
                0x0000000008000a80                PendSVC
                0x0000000008000c30                TIM4_IRQHandler
                0x0000000008000bc4                CAN_RX1_IRQHandler
                0x0000000008000c3c                I2C1_EV_IRQHandler
                0x0000000008000c24                TIM3_IRQHandler
                0x0000000008000b04                RCC_IRQHandler
                0x0000000008000c00                TIM1_TRG_COM_IRQHandler
                0x0000000008000ca8                EXTI15_10_IRQHandler
                0x0000000008000ba0                ADC_IRQHandler
                0x0000000008000b7c                DMAChannel5_IRQHandler
                0x0000000008000bdc                EXTI9_5_IRQHandler
                0x0000000008000b58                DMAChannel2_IRQHandler
                0x0000000008000c78                SPI2_IRQHandler
                0x0000000008000bb8                USB_LP_CAN_RX0_IRQHandler
                0x0000000008000b40                EXTI4_IRQHandler
                0x0000000008000bf4                TIM1_UP_IRQHandler
                0x0000000008000ac8                WWDG_IRQHandler
                0x0000000008000c18                TIM2_IRQHandler
                0x0000000008000be8                TIM1_BRK_IRQHandler
                0x0000000008000b1c                EXTI1_IRQHandler
                0x0000000008000cb4                RTCAlarm_IRQHandler
                0x0000000008000c90                USART2_IRQHandler
                0x0000000008000c60                I2C2_ER_IRQHandler
                0x0000000008000a60                UsageFaultException
                0x0000000008000af8                FLASH_IRQHandler
                0x0000000008000b88                DMAChannel6_IRQHandler
                0x0000000008000b64                DMAChannel3_IRQHandler
                0x0000000008000c84                USART1_IRQHandler
                0x0000000008000c48                I2C1_ER_IRQHandler
                0x0000000008000cc0                USBWakeUp_IRQHandler
 .text          0x0000000008000ccc       0x90 lib/libstm32.a(stm32f10x_flash.o)
                0x0000000008000cfc                FLASH_HalfCycleAccessCmd
                0x0000000008000d2c                FLASH_PrefetchBufferCmd
                0x0000000008000ccc                FLASH_SetLatency
 .text          0x0000000008000d5c      0x648 lib/libstm32.a(stm32f10x_gpio.o)
                0x00000000080011c8                GPIO_EventOutputConfig
                0x00000000080010ac                GPIO_ReadOutputDataBit
                0x000000000800121c                GPIO_EventOutputCmd
                0x0000000008001238                GPIO_PinRemapConfig
                0x0000000008000e5c                GPIO_Init
                0x0000000008000e3c                GPIO_AFIODeInit
                0x0000000008001168                GPIO_Write
                0x00000000080010e8                GPIO_ReadOutputData
                0x0000000008001090                GPIO_ReadInputData
                0x0000000008001104                GPIO_SetBits
                0x000000000800113c                GPIO_WriteBit
                0x0000000008001120                GPIO_ResetBits
                0x0000000008001300                GPIO_EXTILineConfig
                0x0000000008000d5c                GPIO_DeInit
                0x0000000008001028                GPIO_StructInit
                0x0000000008001184                GPIO_PinLockConfig
                0x0000000008001054                GPIO_ReadInputDataBit
 .text          0x00000000080013a4      0x89c lib/libstm32.a(stm32f10x_nvic.o)
                0x0000000008001660                NVIC_SETFAULTMASK
                0x0000000008001694                NVIC_GetBASEPRI
                0x00000000080014c4                NVIC_Init
                0x000000000800182c                NVIC_SetVectorTable
                0x000000000800172c                NVIC_SetIRQChannelPendingBit
                0x0000000008001648                NVIC_SETPRIMASK
                0x0000000008001a8c                NVIC_SetSystemHandlerPendingBit
                0x000000000800174c                NVIC_ClearIRQChannelPendingBit
                0x00000000080016a4                NVIC_GetCurrentPendingIRQChannel
                0x0000000008001bf8                NVIC_GetFaultAddress
                0x0000000008001858                NVIC_GenerateSystemReset
                0x00000000080017b4                NVIC_GetIRQChannelActiveBitStatus
                0x0000000008001414                NVIC_SCBDeInit
                0x00000000080018cc                NVIC_SystemHandlerConfig
                0x0000000008001788                NVIC_GetCurrentActiveHandler
                0x000000000800166c                NVIC_RESETFAULTMASK
                0x0000000008001b08                NVIC_GetSystemHandlerActiveBitStatus
                0x0000000008001654                NVIC_RESETPRIMASK
                0x0000000008001ac8                NVIC_ClearSystemHandlerPendingBit
                0x0000000008001888                NVIC_SystemLPConfig
                0x0000000008001924                NVIC_SystemHandlerPriorityConfig
                0x00000000080016c8                NVIC_GetIRQChannelPendingBitStatus
                0x0000000008001870                NVIC_GenerateCoreReset
                0x0000000008001818                NVIC_GetCPUID
                0x0000000008001678                NVIC_BASEPRICONFIG
                0x00000000080014a0                NVIC_PriorityGroupConfig
                0x0000000008001614                NVIC_StructInit
                0x0000000008001a20                NVIC_GetSystemHandlerPendingBitStatus
                0x00000000080013a4                NVIC_DeInit
                0x0000000008001b70                NVIC_GetFaultHandlerSources
 .text          0x0000000008001c40      0x864 lib/libstm32.a(stm32f10x_rcc.o)
                0x0000000008001dc4                RCC_HSICmd
                0x0000000008001e24                RCC_PLLCmd
                0x0000000008002484                RCC_ClearITPendingBit
                0x0000000008002384                RCC_MCOConfig
                0x0000000008001f50                RCC_ITConfig
                0x0000000008001e40                RCC_SYSCLKConfig
                0x0000000008001d24                RCC_WaitForHSEStartUp
                0x000000000800234c                RCC_BackupResetCmd
                0x0000000008002368                RCC_ClockSecuritySystemCmd
                0x0000000008002428                RCC_ClearFlag
                0x0000000008001cc4                RCC_HSEConfig
                0x000000000800224c                RCC_APB2PeriphClockCmd
                0x0000000008001de0                RCC_PLLConfig
                0x0000000008001fb8                RCC_ADCCLKConfig
                0x0000000008001ff4                RCC_LSEConfig
                0x0000000008002080                RCC_RTCCLKCmd
                0x000000000800228c                RCC_APB1PeriphClockCmd
                0x0000000008002444                RCC_GetITStatus
                0x000000000800220c                RCC_AHBPeriphClockCmd
                0x00000000080023a4                RCC_GetFlagStatus
                0x0000000008001e7c                RCC_GetSYSCLKSource
                0x000000000800209c                RCC_GetClocksFreq
                0x000000000800205c                RCC_RTCCLKConfig
                0x0000000008001d84                RCC_AdjustHSICalibrationValue
                0x0000000008001ed4                RCC_PCLK1Config
                0x0000000008001f9c                RCC_USBCLKConfig
                0x0000000008001f10                RCC_PCLK2Config
                0x0000000008001c40                RCC_DeInit
                0x000000000800230c                RCC_APB1PeriphResetCmd
                0x0000000008002040                RCC_LSICmd
                0x00000000080022cc                RCC_APB2PeriphResetCmd
                0x0000000008001e98                RCC_HCLKConfig
 .text          0x00000000080024a4      0x15c lib/libstm32.a(stm32f10x_systick.o)
                0x00000000080024f8                SysTick_CounterCmd
                0x000000000800258c                SysTick_GetFlagStatus
                0x00000000080024a4                SysTick_CLKSourceConfig
                0x0000000008002578                SysTick_GetCounter
                0x0000000008002540                SysTick_ITConfig
                0x00000000080024dc                SysTick_SetReload
 .text          0x0000000008002600     0x18e8 lib/libstm32.a(stm32f10x_tim.o)
                0x00000000080029c4                TIM_TimeBaseStructInit
                0x0000000008002eac                TIM_ForcedOC2Config
                0x00000000080037b4                TIM_SetCompare2
                0x00000000080038e0                TIM_SetIC4Prescaler
                0x0000000008003014                TIM_OC1PreloadConfig
                0x0000000008002cf8                TIM_ETRClockMode2Config
                0x0000000008002e68                TIM_ForcedOC1Config
                0x0000000008002b54                TIM_DMACmd
                0x0000000008002c70                TIM_ETRClockMode1Config
                0x000000000800389c                TIM_SetIC3Prescaler
                0x00000000080032e4                TIM_ClearOC3Ref
                0x0000000008002a70                TIM_Cmd
                0x00000000080030e8                TIM_OC4PreloadConfig
                0x0000000008003a54                TIM_ClearFlag
                0x0000000008003ae8                TIM_ClearITPendingBit
                0x00000000080039dc                TIM_GetCounter
                0x00000000080039a4                TIM_GetCapture3
                0x000000000800396c                TIM_GetCapture1
                0x0000000008002600                TIM_DeInit
                0x0000000008003a14                TIM_GetFlagStatus
                0x00000000080031c4                TIM_OC3FastConfig
                0x0000000008002fd0                TIM_SelectCCDMA
                0x000000000800392c                TIM_SetClockDivision
                0x00000000080030a4                TIM_OC3PreloadConfig
                0x000000000800377c                TIM_SetAutoreload
                0x0000000008002f88                TIM_ARRPreloadConfig
                0x0000000008003a84                TIM_GetITStatus
                0x0000000008003134                TIM_OC1FastConfig
                0x0000000008003058                TIM_OC2PreloadConfig
                0x0000000008002d98                TIM_SelectInputTrigger
                0x0000000008002ab8                TIM_ITConfig
                0x0000000008002ddc                TIM_PrescalerConfig
                0x0000000008003578                TIM_OC4PolarityConfig
                0x0000000008003698                TIM_SelectOutputTrigger
                0x00000000080037d0                TIM_SetCompare3
                0x000000000800360c                TIM_SelectHallSensor
                0x000000000800380c                TIM_SetIC1Prescaler
                0x0000000008002f3c                TIM_ForcedOC4Config
                0x0000000008002bd8                TIM_ITRxExternalClockConfig
                0x000000000800352c                TIM_OC3PolarityConfig
                0x0000000008002ba8                TIM_InternalClockConfig
                0x000000000800349c                TIM_OC1PolarityConfig
                0x0000000008003178                TIM_OC2FastConfig
                0x0000000008003760                TIM_SetCounter
                0x00000000080026d4                TIM_OCInit
                0x00000000080037ec                TIM_SetCompare4
                0x0000000008003988                TIM_GetCapture2
                0x00000000080039f8                TIM_GetPrescaler
                0x0000000008003298                TIM_ClearOC2Ref
                0x00000000080028e8                TIM_ICInit
                0x0000000008002a2c                TIM_ICStructInit
                0x0000000008003254                TIM_ClearOC1Ref
                0x00000000080035c4                TIM_UpdateRequestConfig
                0x0000000008002ef8                TIM_ForcedOC3Config
                0x0000000008002c08                TIM_TIxExternalClockConfig
                0x00000000080029f8                TIM_OCStructInit
                0x000000000800371c                TIM_SelectMasterSlaveMode
                0x00000000080039c0                TIM_GetCapture4
                0x0000000008002684                TIM_TimeBaseInit
                0x0000000008002b04                TIM_DMAConfig
                0x0000000008003474                TIM_GenerateEvent
                0x0000000008003850                TIM_SetIC2Prescaler
                0x0000000008002d38                TIM_ETRConfig
                0x00000000080036d8                TIM_SelectSlaveMode
                0x0000000008003328                TIM_ClearOC4Ref
                0x0000000008003654                TIM_SelectOnePulseMode
                0x00000000080033bc                TIM_EncoderInterfaceConfig
                0x0000000008003798                TIM_SetCompare1
                0x00000000080034e0                TIM_OC2PolarityConfig
                0x0000000008003374                TIM_UpdateDisableConfig
                0x0000000008003208                TIM_OC4FastConfig
                0x0000000008002e24                TIM_CounterModeConfig
 .text          0x0000000008003ee8       0x6e lib/libstm32.a(cortexm3_macro.o)
                0x0000000008003f0a                __MRS_CONTROL
                0x0000000008003f48                __GetBASEPRI
                0x0000000008003f20                __MSR_PSP
                0x0000000008003f36                __RESETPRIMASK
                0x0000000008003f3a                __SETFAULTMASK
                0x0000000008003ef0                __SEV
                0x0000000008003eec                __WFE
                0x0000000008003f3e                __RESETFAULTMASK
                0x0000000008003f26                __MRS_MSP
                0x0000000008003f2c                __MSR_MSP
                0x0000000008003f1a                __MRS_PSP
                0x0000000008003f4e                __REV_HalfWord
                0x0000000008003ee8                __WFI
                0x0000000008003f10                __MSR_CONTROL
                0x0000000008003f42                __BASEPRICONFIG
                0x0000000008003f32                __SETPRIMASK
                0x0000000008003f52                __REV_Word
                0x0000000008003f06                __SVC
                0x0000000008003ef4                __ISB
                0x0000000008003efa                __DSB
                0x0000000008003f00                __DMB
 *fill*         0x0000000008003f56        0x2 00
 .text          0x0000000008003f58       0x7c lib/libstm32.a(stm32f10x_vector.o)
                0x0000000008003f58                Reset_Handler
 *(.text.*)
 *(.rodata)
 .rodata        0x0000000008003fd4       0x20 main.o
 .rodata        0x0000000008003ff4       0x14 lib/libstm32.a(stm32f10x_rcc.o)
 .rodata        0x0000000008004008       0x10 lib/libstm32.a(stm32f10x_tim.o)
 *(.rodata*)
 *(.glue_7)
 .glue_7        0x0000000008004018        0x0 /usr/local/lib/gcc/arm-elf/4.3.0/thumb/crti.o
 .glue_7        0x0000000008004018        0x0 /usr/local/lib/gcc/arm-elf/4.3.0/thumb/crtbegin.o
 .glue_7        0x0000000008004018        0x0 /usr/local/lib/gcc/arm-elf/4.3.0/../../../../arm-elf/lib/thumb/crt0.o
 .glue_7        0x0000000008004018        0x0 main.o
 .glue_7        0x0000000008004018        0x0 lcd.o
 .glue_7        0x0000000008004018        0x0 stm32f10x_it.o
 .glue_7        0x0000000008004018        0x0 lib/libstm32.a(stm32f10x_flash.o)
 .glue_7        0x0000000008004018        0x0 lib/libstm32.a(stm32f10x_gpio.o)
 .glue_7        0x0000000008004018        0x0 lib/libstm32.a(stm32f10x_nvic.o)
 .glue_7        0x0000000008004018        0x0 lib/libstm32.a(stm32f10x_rcc.o)
 .glue_7        0x0000000008004018        0x0 lib/libstm32.a(stm32f10x_systick.o)
 .glue_7        0x0000000008004018        0x0 lib/libstm32.a(stm32f10x_tim.o)
 .glue_7        0x0000000008004018        0x0 lib/libstm32.a(cortexm3_macro.o)
 .glue_7        0x0000000008004018        0x0 lib/libstm32.a(stm32f10x_vector.o)
 .glue_7        0x0000000008004018        0x0 /usr/local/lib/gcc/arm-elf/4.3.0/../../../../arm-elf/lib/thumb/libc.a(lib_a-atexit.o)
 .glue_7        0x0000000008004018        0x0 /usr/local/lib/gcc/arm-elf/4.3.0/../../../../arm-elf/lib/thumb/libc.a(lib_a-exit.o)
 .glue_7        0x0000000008004018        0x0 /usr/local/lib/gcc/arm-elf/4.3.0/../../../../arm-elf/lib/thumb/libc.a(lib_a-impure.o)
 .glue_7        0x0000000008004018        0x0 /usr/local/lib/gcc/arm-elf/4.3.0/../../../../arm-elf/lib/thumb/libc.a(lib_a-init.o)
 .glue_7        0x0000000008004018        0x0 /usr/local/lib/gcc/arm-elf/4.3.0/../../../../arm-elf/lib/thumb/libc.a(lib_a-memset.o)
 .glue_7        0x0000000008004018        0x0 /usr/local/lib/gcc/arm-elf/4.3.0/../../../../arm-elf/lib/thumb/libc.a(lib_a-__atexit.o)
 .glue_7        0x0000000008004018        0x0 /usr/local/lib/gcc/arm-elf/4.3.0/../../../../arm-elf/lib/thumb/libc.a(lib_a-__call_atexit.o)
 .glue_7        0x0000000008004018        0x0 /usr/local/lib/gcc/arm-elf/4.3.0/../../../../arm-elf/lib/thumb/libc.a(lib_a-malloc.o)
 .glue_7        0x0000000008004018        0x0 /usr/local/lib/gcc/arm-elf/4.3.0/../../../../arm-elf/lib/thumb/libc.a(lib_a-mallocr.o)
 .glue_7        0x0000000008004018        0x0 /usr/local/lib/gcc/arm-elf/4.3.0/../../../../arm-elf/lib/thumb/libc.a(lib_a-mlock.o)
 .glue_7        0x0000000008004018        0x0 /usr/local/lib/gcc/arm-elf/4.3.0/../../../../arm-elf/lib/thumb/libc.a(lib_a-sbrkr.o)
 .glue_7        0x0000000008004018        0x0 /usr/local/lib/gcc/arm-elf/4.3.0/../../../../arm-elf/lib/thumb/libc.a(lib_a-freer.o)
 .glue_7        0x0000000008004018        0x0 /usr/local/lib/gcc/arm-elf/4.3.0/../../../../arm-elf/lib/thumb/libc.a(lib_a-reent.o)
 .glue_7        0x0000000008004018        0x0 /usr/local/lib/gcc/arm-elf/4.3.0/thumb/crtend.o
 .glue_7        0x0000000008004018        0x0 /usr/local/lib/gcc/arm-elf/4.3.0/thumb/crtn.o
 *(.glue_7t)
 .glue_7t       0x0000000008004018        0x0 /usr/local/lib/gcc/arm-elf/4.3.0/thumb/crti.o
 .glue_7t       0x0000000008004018        0x0 /usr/local/lib/gcc/arm-elf/4.3.0/thumb/crtbegin.o
 .glue_7t       0x0000000008004018        0x0 /usr/local/lib/gcc/arm-elf/4.3.0/../../../../arm-elf/lib/thumb/crt0.o
 .glue_7t       0x0000000008004018        0x0 main.o
 .glue_7t       0x0000000008004018        0x0 lcd.o
 .glue_7t       0x0000000008004018        0x0 stm32f10x_it.o
 .glue_7t       0x0000000008004018        0x0 lib/libstm32.a(stm32f10x_flash.o)
 .glue_7t       0x0000000008004018        0x0 lib/libstm32.a(stm32f10x_gpio.o)
 .glue_7t       0x0000000008004018        0x0 lib/libstm32.a(stm32f10x_nvic.o)
 .glue_7t       0x0000000008004018        0x0 lib/libstm32.a(stm32f10x_rcc.o)
 .glue_7t       0x0000000008004018        0x0 lib/libstm32.a(stm32f10x_systick.o)
 .glue_7t       0x0000000008004018        0x0 lib/libstm32.a(stm32f10x_tim.o)
 .glue_7t       0x0000000008004018        0x0 lib/libstm32.a(cortexm3_macro.o)
 .glue_7t       0x0000000008004018        0x0 lib/libstm32.a(stm32f10x_vector.o)
 .glue_7t       0x0000000008004018        0x0 /usr/local/lib/gcc/arm-elf/4.3.0/../../../../arm-elf/lib/thumb/libc.a(lib_a-atexit.o)
 .glue_7t       0x0000000008004018        0x0 /usr/local/lib/gcc/arm-elf/4.3.0/../../../../arm-elf/lib/thumb/libc.a(lib_a-exit.o)
 .glue_7t       0x0000000008004018        0x0 /usr/local/lib/gcc/arm-elf/4.3.0/../../../../arm-elf/lib/thumb/libc.a(lib_a-impure.o)
 .glue_7t       0x0000000008004018        0x0 /usr/local/lib/gcc/arm-elf/4.3.0/../../../../arm-elf/lib/thumb/libc.a(lib_a-init.o)
 .glue_7t       0x0000000008004018        0x0 /usr/local/lib/gcc/arm-elf/4.3.0/../../../../arm-elf/lib/thumb/libc.a(lib_a-memset.o)
 .glue_7t       0x0000000008004018        0x0 /usr/local/lib/gcc/arm-elf/4.3.0/../../../../arm-elf/lib/thumb/libc.a(lib_a-__atexit.o)
 .glue_7t       0x0000000008004018        0x0 /usr/local/lib/gcc/arm-elf/4.3.0/../../../../arm-elf/lib/thumb/libc.a(lib_a-__call_atexit.o)
 .glue_7t       0x0000000008004018        0x0 /usr/local/lib/gcc/arm-elf/4.3.0/../../../../arm-elf/lib/thumb/libc.a(lib_a-malloc.o)
 .glue_7t       0x0000000008004018        0x0 /usr/local/lib/gcc/arm-elf/4.3.0/../../../../arm-elf/lib/thumb/libc.a(lib_a-mallocr.o)
 .glue_7t       0x0000000008004018        0x0 /usr/local/lib/gcc/arm-elf/4.3.0/../../../../arm-elf/lib/thumb/libc.a(lib_a-mlock.o)
 .glue_7t       0x0000000008004018        0x0 /usr/local/lib/gcc/arm-elf/4.3.0/../../../../arm-elf/lib/thumb/libc.a(lib_a-sbrkr.o)
 .glue_7t       0x0000000008004018        0x0 /usr/local/lib/gcc/arm-elf/4.3.0/../../../../arm-elf/lib/thumb/libc.a(lib_a-freer.o)
 .glue_7t       0x0000000008004018        0x0 /usr/local/lib/gcc/arm-elf/4.3.0/../../../../arm-elf/lib/thumb/libc.a(lib_a-reent.o)
 .glue_7t       0x0000000008004018        0x0 /usr/local/lib/gcc/arm-elf/4.3.0/thumb/crtend.o
 .glue_7t       0x0000000008004018        0x0 /usr/local/lib/gcc/arm-elf/4.3.0/thumb/crtn.o
                0x0000000008004018                . = ALIGN (0x4)
                0x0000000008004018                _etext = .
                0x0000000008004018                _sidata = _etext

.vfp11_veneer   0x0000000020000000        0x0
 .vfp11_veneer  0x0000000020000000        0x0 /usr/local/lib/gcc/arm-elf/4.3.0/thumb/crti.o
 .vfp11_veneer  0x0000000020000000        0x0 /usr/local/lib/gcc/arm-elf/4.3.0/thumb/crtbegin.o
 .vfp11_veneer  0x0000000020000000        0x0 /usr/local/lib/gcc/arm-elf/4.3.0/../../../../arm-elf/lib/thumb/crt0.o
 .vfp11_veneer  0x0000000020000000        0x0 main.o
 .vfp11_veneer  0x0000000020000000        0x0 lcd.o
 .vfp11_veneer  0x0000000020000000        0x0 stm32f10x_it.o
 .vfp11_veneer  0x0000000020000000        0x0 lib/libstm32.a(stm32f10x_flash.o)
 .vfp11_veneer  0x0000000020000000        0x0 lib/libstm32.a(stm32f10x_gpio.o)
 .vfp11_veneer  0x0000000020000000        0x0 lib/libstm32.a(stm32f10x_nvic.o)
 .vfp11_veneer  0x0000000020000000        0x0 lib/libstm32.a(stm32f10x_rcc.o)
 .vfp11_veneer  0x0000000020000000        0x0 lib/libstm32.a(stm32f10x_systick.o)
 .vfp11_veneer  0x0000000020000000        0x0 lib/libstm32.a(stm32f10x_tim.o)
 .vfp11_veneer  0x0000000020000000        0x0 lib/libstm32.a(cortexm3_macro.o)
 .vfp11_veneer  0x0000000020000000        0x0 lib/libstm32.a(stm32f10x_vector.o)
 .vfp11_veneer  0x0000000020000000        0x0 /usr/local/lib/gcc/arm-elf/4.3.0/../../../../arm-elf/lib/thumb/libc.a(lib_a-atexit.o)
 .vfp11_veneer  0x0000000020000000        0x0 /usr/local/lib/gcc/arm-elf/4.3.0/../../../../arm-elf/lib/thumb/libc.a(lib_a-exit.o)
 .vfp11_veneer  0x0000000020000000        0x0 /usr/local/lib/gcc/arm-elf/4.3.0/../../../../arm-elf/lib/thumb/libc.a(lib_a-impure.o)
 .vfp11_veneer  0x0000000020000000        0x0 /usr/local/lib/gcc/arm-elf/4.3.0/../../../../arm-elf/lib/thumb/libc.a(lib_a-init.o)
 .vfp11_veneer  0x0000000020000000        0x0 /usr/local/lib/gcc/arm-elf/4.3.0/../../../../arm-elf/lib/thumb/libc.a(lib_a-memset.o)
 .vfp11_veneer  0x0000000020000000        0x0 /usr/local/lib/gcc/arm-elf/4.3.0/../../../../arm-elf/lib/thumb/libc.a(lib_a-__atexit.o)
 .vfp11_veneer  0x0000000020000000        0x0 /usr/local/lib/gcc/arm-elf/4.3.0/../../../../arm-elf/lib/thumb/libc.a(lib_a-__call_atexit.o)
 .vfp11_veneer  0x0000000020000000        0x0 /usr/local/lib/gcc/arm-elf/4.3.0/../../../../arm-elf/lib/thumb/libc.a(lib_a-malloc.o)
 .vfp11_veneer  0x0000000020000000        0x0 /usr/local/lib/gcc/arm-elf/4.3.0/../../../../arm-elf/lib/thumb/libc.a(lib_a-mallocr.o)
 .vfp11_veneer  0x0000000020000000        0x0 /usr/local/lib/gcc/arm-elf/4.3.0/../../../../arm-elf/lib/thumb/libc.a(lib_a-mlock.o)
 .vfp11_veneer  0x0000000020000000        0x0 /usr/local/lib/gcc/arm-elf/4.3.0/../../../../arm-elf/lib/thumb/libc.a(lib_a-sbrkr.o)
 .vfp11_veneer  0x0000000020000000        0x0 /usr/local/lib/gcc/arm-elf/4.3.0/../../../../arm-elf/lib/thumb/libc.a(lib_a-freer.o)
 .vfp11_veneer  0x0000000020000000        0x0 /usr/local/lib/gcc/arm-elf/4.3.0/../../../../arm-elf/lib/thumb/libc.a(lib_a-reent.o)
 .vfp11_veneer  0x0000000020000000        0x0 /usr/local/lib/gcc/arm-elf/4.3.0/thumb/crtend.o
 .vfp11_veneer  0x0000000020000000        0x0 /usr/local/lib/gcc/arm-elf/4.3.0/thumb/crtn.o

.data           0x0000000020000000        0x0 load address 0x0000000008004018
                0x0000000020000000                . = ALIGN (0x4)
                0x0000000020000000                _sdata = .
 *(.data)
 *(.data.*)
                0x0000000020000000                . = ALIGN (0x4)
                0x0000000020000000                _edata = .

.bss            0x0000000020000000       0x30
                0x0000000020000000                . = ALIGN (0x4)
                0x0000000020000000                _sbss = .
 *(.bss)
 .bss           0x0000000020000000        0x8 stm32f10x_it.o
                0x0000000020000000                Tim
                0x0000000020000004                Tim1
 .bss           0x0000000020000008        0x8 lib/libstm32.a(stm32f10x_rcc.o)
 *(COMMON)
 COMMON         0x0000000020000010       0x20 main.o
                0x0000000020000010                HSEStartUpStatus
                0x0000000020000014                TIM_TimeBaseStructure
                0x000000002000001c                TIM_OCInitStructure
                0x0000000020000024                GPIO_InitStructure
                0x0000000020000030                . = ALIGN (0x4)
                0x0000000020000030                _ebss = .
                0x0000000020000030                PROVIDE (end, _ebss)
                0x0000000020000030                PROVIDE (_end, _ebss)

._usrstack      0x0000000020000030      0x100
                0x0000000020000030                . = ALIGN (0x4)
                0x0000000020000030                _susrstack = .
                0x0000000020000130                . = (. + _Minimum_Stack_Size)
 *fill*         0x0000000020000030      0x100 00
                0x0000000020000130                . = ALIGN (0x4)
                0x0000000020000130                _eusrstack = .

.b1text
 *(.b1text)
 *(.b1rodata)
 *(.b1rodata*)

.eb0text
 *(.eb0text)
 *(.eb0rodata)
 *(.eb0rodata*)

.eb1text
 *(.eb1text)
 *(.eb1rodata)
 *(.eb1rodata*)

.eb2text
 *(.eb2text)
 *(.eb2rodata)
 *(.eb2rodata*)

.eb3text
 *(.eb3text)
 *(.eb3rodata)
 *(.eb3rodata*)
                0x0000000020000130                __exidx_start = .
                0x0000000020000130                __exidx_end = .

/DISCARD/
 libc.a(*)
 libm.a(*)
 libgcc.a(*)

.stab
 *(.stab)

.stabstr
 *(.stabstr)

.stab.excl
 *(.stab.excl)

.stab.exclstr
 *(.stab.exclstr)

.stab.index
 *(.stab.index)

.stab.indexstr
 *(.stab.indexstr)

.comment        0x0000000000000000      0x1c2
 *(.comment)
 .comment       0x0000000000000000       0x12 /usr/local/lib/gcc/arm-elf/4.3.0/thumb/crtbegin.o
 .comment       0x0000000000000012       0x12 main.o
 .comment       0x0000000000000024       0x12 lcd.o
 .comment       0x0000000000000036       0x12 stm32f10x_it.o
 .comment       0x0000000000000048       0x12 lib/libstm32.a(stm32f10x_flash.o)
 .comment       0x000000000000005a       0x12 lib/libstm32.a(stm32f10x_gpio.o)
 .comment       0x000000000000006c       0x12 lib/libstm32.a(stm32f10x_nvic.o)
 .comment       0x000000000000007e       0x12 lib/libstm32.a(stm32f10x_rcc.o)
 .comment       0x0000000000000090       0x12 lib/libstm32.a(stm32f10x_systick.o)
 .comment       0x00000000000000a2       0x12 lib/libstm32.a(stm32f10x_tim.o)
 .comment       0x00000000000000b4       0x12 lib/libstm32.a(stm32f10x_vector.o)
 .comment       0x00000000000000c6       0x12 /usr/local/lib/gcc/arm-elf/4.3.0/../../../../arm-elf/lib/thumb/libc.a(lib_a-atexit.o)
 .comment       0x00000000000000d8       0x12 /usr/local/lib/gcc/arm-elf/4.3.0/../../../../arm-elf/lib/thumb/libc.a(lib_a-exit.o)
 .comment       0x00000000000000ea       0x12 /usr/local/lib/gcc/arm-elf/4.3.0/../../../../arm-elf/lib/thumb/libc.a(lib_a-impure.o)
 .comment       0x00000000000000fc       0x12 /usr/local/lib/gcc/arm-elf/4.3.0/../../../../arm-elf/lib/thumb/libc.a(lib_a-init.o)
 .comment       0x000000000000010e       0x12 /usr/local/lib/gcc/arm-elf/4.3.0/../../../../arm-elf/lib/thumb/libc.a(lib_a-memset.o)
 .comment       0x0000000000000120       0x12 /usr/local/lib/gcc/arm-elf/4.3.0/../../../../arm-elf/lib/thumb/libc.a(lib_a-__atexit.o)
 .comment       0x0000000000000132       0x12 /usr/local/lib/gcc/arm-elf/4.3.0/../../../../arm-elf/lib/thumb/libc.a(lib_a-__call_atexit.o)
 .comment       0x0000000000000144       0x12 /usr/local/lib/gcc/arm-elf/4.3.0/../../../../arm-elf/lib/thumb/libc.a(lib_a-malloc.o)
 .comment       0x0000000000000156       0x12 /usr/local/lib/gcc/arm-elf/4.3.0/../../../../arm-elf/lib/thumb/libc.a(lib_a-mallocr.o)
 .comment       0x0000000000000168       0x12 /usr/local/lib/gcc/arm-elf/4.3.0/../../../../arm-elf/lib/thumb/libc.a(lib_a-mlock.o)
 .comment       0x000000000000017a       0x12 /usr/local/lib/gcc/arm-elf/4.3.0/../../../../arm-elf/lib/thumb/libc.a(lib_a-sbrkr.o)
 .comment       0x000000000000018c       0x12 /usr/local/lib/gcc/arm-elf/4.3.0/../../../../arm-elf/lib/thumb/libc.a(lib_a-freer.o)
 .comment       0x000000000000019e       0x12 /usr/local/lib/gcc/arm-elf/4.3.0/../../../../arm-elf/lib/thumb/libc.a(lib_a-reent.o)
 .comment       0x00000000000001b0       0x12 /usr/local/lib/gcc/arm-elf/4.3.0/thumb/crtend.o

.debug
 *(.debug)

.line
 *(.line)

.debug_srcinfo
 *(.debug_srcinfo)

.debug_sfnames
 *(.debug_sfnames)

.debug_aranges  0x0000000000000000      0x350
 *(.debug_aranges)
 .debug_aranges
                0x0000000000000000       0x28 /usr/local/lib/gcc/arm-elf/4.3.0/thumb/crti.o
 .debug_aranges
                0x0000000000000028       0x20 /usr/local/lib/gcc/arm-elf/4.3.0/../../../../arm-elf/lib/thumb/crt0.o
 .debug_aranges
                0x0000000000000048       0x20 main.o
 .debug_aranges
                0x0000000000000068       0x20 lcd.o
 .debug_aranges
                0x0000000000000088       0x20 stm32f10x_it.o
 .debug_aranges
                0x00000000000000a8       0x20 lib/libstm32.a(stm32f10x_flash.o)
 .debug_aranges
                0x00000000000000c8       0x20 lib/libstm32.a(stm32f10x_gpio.o)
 .debug_aranges
                0x00000000000000e8       0x20 lib/libstm32.a(stm32f10x_nvic.o)
 .debug_aranges
                0x0000000000000108       0x20 lib/libstm32.a(stm32f10x_rcc.o)
 .debug_aranges
                0x0000000000000128       0x20 lib/libstm32.a(stm32f10x_systick.o)
 .debug_aranges
                0x0000000000000148       0x20 lib/libstm32.a(stm32f10x_tim.o)
 .debug_aranges
                0x0000000000000168       0x20 lib/libstm32.a(cortexm3_macro.o)
 .debug_aranges
                0x0000000000000188       0x20 lib/libstm32.a(stm32f10x_vector.o)
 .debug_aranges
                0x00000000000001a8       0x20 /usr/local/lib/gcc/arm-elf/4.3.0/../../../../arm-elf/lib/thumb/libc.a(lib_a-atexit.o)
 .debug_aranges
                0x00000000000001c8       0x20 /usr/local/lib/gcc/arm-elf/4.3.0/../../../../arm-elf/lib/thumb/libc.a(lib_a-exit.o)
 .debug_aranges
                0x00000000000001e8       0x20 /usr/local/lib/gcc/arm-elf/4.3.0/../../../../arm-elf/lib/thumb/libc.a(lib_a-init.o)
 .debug_aranges
                0x0000000000000208       0x20 /usr/local/lib/gcc/arm-elf/4.3.0/../../../../arm-elf/lib/thumb/libc.a(lib_a-memset.o)
 .debug_aranges
                0x0000000000000228       0x20 /usr/local/lib/gcc/arm-elf/4.3.0/../../../../arm-elf/lib/thumb/libc.a(lib_a-__atexit.o)
 .debug_aranges
                0x0000000000000248       0x20 /usr/local/lib/gcc/arm-elf/4.3.0/../../../../arm-elf/lib/thumb/libc.a(lib_a-__call_atexit.o)
 .debug_aranges
                0x0000000000000268       0x20 /usr/local/lib/gcc/arm-elf/4.3.0/../../../../arm-elf/lib/thumb/libc.a(lib_a-malloc.o)
 .debug_aranges
                0x0000000000000288       0x20 /usr/local/lib/gcc/arm-elf/4.3.0/../../../../arm-elf/lib/thumb/libc.a(lib_a-mallocr.o)
 .debug_aranges
                0x00000000000002a8       0x20 /usr/local/lib/gcc/arm-elf/4.3.0/../../../../arm-elf/lib/thumb/libc.a(lib_a-mlock.o)
 .debug_aranges
                0x00000000000002c8       0x20 /usr/local/lib/gcc/arm-elf/4.3.0/../../../../arm-elf/lib/thumb/libc.a(lib_a-sbrkr.o)
 .debug_aranges
                0x00000000000002e8       0x20 /usr/local/lib/gcc/arm-elf/4.3.0/../../../../arm-elf/lib/thumb/libc.a(lib_a-freer.o)
 .debug_aranges
                0x0000000000000308       0x20 /usr/local/lib/gcc/arm-elf/4.3.0/../../../../arm-elf/lib/thumb/libc.a(lib_a-reent.o)
 .debug_aranges
                0x0000000000000328       0x28 /usr/local/lib/gcc/arm-elf/4.3.0/thumb/crtn.o

.debug_pubnames
                0x0000000000000000     0x1824
 *(.debug_pubnames)
 .debug_pubnames
                0x0000000000000000       0xb0 main.o
 .debug_pubnames
                0x00000000000000b0       0x8a lcd.o
 .debug_pubnames
                0x000000000000013a      0x4ae stm32f10x_it.o
 .debug_pubnames
                0x00000000000005e8       0x60 lib/libstm32.a(stm32f10x_flash.o)
 .debug_pubnames
                0x0000000000000648      0x17b lib/libstm32.a(stm32f10x_gpio.o)
 .debug_pubnames
                0x00000000000007c3      0x360 lib/libstm32.a(stm32f10x_nvic.o)
 .debug_pubnames
                0x0000000000000b23      0x2c4 lib/libstm32.a(stm32f10x_rcc.o)
 .debug_pubnames
                0x0000000000000de7       0xa1 lib/libstm32.a(stm32f10x_systick.o)
 .debug_pubnames
                0x0000000000000e88      0x67d lib/libstm32.a(stm32f10x_tim.o)
 .debug_pubnames
                0x0000000000001505       0x35 lib/libstm32.a(stm32f10x_vector.o)
 .debug_pubnames
                0x000000000000153a       0x1d /usr/local/lib/gcc/arm-elf/4.3.0/../../../../arm-elf/lib/thumb/libc.a(lib_a-atexit.o)
 .debug_pubnames
                0x0000000000001557       0x1b /usr/local/lib/gcc/arm-elf/4.3.0/../../../../arm-elf/lib/thumb/libc.a(lib_a-exit.o)
 .debug_pubnames
                0x0000000000001572       0x39 /usr/local/lib/gcc/arm-elf/4.3.0/../../../../arm-elf/lib/thumb/libc.a(lib_a-impure.o)
 .debug_pubnames
                0x00000000000015ab       0x3e /usr/local/lib/gcc/arm-elf/4.3.0/../../../../arm-elf/lib/thumb/libc.a(lib_a-init.o)
 .debug_pubnames
                0x00000000000015e9       0x1d /usr/local/lib/gcc/arm-elf/4.3.0/../../../../arm-elf/lib/thumb/libc.a(lib_a-memset.o)
 .debug_pubnames
                0x0000000000001606       0x2a /usr/local/lib/gcc/arm-elf/4.3.0/../../../../arm-elf/lib/thumb/libc.a(lib_a-__atexit.o)
 .debug_pubnames
                0x0000000000001630       0x27 /usr/local/lib/gcc/arm-elf/4.3.0/../../../../arm-elf/lib/thumb/libc.a(lib_a-__call_atexit.o)
 .debug_pubnames
                0x0000000000001657       0x26 /usr/local/lib/gcc/arm-elf/4.3.0/../../../../arm-elf/lib/thumb/libc.a(lib_a-malloc.o)
 .debug_pubnames
                0x000000000000167d       0xce /usr/local/lib/gcc/arm-elf/4.3.0/../../../../arm-elf/lib/thumb/libc.a(lib_a-mallocr.o)
 .debug_pubnames
                0x000000000000174b       0x38 /usr/local/lib/gcc/arm-elf/4.3.0/../../../../arm-elf/lib/thumb/libc.a(lib_a-mlock.o)
 .debug_pubnames
                0x0000000000001783       0x1e /usr/local/lib/gcc/arm-elf/4.3.0/../../../../arm-elf/lib/thumb/libc.a(lib_a-sbrkr.o)
 .debug_pubnames
                0x00000000000017a1       0x31 /usr/local/lib/gcc/arm-elf/4.3.0/../../../../arm-elf/lib/thumb/libc.a(lib_a-freer.o)
 .debug_pubnames
                0x00000000000017d2       0x52 /usr/local/lib/gcc/arm-elf/4.3.0/../../../../arm-elf/lib/thumb/libc.a(lib_a-reent.o)

.debug_info     0x0000000000000000     0xb0fa
 *(.debug_info .gnu.linkonce.wi.*)
 .debug_info    0x0000000000000000       0x6b /usr/local/lib/gcc/arm-elf/4.3.0/thumb/crti.o
 .debug_info    0x000000000000006b       0xcf /usr/local/lib/gcc/arm-elf/4.3.0/../../../../arm-elf/lib/thumb/crt0.o
 .debug_info    0x000000000000013a      0x7b6 main.o
 .debug_info    0x00000000000008f0      0x4a7 lcd.o
 .debug_info    0x0000000000000d97      0x4e9 stm32f10x_it.o
 .debug_info    0x0000000000001280      0x15b lib/libstm32.a(stm32f10x_flash.o)
 .debug_info    0x00000000000013db      0x670 lib/libstm32.a(stm32f10x_gpio.o)
 .debug_info    0x0000000000001a4b      0x91f lib/libstm32.a(stm32f10x_nvic.o)
 .debug_info    0x000000000000236a      0x88d lib/libstm32.a(stm32f10x_rcc.o)
 .debug_info    0x0000000000002bf7      0x203 lib/libstm32.a(stm32f10x_systick.o)
 .debug_info    0x0000000000002dfa     0x19b7 lib/libstm32.a(stm32f10x_tim.o)
 .debug_info    0x00000000000047b1       0x5e lib/libstm32.a(cortexm3_macro.o)
 .debug_info    0x000000000000480f       0xe5 lib/libstm32.a(stm32f10x_vector.o)
 .debug_info    0x00000000000048f4       0xc1 /usr/local/lib/gcc/arm-elf/4.3.0/../../../../arm-elf/lib/thumb/libc.a(lib_a-atexit.o)
 .debug_info    0x00000000000049b5      0x937 /usr/local/lib/gcc/arm-elf/4.3.0/../../../../arm-elf/lib/thumb/libc.a(lib_a-exit.o)
 .debug_info    0x00000000000052ec      0x935 /usr/local/lib/gcc/arm-elf/4.3.0/../../../../arm-elf/lib/thumb/libc.a(lib_a-impure.o)
 .debug_info    0x0000000000005c21      0x14a /usr/local/lib/gcc/arm-elf/4.3.0/../../../../arm-elf/lib/thumb/libc.a(lib_a-init.o)
 .debug_info    0x0000000000005d6b      0x111 /usr/local/lib/gcc/arm-elf/4.3.0/../../../../arm-elf/lib/thumb/libc.a(lib_a-memset.o)
 .debug_info    0x0000000000005e7c      0x9a2 /usr/local/lib/gcc/arm-elf/4.3.0/../../../../arm-elf/lib/thumb/libc.a(lib_a-__atexit.o)
 .debug_info    0x000000000000681e      0x9b7 /usr/local/lib/gcc/arm-elf/4.3.0/../../../../arm-elf/lib/thumb/libc.a(lib_a-__call_atexit.o)
 .debug_info    0x00000000000071d5      0x96a /usr/local/lib/gcc/arm-elf/4.3.0/../../../../arm-elf/lib/thumb/libc.a(lib_a-malloc.o)
 .debug_info    0x0000000000007b3f      0xcc8 /usr/local/lib/gcc/arm-elf/4.3.0/../../../../arm-elf/lib/thumb/libc.a(lib_a-mallocr.o)
 .debug_info    0x0000000000008807      0x94f /usr/local/lib/gcc/arm-elf/4.3.0/../../../../arm-elf/lib/thumb/libc.a(lib_a-mlock.o)
 .debug_info    0x0000000000009156      0x95e /usr/local/lib/gcc/arm-elf/4.3.0/../../../../arm-elf/lib/thumb/libc.a(lib_a-sbrkr.o)
 .debug_info    0x0000000000009ab4      0xbc1 /usr/local/lib/gcc/arm-elf/4.3.0/../../../../arm-elf/lib/thumb/libc.a(lib_a-freer.o)
 .debug_info    0x000000000000a675      0xa1a /usr/local/lib/gcc/arm-elf/4.3.0/../../../../arm-elf/lib/thumb/libc.a(lib_a-reent.o)
 .debug_info    0x000000000000b08f       0x6b /usr/local/lib/gcc/arm-elf/4.3.0/thumb/crtn.o

.debug_abbrev   0x0000000000000000     0x1fa7
 *(.debug_abbrev)
 .debug_abbrev  0x0000000000000000       0x12 /usr/local/lib/gcc/arm-elf/4.3.0/thumb/crti.o
 .debug_abbrev  0x0000000000000012       0x14 /usr/local/lib/gcc/arm-elf/4.3.0/../../../../arm-elf/lib/thumb/crt0.o
 .debug_abbrev  0x0000000000000026      0x18b main.o
 .debug_abbrev  0x00000000000001b1      0x1bd lcd.o
 .debug_abbrev  0x000000000000036e       0x86 stm32f10x_it.o
 .debug_abbrev  0x00000000000003f4       0xa2 lib/libstm32.a(stm32f10x_flash.o)
 .debug_abbrev  0x0000000000000496      0x189 lib/libstm32.a(stm32f10x_gpio.o)
 .debug_abbrev  0x000000000000061f      0x1df lib/libstm32.a(stm32f10x_nvic.o)
 .debug_abbrev  0x00000000000007fe      0x1bb lib/libstm32.a(stm32f10x_rcc.o)
 .debug_abbrev  0x00000000000009b9      0x10c lib/libstm32.a(stm32f10x_systick.o)
 .debug_abbrev  0x0000000000000ac5      0x185 lib/libstm32.a(stm32f10x_tim.o)
 .debug_abbrev  0x0000000000000c4a       0x14 lib/libstm32.a(cortexm3_macro.o)
 .debug_abbrev  0x0000000000000c5e       0xa8 lib/libstm32.a(stm32f10x_vector.o)
 .debug_abbrev  0x0000000000000d06       0x7f /usr/local/lib/gcc/arm-elf/4.3.0/../../../../arm-elf/lib/thumb/libc.a(lib_a-atexit.o)
 .debug_abbrev  0x0000000000000d85      0x175 /usr/local/lib/gcc/arm-elf/4.3.0/../../../../arm-elf/lib/thumb/libc.a(lib_a-exit.o)
 .debug_abbrev  0x0000000000000efa      0x15e /usr/local/lib/gcc/arm-elf/4.3.0/../../../../arm-elf/lib/thumb/libc.a(lib_a-impure.o)
 .debug_abbrev  0x0000000000001058       0xa2 /usr/local/lib/gcc/arm-elf/4.3.0/../../../../arm-elf/lib/thumb/libc.a(lib_a-init.o)
 .debug_abbrev  0x00000000000010fa       0xa1 /usr/local/lib/gcc/arm-elf/4.3.0/../../../../arm-elf/lib/thumb/libc.a(lib_a-memset.o)
 .debug_abbrev  0x000000000000119b      0x1ba /usr/local/lib/gcc/arm-elf/4.3.0/../../../../arm-elf/lib/thumb/libc.a(lib_a-__atexit.o)
 .debug_abbrev  0x0000000000001355      0x1ce /usr/local/lib/gcc/arm-elf/4.3.0/../../../../arm-elf/lib/thumb/libc.a(lib_a-__call_atexit.o)
 .debug_abbrev  0x0000000000001523      0x18e /usr/local/lib/gcc/arm-elf/4.3.0/../../../../arm-elf/lib/thumb/libc.a(lib_a-malloc.o)
 .debug_abbrev  0x00000000000016b1      0x21d /usr/local/lib/gcc/arm-elf/4.3.0/../../../../arm-elf/lib/thumb/libc.a(lib_a-mallocr.o)
 .debug_abbrev  0x00000000000018ce      0x171 /usr/local/lib/gcc/arm-elf/4.3.0/../../../../arm-elf/lib/thumb/libc.a(lib_a-mlock.o)
 .debug_abbrev  0x0000000000001a3f      0x195 /usr/local/lib/gcc/arm-elf/4.3.0/../../../../arm-elf/lib/thumb/libc.a(lib_a-sbrkr.o)
 .debug_abbrev  0x0000000000001bd4      0x1e0 /usr/local/lib/gcc/arm-elf/4.3.0/../../../../arm-elf/lib/thumb/libc.a(lib_a-freer.o)
 .debug_abbrev  0x0000000000001db4      0x1e1 /usr/local/lib/gcc/arm-elf/4.3.0/../../../../arm-elf/lib/thumb/libc.a(lib_a-reent.o)
 .debug_abbrev  0x0000000000001f95       0x12 /usr/local/lib/gcc/arm-elf/4.3.0/thumb/crtn.o

.debug_line     0x0000000000000000     0x1f71
 *(.debug_line)
 .debug_line    0x0000000000000000       0x49 /usr/local/lib/gcc/arm-elf/4.3.0/thumb/crti.o
 .debug_line    0x0000000000000049       0xc3 /usr/local/lib/gcc/arm-elf/4.3.0/../../../../arm-elf/lib/thumb/crt0.o
 .debug_line    0x000000000000010c       0xea main.o
 .debug_line    0x00000000000001f6      0x175 lcd.o
 .debug_line    0x000000000000036b      0x109 stm32f10x_it.o
 .debug_line    0x0000000000000474       0x88 lib/libstm32.a(stm32f10x_flash.o)
 .debug_line    0x00000000000004fc      0x140 lib/libstm32.a(stm32f10x_gpio.o)
 .debug_line    0x000000000000063c      0x190 lib/libstm32.a(stm32f10x_nvic.o)
 .debug_line    0x00000000000007cc      0x194 lib/libstm32.a(stm32f10x_rcc.o)
 .debug_line    0x0000000000000960       0xa8 lib/libstm32.a(stm32f10x_systick.o)
 .debug_line    0x0000000000000a08      0x34f lib/libstm32.a(stm32f10x_tim.o)
 .debug_line    0x0000000000000d57       0x9a lib/libstm32.a(cortexm3_macro.o)
 .debug_line    0x0000000000000df1       0x53 lib/libstm32.a(stm32f10x_vector.o)
 .debug_line    0x0000000000000e44       0x94 /usr/local/lib/gcc/arm-elf/4.3.0/../../../../arm-elf/lib/thumb/libc.a(lib_a-atexit.o)
 .debug_line    0x0000000000000ed8      0x131 /usr/local/lib/gcc/arm-elf/4.3.0/../../../../arm-elf/lib/thumb/libc.a(lib_a-exit.o)
 .debug_line    0x0000000000001009      0x11d /usr/local/lib/gcc/arm-elf/4.3.0/../../../../arm-elf/lib/thumb/libc.a(lib_a-impure.o)
 .debug_line    0x0000000000001126       0xcf /usr/local/lib/gcc/arm-elf/4.3.0/../../../../arm-elf/lib/thumb/libc.a(lib_a-init.o)
 .debug_line    0x00000000000011f5       0xee /usr/local/lib/gcc/arm-elf/4.3.0/../../../../arm-elf/lib/thumb/libc.a(lib_a-memset.o)
 .debug_line    0x00000000000012e3      0x16c /usr/local/lib/gcc/arm-elf/4.3.0/../../../../arm-elf/lib/thumb/libc.a(lib_a-__atexit.o)
 .debug_line    0x000000000000144f      0x195 /usr/local/lib/gcc/arm-elf/4.3.0/../../../../arm-elf/lib/thumb/libc.a(lib_a-__call_atexit.o)
 .debug_line    0x00000000000015e4      0x139 /usr/local/lib/gcc/arm-elf/4.3.0/../../../../arm-elf/lib/thumb/libc.a(lib_a-malloc.o)
 .debug_line    0x000000000000171d      0x278 /usr/local/lib/gcc/arm-elf/4.3.0/../../../../arm-elf/lib/thumb/libc.a(lib_a-mallocr.o)
 .debug_line    0x0000000000001995      0x12f /usr/local/lib/gcc/arm-elf/4.3.0/../../../../arm-elf/lib/thumb/libc.a(lib_a-mlock.o)
 .debug_line    0x0000000000001ac4      0x132 /usr/local/lib/gcc/arm-elf/4.3.0/../../../../arm-elf/lib/thumb/libc.a(lib_a-sbrkr.o)
 .debug_line    0x0000000000001bf6      0x197 /usr/local/lib/gcc/arm-elf/4.3.0/../../../../arm-elf/lib/thumb/libc.a(lib_a-freer.o)
 .debug_line    0x0000000000001d8d      0x168 /usr/local/lib/gcc/arm-elf/4.3.0/../../../../arm-elf/lib/thumb/libc.a(lib_a-reent.o)
 .debug_line    0x0000000000001ef5       0x7c /usr/local/lib/gcc/arm-elf/4.3.0/thumb/crtn.o

.debug_frame    0x0000000000000000     0x1d00
 *(.debug_frame)
 .debug_frame   0x0000000000000000       0x9c main.o
 .debug_frame   0x000000000000009c      0x204 lcd.o
 .debug_frame   0x00000000000002a0      0x4f0 stm32f10x_it.o
 .debug_frame   0x0000000000000790       0x64 lib/libstm32.a(stm32f10x_flash.o)
 .debug_frame   0x00000000000007f4      0x1f0 lib/libstm32.a(stm32f10x_gpio.o)
 .debug_frame   0x00000000000009e4      0x34c lib/libstm32.a(stm32f10x_nvic.o)
 .debug_frame   0x0000000000000d30      0x388 lib/libstm32.a(stm32f10x_rcc.o)
 .debug_frame   0x00000000000010b8       0xb4 lib/libstm32.a(stm32f10x_systick.o)
 .debug_frame   0x000000000000116c      0x898 lib/libstm32.a(stm32f10x_tim.o)
 .debug_frame   0x0000000000001a04       0x34 lib/libstm32.a(stm32f10x_vector.o)
 .debug_frame   0x0000000000001a38       0x28 /usr/local/lib/gcc/arm-elf/4.3.0/../../../../arm-elf/lib/thumb/libc.a(lib_a-atexit.o)
 .debug_frame   0x0000000000001a60       0x28 /usr/local/lib/gcc/arm-elf/4.3.0/../../../../arm-elf/lib/thumb/libc.a(lib_a-exit.o)
 .debug_frame   0x0000000000001a88       0x48 /usr/local/lib/gcc/arm-elf/4.3.0/../../../../arm-elf/lib/thumb/libc.a(lib_a-init.o)
 .debug_frame   0x0000000000001ad0       0x2c /usr/local/lib/gcc/arm-elf/4.3.0/../../../../arm-elf/lib/thumb/libc.a(lib_a-memset.o)
 .debug_frame   0x0000000000001afc       0x34 /usr/local/lib/gcc/arm-elf/4.3.0/../../../../arm-elf/lib/thumb/libc.a(lib_a-__atexit.o)
 .debug_frame   0x0000000000001b30       0x3c /usr/local/lib/gcc/arm-elf/4.3.0/../../../../arm-elf/lib/thumb/libc.a(lib_a-__call_atexit.o)
 .debug_frame   0x0000000000001b6c       0x40 /usr/local/lib/gcc/arm-elf/4.3.0/../../../../arm-elf/lib/thumb/libc.a(lib_a-malloc.o)
 .debug_frame   0x0000000000001bac       0x3c /usr/local/lib/gcc/arm-elf/4.3.0/../../../../arm-elf/lib/thumb/libc.a(lib_a-mallocr.o)
 .debug_frame   0x0000000000001be8       0x30 /usr/local/lib/gcc/arm-elf/4.3.0/../../../../arm-elf/lib/thumb/libc.a(lib_a-mlock.o)
 .debug_frame   0x0000000000001c18       0x2c /usr/local/lib/gcc/arm-elf/4.3.0/../../../../arm-elf/lib/thumb/libc.a(lib_a-sbrkr.o)
 .debug_frame   0x0000000000001c44       0x54 /usr/local/lib/gcc/arm-elf/4.3.0/../../../../arm-elf/lib/thumb/libc.a(lib_a-freer.o)
 .debug_frame   0x0000000000001c98       0x68 /usr/local/lib/gcc/arm-elf/4.3.0/../../../../arm-elf/lib/thumb/libc.a(lib_a-reent.o)

.debug_str      0x0000000000000000     0x28e3
 *(.debug_str)
 .debug_str     0x0000000000000000      0x45a main.o
                                        0x499 (size before relaxing)
 .debug_str     0x000000000000045a       0xa2 lcd.o
                                        0x288 (size before relaxing)
 .debug_str     0x00000000000004fc      0x3ca stm32f10x_it.o
                                        0x44c (size before relaxing)
 .debug_str     0x00000000000008c6       0x95 lib/libstm32.a(stm32f10x_flash.o)
                                        0x12d (size before relaxing)
 .debug_str     0x000000000000095b      0x224 lib/libstm32.a(stm32f10x_gpio.o)
                                        0x3c0 (size before relaxing)
 .debug_str     0x0000000000000b7f      0x486 lib/libstm32.a(stm32f10x_nvic.o)
                                        0x5c6 (size before relaxing)
 .debug_str     0x0000000000001005      0x3da lib/libstm32.a(stm32f10x_rcc.o)
                                        0x50b (size before relaxing)
 .debug_str     0x00000000000013df       0xd2 lib/libstm32.a(stm32f10x_systick.o)
                                        0x1a3 (size before relaxing)
 .debug_str     0x00000000000014b1      0x87a lib/libstm32.a(stm32f10x_tim.o)
                                        0xb32 (size before relaxing)
 .debug_str     0x0000000000001d2b       0x6f lib/libstm32.a(stm32f10x_vector.o)
                                         0xac (size before relaxing)
 .debug_str     0x0000000000001d9a       0x86 /usr/local/lib/gcc/arm-elf/4.3.0/../../../../arm-elf/lib/thumb/libc.a(lib_a-atexit.o)
                                        0x122 (size before relaxing)
 .debug_str     0x0000000000001e20      0x3ce /usr/local/lib/gcc/arm-elf/4.3.0/../../../../arm-elf/lib/thumb/libc.a(lib_a-exit.o)
                                        0x49b (size before relaxing)
 .debug_str     0x00000000000021ee       0x61 /usr/local/lib/gcc/arm-elf/4.3.0/../../../../arm-elf/lib/thumb/libc.a(lib_a-impure.o)
                                        0x4aa (size before relaxing)
 .debug_str     0x000000000000224f       0xef /usr/local/lib/gcc/arm-elf/4.3.0/../../../../arm-elf/lib/thumb/libc.a(lib_a-init.o)
                                        0x18a (size before relaxing)
 .debug_str     0x000000000000233e       0x71 /usr/local/lib/gcc/arm-elf/4.3.0/../../../../arm-elf/lib/thumb/libc.a(lib_a-memset.o)
                                        0x10d (size before relaxing)
 .debug_str     0x00000000000023af       0x71 /usr/local/lib/gcc/arm-elf/4.3.0/../../../../arm-elf/lib/thumb/libc.a(lib_a-__atexit.o)
                                        0x4e3 (size before relaxing)
 .debug_str     0x0000000000002420       0x7c /usr/local/lib/gcc/arm-elf/4.3.0/../../../../arm-elf/lib/thumb/libc.a(lib_a-__call_atexit.o)
                                        0x4c3 (size before relaxing)
 .debug_str     0x000000000000249c       0x67 /usr/local/lib/gcc/arm-elf/4.3.0/../../../../arm-elf/lib/thumb/libc.a(lib_a-malloc.o)
                                        0x4ab (size before relaxing)
 .debug_str     0x0000000000002503      0x223 /usr/local/lib/gcc/arm-elf/4.3.0/../../../../arm-elf/lib/thumb/libc.a(lib_a-mallocr.o)
                                        0x680 (size before relaxing)
 .debug_str     0x0000000000002726       0x88 /usr/local/lib/gcc/arm-elf/4.3.0/../../../../arm-elf/lib/thumb/libc.a(lib_a-mlock.o)
                                        0x4b2 (size before relaxing)
 .debug_str     0x00000000000027ae       0x6b /usr/local/lib/gcc/arm-elf/4.3.0/../../../../arm-elf/lib/thumb/libc.a(lib_a-sbrkr.o)
                                        0x49b (size before relaxing)
 .debug_str     0x0000000000002819       0x3c /usr/local/lib/gcc/arm-elf/4.3.0/../../../../arm-elf/lib/thumb/libc.a(lib_a-freer.o)
                                        0x5d2 (size before relaxing)
 .debug_str     0x0000000000002855       0x8e /usr/local/lib/gcc/arm-elf/4.3.0/../../../../arm-elf/lib/thumb/libc.a(lib_a-reent.o)
                                        0x4cf (size before relaxing)

.debug_loc      0x0000000000000000     0x43ef
 *(.debug_loc)
 .debug_loc     0x0000000000000000       0xef main.o
 .debug_loc     0x00000000000000ef      0x358 lcd.o
 .debug_loc     0x0000000000000447      0x8bc stm32f10x_it.o
 .debug_loc     0x0000000000000d03       0xa5 lib/libstm32.a(stm32f10x_flash.o)
 .debug_loc     0x0000000000000da8      0x39b lib/libstm32.a(stm32f10x_gpio.o)
 .debug_loc     0x0000000000001143      0x606 lib/libstm32.a(stm32f10x_nvic.o)
 .debug_loc     0x0000000000001749      0x6bc lib/libstm32.a(stm32f10x_rcc.o)
 .debug_loc     0x0000000000001e05      0x13e lib/libstm32.a(stm32f10x_systick.o)
 .debug_loc     0x0000000000001f43     0x108b lib/libstm32.a(stm32f10x_tim.o)
 .debug_loc     0x0000000000002fce       0x37 lib/libstm32.a(stm32f10x_vector.o)
 .debug_loc     0x0000000000003005       0x3d /usr/local/lib/gcc/arm-elf/4.3.0/../../../../arm-elf/lib/thumb/libc.a(lib_a-atexit.o)
 .debug_loc     0x0000000000003042       0x3d /usr/local/lib/gcc/arm-elf/4.3.0/../../../../arm-elf/lib/thumb/libc.a(lib_a-exit.o)
 .debug_loc     0x000000000000307f       0x8a /usr/local/lib/gcc/arm-elf/4.3.0/../../../../arm-elf/lib/thumb/libc.a(lib_a-init.o)
 .debug_loc     0x0000000000003109      0x128 /usr/local/lib/gcc/arm-elf/4.3.0/../../../../arm-elf/lib/thumb/libc.a(lib_a-memset.o)
 .debug_loc     0x0000000000003231      0x103 /usr/local/lib/gcc/arm-elf/4.3.0/../../../../arm-elf/lib/thumb/libc.a(lib_a-__atexit.o)
 .debug_loc     0x0000000000003334      0x159 /usr/local/lib/gcc/arm-elf/4.3.0/../../../../arm-elf/lib/thumb/libc.a(lib_a-__call_atexit.o)
 .debug_loc     0x000000000000348d       0x7a /usr/local/lib/gcc/arm-elf/4.3.0/../../../../arm-elf/lib/thumb/libc.a(lib_a-malloc.o)
 .debug_loc     0x0000000000003507      0x909 /usr/local/lib/gcc/arm-elf/4.3.0/../../../../arm-elf/lib/thumb/libc.a(lib_a-mallocr.o)
 .debug_loc     0x0000000000003e10       0x79 /usr/local/lib/gcc/arm-elf/4.3.0/../../../../arm-elf/lib/thumb/libc.a(lib_a-sbrkr.o)
 .debug_loc     0x0000000000003e89      0x37f /usr/local/lib/gcc/arm-elf/4.3.0/../../../../arm-elf/lib/thumb/libc.a(lib_a-freer.o)
 .debug_loc     0x0000000000004208      0x1e7 /usr/local/lib/gcc/arm-elf/4.3.0/../../../../arm-elf/lib/thumb/libc.a(lib_a-reent.o)

.debug_macinfo
 *(.debug_macinfo)

.debug_weaknames
 *(.debug_weaknames)

.debug_funcnames
 *(.debug_funcnames)

.debug_typenames
 *(.debug_typenames)

.debug_varnames
 *(.debug_varnames)
OUTPUT(main.elf elf32-littlearm)

.ARM.attributes
                0x0000000000000000       0x10
 .ARM.attributes
                0x0000000000000000       0x10 /usr/local/lib/gcc/arm-elf/4.3.0/thumb/crti.o
 .ARM.attributes
                0x0000000000000010       0x10 /usr/local/lib/gcc/arm-elf/4.3.0/thumb/crtbegin.o
 .ARM.attributes
                0x0000000000000020       0x10 /usr/local/lib/gcc/arm-elf/4.3.0/../../../../arm-elf/lib/thumb/crt0.o
 .ARM.attributes
                0x0000000000000030       0x10 main.o
 .ARM.attributes
                0x0000000000000040       0x10 lcd.o
 .ARM.attributes
                0x0000000000000050       0x10 stm32f10x_it.o
 .ARM.attributes
                0x0000000000000060       0x10 lib/libstm32.a(stm32f10x_flash.o)
 .ARM.attributes
                0x0000000000000070       0x10 lib/libstm32.a(stm32f10x_gpio.o)
 .ARM.attributes
                0x0000000000000080       0x10 lib/libstm32.a(stm32f10x_nvic.o)
 .ARM.attributes
                0x0000000000000090       0x10 lib/libstm32.a(stm32f10x_rcc.o)
 .ARM.attributes
                0x00000000000000a0       0x10 lib/libstm32.a(stm32f10x_systick.o)
 .ARM.attributes
                0x00000000000000b0       0x10 lib/libstm32.a(stm32f10x_tim.o)
 .ARM.attributes
                0x00000000000000c0       0x10 lib/libstm32.a(cortexm3_macro.o)
 .ARM.attributes
                0x00000000000000d0       0x10 lib/libstm32.a(stm32f10x_vector.o)
 .ARM.attributes
                0x00000000000000e0       0x10 /usr/local/lib/gcc/arm-elf/4.3.0/../../../../arm-elf/lib/thumb/libc.a(lib_a-atexit.o)
 .ARM.attributes
                0x00000000000000f0       0x10 /usr/local/lib/gcc/arm-elf/4.3.0/../../../../arm-elf/lib/thumb/libc.a(lib_a-exit.o)
 .ARM.attributes
                0x0000000000000100       0x10 /usr/local/lib/gcc/arm-elf/4.3.0/../../../../arm-elf/lib/thumb/libc.a(lib_a-impure.o)
 .ARM.attributes
                0x0000000000000110       0x10 /usr/local/lib/gcc/arm-elf/4.3.0/../../../../arm-elf/lib/thumb/libc.a(lib_a-init.o)
 .ARM.attributes
                0x0000000000000120       0x10 /usr/local/lib/gcc/arm-elf/4.3.0/../../../../arm-elf/lib/thumb/libc.a(lib_a-memset.o)
 .ARM.attributes
                0x0000000000000130       0x10 /usr/local/lib/gcc/arm-elf/4.3.0/../../../../arm-elf/lib/thumb/libc.a(lib_a-__atexit.o)
 .ARM.attributes
                0x0000000000000140       0x10 /usr/local/lib/gcc/arm-elf/4.3.0/../../../../arm-elf/lib/thumb/libc.a(lib_a-__call_atexit.o)
 .ARM.attributes
                0x0000000000000150       0x10 /usr/local/lib/gcc/arm-elf/4.3.0/../../../../arm-elf/lib/thumb/libc.a(lib_a-malloc.o)
 .ARM.attributes
                0x0000000000000160       0x10 /usr/local/lib/gcc/arm-elf/4.3.0/../../../../arm-elf/lib/thumb/libc.a(lib_a-mallocr.o)
 .ARM.attributes
                0x0000000000000170       0x10 /usr/local/lib/gcc/arm-elf/4.3.0/../../../../arm-elf/lib/thumb/libc.a(lib_a-mlock.o)
 .ARM.attributes
                0x0000000000000180       0x10 /usr/local/lib/gcc/arm-elf/4.3.0/../../../../arm-elf/lib/thumb/libc.a(lib_a-sbrkr.o)
 .ARM.attributes
                0x0000000000000190       0x10 /usr/local/lib/gcc/arm-elf/4.3.0/../../../../arm-elf/lib/thumb/libc.a(lib_a-freer.o)
 .ARM.attributes
                0x00000000000001a0       0x10 /usr/local/lib/gcc/arm-elf/4.3.0/../../../../arm-elf/lib/thumb/libc.a(lib_a-reent.o)
 .ARM.attributes
                0x00000000000001b0       0x10 /usr/local/lib/gcc/arm-elf/4.3.0/thumb/crtend.o
 .ARM.attributes
                0x00000000000001c0       0x10 /usr/local/lib/gcc/arm-elf/4.3.0/thumb/crtn.o

.debug_ranges   0x0000000000000000       0xf8
 .debug_ranges  0x0000000000000000       0x20 /usr/local/lib/gcc/arm-elf/4.3.0/thumb/crti.o
 .debug_ranges  0x0000000000000020       0x48 /usr/local/lib/gcc/arm-elf/4.3.0/../../../../arm-elf/lib/thumb/libc.a(lib_a-__call_atexit.o)
 .debug_ranges  0x0000000000000068       0x70 /usr/local/lib/gcc/arm-elf/4.3.0/../../../../arm-elf/lib/thumb/libc.a(lib_a-mallocr.o)
 .debug_ranges  0x00000000000000d8       0x20 /usr/local/lib/gcc/arm-elf/4.3.0/thumb/crtn.o

Cross Reference Table

Symbol                                            File
ADC_IRQHandler                                    stm32f10x_it.o
                                                  lib/libstm32.a(stm32f10x_vector.o)
BusFaultException                                 stm32f10x_it.o
                                                  lib/libstm32.a(stm32f10x_vector.o)
CAN_RX1_IRQHandler                                stm32f10x_it.o
                                                  lib/libstm32.a(stm32f10x_vector.o)
CAN_SCE_IRQHandler                                stm32f10x_it.o
                                                  lib/libstm32.a(stm32f10x_vector.o)
DMAChannel1_IRQHandler                            stm32f10x_it.o
                                                  lib/libstm32.a(stm32f10x_vector.o)
DMAChannel2_IRQHandler                            stm32f10x_it.o
                                                  lib/libstm32.a(stm32f10x_vector.o)
DMAChannel3_IRQHandler                            stm32f10x_it.o
                                                  lib/libstm32.a(stm32f10x_vector.o)
DMAChannel4_IRQHandler                            stm32f10x_it.o
                                                  lib/libstm32.a(stm32f10x_vector.o)
DMAChannel5_IRQHandler                            stm32f10x_it.o
                                                  lib/libstm32.a(stm32f10x_vector.o)
DMAChannel6_IRQHandler                            stm32f10x_it.o
                                                  lib/libstm32.a(stm32f10x_vector.o)
DMAChannel7_IRQHandler                            stm32f10x_it.o
                                                  lib/libstm32.a(stm32f10x_vector.o)
DebugMonitor                                      stm32f10x_it.o
                                                  lib/libstm32.a(stm32f10x_vector.o)
Delay                                             main.o
EXTI0_IRQHandler                                  stm32f10x_it.o
                                                  lib/libstm32.a(stm32f10x_vector.o)
EXTI15_10_IRQHandler                              stm32f10x_it.o
                                                  lib/libstm32.a(stm32f10x_vector.o)
EXTI1_IRQHandler                                  stm32f10x_it.o
                                                  lib/libstm32.a(stm32f10x_vector.o)
EXTI2_IRQHandler                                  stm32f10x_it.o
                                                  lib/libstm32.a(stm32f10x_vector.o)
EXTI3_IRQHandler                                  stm32f10x_it.o
                                                  lib/libstm32.a(stm32f10x_vector.o)
EXTI4_IRQHandler                                  stm32f10x_it.o
                                                  lib/libstm32.a(stm32f10x_vector.o)
EXTI9_5_IRQHandler                                stm32f10x_it.o
                                                  lib/libstm32.a(stm32f10x_vector.o)
FLASH_HalfCycleAccessCmd                          lib/libstm32.a(stm32f10x_flash.o)
FLASH_IRQHandler                                  stm32f10x_it.o
                                                  lib/libstm32.a(stm32f10x_vector.o)
FLASH_PrefetchBufferCmd                           lib/libstm32.a(stm32f10x_flash.o)
                                                  main.o
FLASH_SetLatency                                  lib/libstm32.a(stm32f10x_flash.o)
                                                  main.o
GPIO_AFIODeInit                                   lib/libstm32.a(stm32f10x_gpio.o)
GPIO_DeInit                                       lib/libstm32.a(stm32f10x_gpio.o)
GPIO_EXTILineConfig                               lib/libstm32.a(stm32f10x_gpio.o)
GPIO_EventOutputCmd                               lib/libstm32.a(stm32f10x_gpio.o)
GPIO_EventOutputConfig                            lib/libstm32.a(stm32f10x_gpio.o)
GPIO_Init                                         lib/libstm32.a(stm32f10x_gpio.o)
                                                  lcd.o
                                                  main.o
GPIO_InitStructure                                lcd.o
                                                  main.o
GPIO_PinLockConfig                                lib/libstm32.a(stm32f10x_gpio.o)
GPIO_PinRemapConfig                               lib/libstm32.a(stm32f10x_gpio.o)
GPIO_ReadInputData                                lib/libstm32.a(stm32f10x_gpio.o)
                                                  lcd.o
GPIO_ReadInputDataBit                             lib/libstm32.a(stm32f10x_gpio.o)
GPIO_ReadOutputData                               lib/libstm32.a(stm32f10x_gpio.o)
GPIO_ReadOutputDataBit                            lib/libstm32.a(stm32f10x_gpio.o)
GPIO_ResetBits                                    lib/libstm32.a(stm32f10x_gpio.o)
                                                  lcd.o
GPIO_SetBits                                      lib/libstm32.a(stm32f10x_gpio.o)
                                                  lcd.o
GPIO_StructInit                                   lib/libstm32.a(stm32f10x_gpio.o)
GPIO_Write                                        lib/libstm32.a(stm32f10x_gpio.o)
GPIO_WriteBit                                     lib/libstm32.a(stm32f10x_gpio.o)
HSEStartUpStatus                                  main.o
HardFaultException                                stm32f10x_it.o
                                                  lib/libstm32.a(stm32f10x_vector.o)
I2C1_ER_IRQHandler                                stm32f10x_it.o
                                                  lib/libstm32.a(stm32f10x_vector.o)
I2C1_EV_IRQHandler                                stm32f10x_it.o
                                                  lib/libstm32.a(stm32f10x_vector.o)
I2C2_ER_IRQHandler                                stm32f10x_it.o
                                                  lib/libstm32.a(stm32f10x_vector.o)
I2C2_EV_IRQHandler                                stm32f10x_it.o
                                                  lib/libstm32.a(stm32f10x_vector.o)
MemManageException                                stm32f10x_it.o
                                                  lib/libstm32.a(stm32f10x_vector.o)
NMIException                                      stm32f10x_it.o
                                                  lib/libstm32.a(stm32f10x_vector.o)
NVIC_BASEPRICONFIG                                lib/libstm32.a(stm32f10x_nvic.o)
NVIC_ClearIRQChannelPendingBit                    lib/libstm32.a(stm32f10x_nvic.o)
NVIC_ClearSystemHandlerPendingBit                 lib/libstm32.a(stm32f10x_nvic.o)
NVIC_Configuration                                main.o
NVIC_DeInit                                       lib/libstm32.a(stm32f10x_nvic.o)
NVIC_GenerateCoreReset                            lib/libstm32.a(stm32f10x_nvic.o)
NVIC_GenerateSystemReset                          lib/libstm32.a(stm32f10x_nvic.o)
NVIC_GetBASEPRI                                   lib/libstm32.a(stm32f10x_nvic.o)
NVIC_GetCPUID                                     lib/libstm32.a(stm32f10x_nvic.o)
NVIC_GetCurrentActiveHandler                      lib/libstm32.a(stm32f10x_nvic.o)
NVIC_GetCurrentPendingIRQChannel                  lib/libstm32.a(stm32f10x_nvic.o)
NVIC_GetFaultAddress                              lib/libstm32.a(stm32f10x_nvic.o)
NVIC_GetFaultHandlerSources                       lib/libstm32.a(stm32f10x_nvic.o)
NVIC_GetIRQChannelActiveBitStatus                 lib/libstm32.a(stm32f10x_nvic.o)
NVIC_GetIRQChannelPendingBitStatus                lib/libstm32.a(stm32f10x_nvic.o)
NVIC_GetSystemHandlerActiveBitStatus              lib/libstm32.a(stm32f10x_nvic.o)
NVIC_GetSystemHandlerPendingBitStatus             lib/libstm32.a(stm32f10x_nvic.o)
NVIC_Init                                         lib/libstm32.a(stm32f10x_nvic.o)
NVIC_PriorityGroupConfig                          lib/libstm32.a(stm32f10x_nvic.o)
NVIC_RESETFAULTMASK                               lib/libstm32.a(stm32f10x_nvic.o)
NVIC_RESETPRIMASK                                 lib/libstm32.a(stm32f10x_nvic.o)
NVIC_SCBDeInit                                    lib/libstm32.a(stm32f10x_nvic.o)
NVIC_SETFAULTMASK                                 lib/libstm32.a(stm32f10x_nvic.o)
NVIC_SETPRIMASK                                   lib/libstm32.a(stm32f10x_nvic.o)
NVIC_SetIRQChannelPendingBit                      lib/libstm32.a(stm32f10x_nvic.o)
NVIC_SetSystemHandlerPendingBit                   lib/libstm32.a(stm32f10x_nvic.o)
NVIC_SetVectorTable                               lib/libstm32.a(stm32f10x_nvic.o)
                                                  main.o
NVIC_StructInit                                   lib/libstm32.a(stm32f10x_nvic.o)
NVIC_SystemHandlerConfig                          lib/libstm32.a(stm32f10x_nvic.o)
NVIC_SystemHandlerPriorityConfig                  lib/libstm32.a(stm32f10x_nvic.o)
NVIC_SystemLPConfig                               lib/libstm32.a(stm32f10x_nvic.o)
                                                  main.o
PVD_IRQHandler                                    stm32f10x_it.o
                                                  lib/libstm32.a(stm32f10x_vector.o)
PendSVC                                           stm32f10x_it.o
                                                  lib/libstm32.a(stm32f10x_vector.o)
RCC_ADCCLKConfig                                  lib/libstm32.a(stm32f10x_rcc.o)
RCC_AHBPeriphClockCmd                             lib/libstm32.a(stm32f10x_rcc.o)
RCC_APB1PeriphClockCmd                            lib/libstm32.a(stm32f10x_rcc.o)
                                                  main.o
RCC_APB1PeriphResetCmd                            lib/libstm32.a(stm32f10x_rcc.o)
                                                  lib/libstm32.a(stm32f10x_tim.o)
RCC_APB2PeriphClockCmd                            lib/libstm32.a(stm32f10x_rcc.o)
                                                  lcd.o
                                                  main.o
RCC_APB2PeriphResetCmd                            lib/libstm32.a(stm32f10x_rcc.o)
                                                  lib/libstm32.a(stm32f10x_gpio.o)
RCC_AdjustHSICalibrationValue                     lib/libstm32.a(stm32f10x_rcc.o)
RCC_BackupResetCmd                                lib/libstm32.a(stm32f10x_rcc.o)
RCC_ClearFlag                                     lib/libstm32.a(stm32f10x_rcc.o)
RCC_ClearITPendingBit                             lib/libstm32.a(stm32f10x_rcc.o)
RCC_ClockSecuritySystemCmd                        lib/libstm32.a(stm32f10x_rcc.o)
RCC_Configuration                                 main.o
RCC_DeInit                                        lib/libstm32.a(stm32f10x_rcc.o)
                                                  main.o
RCC_GetClocksFreq                                 lib/libstm32.a(stm32f10x_rcc.o)
RCC_GetFlagStatus                                 lib/libstm32.a(stm32f10x_rcc.o)
RCC_GetITStatus                                   lib/libstm32.a(stm32f10x_rcc.o)
RCC_GetSYSCLKSource                               lib/libstm32.a(stm32f10x_rcc.o)
RCC_HCLKConfig                                    lib/libstm32.a(stm32f10x_rcc.o)
                                                  main.o
RCC_HSEConfig                                     lib/libstm32.a(stm32f10x_rcc.o)
                                                  main.o
RCC_HSICmd                                        lib/libstm32.a(stm32f10x_rcc.o)
RCC_IRQHandler                                    stm32f10x_it.o
                                                  lib/libstm32.a(stm32f10x_vector.o)
RCC_ITConfig                                      lib/libstm32.a(stm32f10x_rcc.o)
RCC_LSEConfig                                     lib/libstm32.a(stm32f10x_rcc.o)
RCC_LSICmd                                        lib/libstm32.a(stm32f10x_rcc.o)
RCC_MCOConfig                                     lib/libstm32.a(stm32f10x_rcc.o)
RCC_PCLK1Config                                   lib/libstm32.a(stm32f10x_rcc.o)
                                                  main.o
RCC_PCLK2Config                                   lib/libstm32.a(stm32f10x_rcc.o)
                                                  main.o
RCC_PLLCmd                                        lib/libstm32.a(stm32f10x_rcc.o)
RCC_PLLConfig                                     lib/libstm32.a(stm32f10x_rcc.o)
RCC_RTCCLKCmd                                     lib/libstm32.a(stm32f10x_rcc.o)
RCC_RTCCLKConfig                                  lib/libstm32.a(stm32f10x_rcc.o)
RCC_SYSCLKConfig                                  lib/libstm32.a(stm32f10x_rcc.o)
                                                  main.o
RCC_USBCLKConfig                                  lib/libstm32.a(stm32f10x_rcc.o)
RCC_WaitForHSEStartUp                             lib/libstm32.a(stm32f10x_rcc.o)
                                                  main.o
RTCAlarm_IRQHandler                               stm32f10x_it.o
                                                  lib/libstm32.a(stm32f10x_vector.o)
RTC_IRQHandler                                    stm32f10x_it.o
                                                  lib/libstm32.a(stm32f10x_vector.o)
Reset_Handler                                     lib/libstm32.a(stm32f10x_vector.o)
SPI1_IRQHandler                                   stm32f10x_it.o
                                                  lib/libstm32.a(stm32f10x_vector.o)
SPI2_IRQHandler                                   stm32f10x_it.o
                                                  lib/libstm32.a(stm32f10x_vector.o)
SVCHandler                                        stm32f10x_it.o
                                                  lib/libstm32.a(stm32f10x_vector.o)
SysTickHandler                                    stm32f10x_it.o
                                                  lib/libstm32.a(stm32f10x_vector.o)
SysTick_CLKSourceConfig                           lib/libstm32.a(stm32f10x_systick.o)
SysTick_CounterCmd                                lib/libstm32.a(stm32f10x_systick.o)
                                                  main.o
SysTick_GetCounter                                lib/libstm32.a(stm32f10x_systick.o)
SysTick_GetFlagStatus                             lib/libstm32.a(stm32f10x_systick.o)
SysTick_ITConfig                                  lib/libstm32.a(stm32f10x_systick.o)
                                                  main.o
SysTick_SetReload                                 lib/libstm32.a(stm32f10x_systick.o)
                                                  main.o
TAMPER_IRQHandler                                 stm32f10x_it.o
                                                  lib/libstm32.a(stm32f10x_vector.o)
TIM1_BRK_IRQHandler                               stm32f10x_it.o
                                                  lib/libstm32.a(stm32f10x_vector.o)
TIM1_CC_IRQHandler                                stm32f10x_it.o
                                                  lib/libstm32.a(stm32f10x_vector.o)
TIM1_TRG_COM_IRQHandler                           stm32f10x_it.o
                                                  lib/libstm32.a(stm32f10x_vector.o)
TIM1_UP_IRQHandler                                stm32f10x_it.o
                                                  lib/libstm32.a(stm32f10x_vector.o)
TIM2_IRQHandler                                   stm32f10x_it.o
                                                  lib/libstm32.a(stm32f10x_vector.o)
TIM3_IRQHandler                                   stm32f10x_it.o
                                                  lib/libstm32.a(stm32f10x_vector.o)
TIM4_IRQHandler                                   stm32f10x_it.o
                                                  lib/libstm32.a(stm32f10x_vector.o)
TIM_ARRPreloadConfig                              lib/libstm32.a(stm32f10x_tim.o)
                                                  main.o
TIM_ClearFlag                                     lib/libstm32.a(stm32f10x_tim.o)
TIM_ClearITPendingBit                             lib/libstm32.a(stm32f10x_tim.o)
TIM_ClearOC1Ref                                   lib/libstm32.a(stm32f10x_tim.o)
TIM_ClearOC2Ref                                   lib/libstm32.a(stm32f10x_tim.o)
TIM_ClearOC3Ref                                   lib/libstm32.a(stm32f10x_tim.o)
TIM_ClearOC4Ref                                   lib/libstm32.a(stm32f10x_tim.o)
TIM_Cmd                                           lib/libstm32.a(stm32f10x_tim.o)
                                                  main.o
TIM_CounterModeConfig                             lib/libstm32.a(stm32f10x_tim.o)
TIM_DMACmd                                        lib/libstm32.a(stm32f10x_tim.o)
TIM_DMAConfig                                     lib/libstm32.a(stm32f10x_tim.o)
TIM_DeInit                                        lib/libstm32.a(stm32f10x_tim.o)
TIM_ETRClockMode1Config                           lib/libstm32.a(stm32f10x_tim.o)
TIM_ETRClockMode2Config                           lib/libstm32.a(stm32f10x_tim.o)
TIM_ETRConfig                                     lib/libstm32.a(stm32f10x_tim.o)
TIM_EncoderInterfaceConfig                        lib/libstm32.a(stm32f10x_tim.o)
TIM_ForcedOC1Config                               lib/libstm32.a(stm32f10x_tim.o)
TIM_ForcedOC2Config                               lib/libstm32.a(stm32f10x_tim.o)
TIM_ForcedOC3Config                               lib/libstm32.a(stm32f10x_tim.o)
TIM_ForcedOC4Config                               lib/libstm32.a(stm32f10x_tim.o)
TIM_GenerateEvent                                 lib/libstm32.a(stm32f10x_tim.o)
TIM_GetCapture1                                   lib/libstm32.a(stm32f10x_tim.o)
TIM_GetCapture2                                   lib/libstm32.a(stm32f10x_tim.o)
TIM_GetCapture3                                   lib/libstm32.a(stm32f10x_tim.o)
TIM_GetCapture4                                   lib/libstm32.a(stm32f10x_tim.o)
TIM_GetCounter                                    lib/libstm32.a(stm32f10x_tim.o)
TIM_GetFlagStatus                                 lib/libstm32.a(stm32f10x_tim.o)
TIM_GetITStatus                                   lib/libstm32.a(stm32f10x_tim.o)
TIM_GetPrescaler                                  lib/libstm32.a(stm32f10x_tim.o)
TIM_ICInit                                        lib/libstm32.a(stm32f10x_tim.o)
TIM_ICStructInit                                  lib/libstm32.a(stm32f10x_tim.o)
TIM_ITConfig                                      lib/libstm32.a(stm32f10x_tim.o)
TIM_ITRxExternalClockConfig                       lib/libstm32.a(stm32f10x_tim.o)
TIM_InternalClockConfig                           lib/libstm32.a(stm32f10x_tim.o)
TIM_OC1FastConfig                                 lib/libstm32.a(stm32f10x_tim.o)
TIM_OC1PolarityConfig                             lib/libstm32.a(stm32f10x_tim.o)
TIM_OC1PreloadConfig                              lib/libstm32.a(stm32f10x_tim.o)
                                                  main.o
TIM_OC2FastConfig                                 lib/libstm32.a(stm32f10x_tim.o)
TIM_OC2PolarityConfig                             lib/libstm32.a(stm32f10x_tim.o)
TIM_OC2PreloadConfig                              lib/libstm32.a(stm32f10x_tim.o)
TIM_OC3FastConfig                                 lib/libstm32.a(stm32f10x_tim.o)
TIM_OC3PolarityConfig                             lib/libstm32.a(stm32f10x_tim.o)
TIM_OC3PreloadConfig                              lib/libstm32.a(stm32f10x_tim.o)
TIM_OC4FastConfig                                 lib/libstm32.a(stm32f10x_tim.o)
TIM_OC4PolarityConfig                             lib/libstm32.a(stm32f10x_tim.o)
TIM_OC4PreloadConfig                              lib/libstm32.a(stm32f10x_tim.o)
TIM_OCInit                                        lib/libstm32.a(stm32f10x_tim.o)
                                                  main.o
TIM_OCInitStructure                               main.o
TIM_OCStructInit                                  lib/libstm32.a(stm32f10x_tim.o)
TIM_PrescalerConfig                               lib/libstm32.a(stm32f10x_tim.o)
TIM_SelectCCDMA                                   lib/libstm32.a(stm32f10x_tim.o)
TIM_SelectHallSensor                              lib/libstm32.a(stm32f10x_tim.o)
TIM_SelectInputTrigger                            lib/libstm32.a(stm32f10x_tim.o)
TIM_SelectMasterSlaveMode                         lib/libstm32.a(stm32f10x_tim.o)
TIM_SelectOnePulseMode                            lib/libstm32.a(stm32f10x_tim.o)
TIM_SelectOutputTrigger                           lib/libstm32.a(stm32f10x_tim.o)
TIM_SelectSlaveMode                               lib/libstm32.a(stm32f10x_tim.o)
TIM_SetAutoreload                                 lib/libstm32.a(stm32f10x_tim.o)
TIM_SetClockDivision                              lib/libstm32.a(stm32f10x_tim.o)
TIM_SetCompare1                                   lib/libstm32.a(stm32f10x_tim.o)
TIM_SetCompare2                                   lib/libstm32.a(stm32f10x_tim.o)
TIM_SetCompare3                                   lib/libstm32.a(stm32f10x_tim.o)
TIM_SetCompare4                                   lib/libstm32.a(stm32f10x_tim.o)
TIM_SetCounter                                    lib/libstm32.a(stm32f10x_tim.o)
TIM_SetIC1Prescaler                               lib/libstm32.a(stm32f10x_tim.o)
TIM_SetIC2Prescaler                               lib/libstm32.a(stm32f10x_tim.o)
TIM_SetIC3Prescaler                               lib/libstm32.a(stm32f10x_tim.o)
TIM_SetIC4Prescaler                               lib/libstm32.a(stm32f10x_tim.o)
TIM_TIxExternalClockConfig                        lib/libstm32.a(stm32f10x_tim.o)
TIM_TimeBaseInit                                  lib/libstm32.a(stm32f10x_tim.o)
                                                  main.o
TIM_TimeBaseStructInit                            lib/libstm32.a(stm32f10x_tim.o)
TIM_TimeBaseStructure                             main.o
TIM_UpdateDisableConfig                           lib/libstm32.a(stm32f10x_tim.o)
TIM_UpdateRequestConfig                           lib/libstm32.a(stm32f10x_tim.o)
Tim                                               stm32f10x_it.o
                                                  main.o
Tim1                                              stm32f10x_it.o
                                                  main.o
USART1_IRQHandler                                 stm32f10x_it.o
                                                  lib/libstm32.a(stm32f10x_vector.o)
USART2_IRQHandler                                 stm32f10x_it.o
                                                  lib/libstm32.a(stm32f10x_vector.o)
USART3_IRQHandler                                 stm32f10x_it.o
                                                  lib/libstm32.a(stm32f10x_vector.o)
USBWakeUp_IRQHandler                              stm32f10x_it.o
                                                  lib/libstm32.a(stm32f10x_vector.o)
USB_HP_CAN_TX_IRQHandler                          stm32f10x_it.o
                                                  lib/libstm32.a(stm32f10x_vector.o)
USB_LP_CAN_RX0_IRQHandler                         stm32f10x_it.o
                                                  lib/libstm32.a(stm32f10x_vector.o)
UsageFaultException                               stm32f10x_it.o
                                                  lib/libstm32.a(stm32f10x_vector.o)
WWDG_IRQHandler                                   stm32f10x_it.o
                                                  lib/libstm32.a(stm32f10x_vector.o)