Archive member included because of file (symbol)

lib/libstm32.a(stm32f10x_flash.o)
                              main.o (FLASH_SetLatency)
lib/libstm32.a(stm32f10x_gpio.o)
                              main.o (GPIO_Init)
lib/libstm32.a(stm32f10x_nvic.o)
                              main.o (NVIC_SetVectorTable)
lib/libstm32.a(stm32f10x_rcc.o)
                              main.o (RCC_DeInit)
lib/libstm32.a(stm32f10x_systick.o)
                              main.o (SysTick_SetReload)
lib/libstm32.a(stm32f10x_tim.o)
                              main.o (TIM_TimeBaseInit)
lib/libstm32.a(cortexm3_macro.o)
                              lib/libstm32.a(stm32f10x_nvic.o) (__SETPRIMASK)
lib/libstm32.a(stm32f10x_vector.o)
                              (Reset_Handler)
/usr/local/lib/gcc/arm-elf/4.3.0/../../../../arm-elf/lib/thumb/libc.a(lib_a-atexit.o)
                              /usr/local/lib/gcc/arm-elf/4.3.0/../../../../arm-elf/lib/thumb/crt0.o (atexit)
/usr/local/lib/gcc/arm-elf/4.3.0/../../../../arm-elf/lib/thumb/libc.a(lib_a-exit.o)
                              /usr/local/lib/gcc/arm-elf/4.3.0/../../../../arm-elf/lib/thumb/crt0.o (exit)
/usr/local/lib/gcc/arm-elf/4.3.0/../../../../arm-elf/lib/thumb/libc.a(lib_a-impure.o)
                              /usr/local/lib/gcc/arm-elf/4.3.0/../../../../arm-elf/lib/thumb/libc.a(lib_a-exit.o) (_global_impure_ptr)
/usr/local/lib/gcc/arm-elf/4.3.0/../../../../arm-elf/lib/thumb/libc.a(lib_a-init.o)
                              /usr/local/lib/gcc/arm-elf/4.3.0/../../../../arm-elf/lib/thumb/crt0.o (__libc_fini_array)
/usr/local/lib/gcc/arm-elf/4.3.0/../../../../arm-elf/lib/thumb/libc.a(lib_a-memset.o)
                              /usr/local/lib/gcc/arm-elf/4.3.0/../../../../arm-elf/lib/thumb/crt0.o (memset)
/usr/local/lib/gcc/arm-elf/4.3.0/../../../../arm-elf/lib/thumb/libc.a(lib_a-__atexit.o)
                              /usr/local/lib/gcc/arm-elf/4.3.0/../../../../arm-elf/lib/thumb/libc.a(lib_a-atexit.o) (__register_exitproc)
/usr/local/lib/gcc/arm-elf/4.3.0/../../../../arm-elf/lib/thumb/libc.a(lib_a-__call_atexit.o)
                              /usr/local/lib/gcc/arm-elf/4.3.0/../../../../arm-elf/lib/thumb/libc.a(lib_a-exit.o) (__call_exitprocs)
/usr/local/lib/gcc/arm-elf/4.3.0/../../../../arm-elf/lib/thumb/libc.a(lib_a-malloc.o)
                              /usr/local/lib/gcc/arm-elf/4.3.0/../../../../arm-elf/lib/thumb/libc.a(lib_a-__call_atexit.o) (free)
/usr/local/lib/gcc/arm-elf/4.3.0/../../../../arm-elf/lib/thumb/libc.a(lib_a-mallocr.o)
                              /usr/local/lib/gcc/arm-elf/4.3.0/../../../../arm-elf/lib/thumb/libc.a(lib_a-malloc.o) (_malloc_r)
/usr/local/lib/gcc/arm-elf/4.3.0/../../../../arm-elf/lib/thumb/libc.a(lib_a-mlock.o)
                              /usr/local/lib/gcc/arm-elf/4.3.0/../../../../arm-elf/lib/thumb/libc.a(lib_a-mallocr.o) (__malloc_lock)
/usr/local/lib/gcc/arm-elf/4.3.0/../../../../arm-elf/lib/thumb/libc.a(lib_a-sbrkr.o)
                              /usr/local/lib/gcc/arm-elf/4.3.0/../../../../arm-elf/lib/thumb/libc.a(lib_a-mallocr.o) (_sbrk_r)
/usr/local/lib/gcc/arm-elf/4.3.0/../../../../arm-elf/lib/thumb/libc.a(lib_a-freer.o)
                              /usr/local/lib/gcc/arm-elf/4.3.0/../../../../arm-elf/lib/thumb/libc.a(lib_a-malloc.o) (_free_r)
/usr/local/lib/gcc/arm-elf/4.3.0/../../../../arm-elf/lib/thumb/libc.a(lib_a-reent.o)
                              /usr/local/lib/gcc/arm-elf/4.3.0/../../../../arm-elf/lib/thumb/libc.a(lib_a-sbrkr.o) (errno)

Allocating common symbols
Common symbol       size              file

HSEStartUpStatus    0x4               main.o
TIM_TimeBaseStructure
                    0x8               main.o
errno               0x4               /usr/local/lib/gcc/arm-elf/4.3.0/../../../../arm-elf/lib/thumb/libc.a(lib_a-reent.o)
TIM_OCInitStructure
                    0x8               main.o
GPIO_InitStructure  0xc               main.o

Discarded input sections

 .text          0x0000000000000000        0x0 /usr/local/lib/gcc/arm-elf/4.3.0/thumb/crti.o
 .data          0x0000000000000000        0x0 /usr/local/lib/gcc/arm-elf/4.3.0/thumb/crti.o
 .bss           0x0000000000000000        0x0 /usr/local/lib/gcc/arm-elf/4.3.0/thumb/crti.o
 .init          0x0000000000000000        0x0 /usr/local/lib/gcc/arm-elf/4.3.0/thumb/crti.o
 .fini          0x0000000000000000        0x0 /usr/local/lib/gcc/arm-elf/4.3.0/thumb/crti.o
 .text          0x0000000000000000        0x0 /usr/local/lib/gcc/arm-elf/4.3.0/thumb/crtbegin.o
 .data          0x0000000000000000        0x0 /usr/local/lib/gcc/arm-elf/4.3.0/thumb/crtbegin.o
 .bss           0x0000000000000000        0x0 /usr/local/lib/gcc/arm-elf/4.3.0/thumb/crtbegin.o
 .ctors         0x0000000000000000        0x0 /usr/local/lib/gcc/arm-elf/4.3.0/thumb/crtbegin.o
 .dtors         0x0000000000000000        0x0 /usr/local/lib/gcc/arm-elf/4.3.0/thumb/crtbegin.o
 .eh_frame      0x0000000000000000        0x0 /usr/local/lib/gcc/arm-elf/4.3.0/thumb/crtbegin.o
[...]
Memory Configuration

Name             Origin             Length             Attributes
RAM              0x0000000020000000 0x0000000000005000 xrw
FLASH            0x0000000008000000 0x0000000000020000 xr
FLASHB1          0x0000000000000000 0x0000000000000000 xr
EXTMEMB0         0x0000000000000000 0x0000000000000000 xr
EXTMEMB1         0x0000000000000000 0x0000000000000000 xr
EXTMEMB2         0x0000000000000000 0x0000000000000000 xr
EXTMEMB3         0x0000000000000000 0x0000000000000000 xr
*default*        0x0000000000000000 0xffffffffffffffff

Linker script and memory map

LOAD /usr/local/lib/gcc/arm-elf/4.3.0/thumb/crti.o
LOAD /usr/local/lib/gcc/arm-elf/4.3.0/thumb/crtbegin.o
LOAD /usr/local/lib/gcc/arm-elf/4.3.0/../../../../arm-elf/lib/thumb/crt0.o
LOAD main.o
LOAD lcd.o
LOAD stm32f10x_it.o
LOAD lib/libstm32.a
START GROUP
LOAD /usr/local/lib/gcc/arm-elf/4.3.0/thumb/libgcc.a
LOAD /usr/local/lib/gcc/arm-elf/4.3.0/../../../../arm-elf/lib/thumb/libc.a
END GROUP
LOAD /usr/local/lib/gcc/arm-elf/4.3.0/thumb/crtend.o
LOAD /usr/local/lib/gcc/arm-elf/4.3.0/thumb/crtn.o
                0x0000000000000400                __Stack_Size = 0x400
                0x0000000000000400                PROVIDE (_Stack_Size, __Stack_Size)
                0x0000000020004c00                __Stack_Init = (_estack - __Stack_Size)
                0x0000000020004c00                PROVIDE (_Stack_Init, __Stack_Init)
                0x0000000000000100                _Minimum_Stack_Size = 0x100
                0x0000000000000000                PROVIDE (Undefined_Handler, 0x0)
                0x0000000000000000                PROVIDE (SWI_Handler, 0x0)
                0x0000000000000000                PROVIDE (IRQ_Handler, 0x0)
                0x0000000000000000                PROVIDE (Prefetch_Handler, 0x0)
                0x0000000000000000                PROVIDE (Abort_Handler, 0x0)
                0x0000000000000000                PROVIDE (FIQ_Handler, 0x0)
                0x0000000000000000                PROVIDE (NMIException, 0x0)
                0x0000000000000000                PROVIDE (HardFaultException, 0x0)
                0x0000000000000000                PROVIDE (MemManageException, 0x0)
                0x0000000000000000                PROVIDE (BusFaultException, 0x0)
                0x0000000000000000                PROVIDE (UsageFaultException, 0x0)
                0x0000000000000000                PROVIDE (SVCHandler, 0x0)
                0x0000000000000000                PROVIDE (DebugMonitor, 0x0)
                0x0000000000000000                PROVIDE (PendSVC, 0x0)
                0x0000000000000000                PROVIDE (SysTickHandler, 0x0)
                0x0000000000000000                PROVIDE (WWDG_IRQHandler, 0x0)
                0x0000000000000000                PROVIDE (PVD_IRQHandler, 0x0)
                0x0000000000000000                PROVIDE (TAMPER_IRQHandler, 0x0)
                0x0000000000000000                PROVIDE (RTC_IRQHandler, 0x0)
                0x0000000000000000                PROVIDE (FLASH_IRQHandler, 0x0)
                0x0000000000000000                PROVIDE (RCC_IRQHandler, 0x0)
                0x0000000000000000                PROVIDE (EXTI0_IRQHandler, 0x0)
                0x0000000000000000                PROVIDE (EXTI1_IRQHandler, 0x0)
                0x0000000000000000                PROVIDE (EXTI2_IRQHandler, 0x0)
                0x0000000000000000                PROVIDE (EXTI3_IRQHandler, 0x0)
                0x0000000000000000                PROVIDE (EXTI4_IRQHandler, 0x0)
                0x0000000000000000                PROVIDE (DMAChannel1_IRQHandler, 0x0)
                0x0000000000000000                PROVIDE (DMAChannel2_IRQHandler, 0x0)
                0x0000000000000000                PROVIDE (DMAChannel3_IRQHandler, 0x0)
                0x0000000000000000                PROVIDE (DMAChannel4_IRQHandler, 0x0)
                0x0000000000000000                PROVIDE (DMAChannel5_IRQHandler, 0x0)
                0x0000000000000000                PROVIDE (DMAChannel6_IRQHandler, 0x0)
                0x0000000000000000                PROVIDE (DMAChannel7_IRQHandler, 0x0)
                0x0000000000000000                PROVIDE (ADC_IRQHandler, 0x0)
                0x0000000000000000                PROVIDE (USB_HP_CAN_TX_IRQHandler, 0x0)
                0x0000000000000000                PROVIDE (USB_LP_CAN_RX0_IRQHandler, 0x0)
                0x0000000000000000                PROVIDE (CAN_RX1_IRQHandler, 0x0)
                0x0000000000000000                PROVIDE (CAN_SCE_IRQHandler, 0x0)
                0x0000000000000000                PROVIDE (EXTI9_5_IRQHandler, 0x0)
                0x0000000000000000                PROVIDE (TIM1_BRK_IRQHandler, 0x0)
                0x0000000000000000                PROVIDE (TIM1_UP_IRQHandler, 0x0)
                0x0000000000000000                PROVIDE (TIM1_TRG_COM_IRQHandler, 0x0)
                0x0000000000000000                PROVIDE (TIM1_CC_IRQHandler, 0x0)
                0x0000000000000000                PROVIDE (TIM2_IRQHandler, 0x0)
                0x0000000000000000                PROVIDE (TIM3_IRQHandler, 0x0)
                0x0000000000000000                PROVIDE (TIM4_IRQHandler, 0x0)
                0x0000000000000000                PROVIDE (I2C1_EV_IRQHandler, 0x0)
                0x0000000000000000                PROVIDE (I2C1_ER_IRQHandler, 0x0)
                0x0000000000000000                PROVIDE (I2C2_EV_IRQHandler, 0x0)
                0x0000000000000000                PROVIDE (I2C2_ER_IRQHandler, 0x0)
                0x0000000000000000                PROVIDE (SPI1_IRQHandler, 0x0)
                0x0000000000000000                PROVIDE (SPI2_IRQHandler, 0x0)
                0x0000000000000000                PROVIDE (USART1_IRQHandler, 0x0)
                0x0000000000000000                PROVIDE (USART2_IRQHandler, 0x0)
                0x0000000000000000                PROVIDE (USART3_IRQHandler, 0x0)
                0x0000000000000000                PROVIDE (EXTI15_10_IRQHandler, 0x0)
                0x0000000000000000                PROVIDE (RTCAlarm_IRQHandler, 0x0)
                0x0000000000000000                PROVIDE (USBWakeUp_IRQHandler, 0x0)
                0x0000000042000000                PERIPH_BB_BASE = 0x42000000
                0x0000000022000000                SRAM_BB_BASE = 0x22000000
                0x0000000020000000                SRAM_BASE = 0x20000000
                0x0000000040000000                PERIPH_BASE = 0x40000000
                0x0000000040022000                PROVIDE (FLASH_BASE, 0x40022000)
                0x000000001ffff800                PROVIDE (OB_BASE, 0x1ffff800)
                0x0000000040000000                APB1PERIPH_BASE = PERIPH_BASE
                0x0000000040010000                APB2PERIPH_BASE = (PERIPH_BASE + 0x10000)
                0x0000000040020000                AHBPERIPH_BASE = (PERIPH_BASE + 0x20000)
                0x0000000040000000                PROVIDE (TIM2, (APB1PERIPH_BASE + 0x0))
                0x0000000040000400                PROVIDE (TIM3, (APB1PERIPH_BASE + 0x400))
                0x0000000040000800                PROVIDE (TIM4, (APB1PERIPH_BASE + 0x800))
                0x0000000040002800                PROVIDE (RTC, (APB1PERIPH_BASE + 0x2800))
                0x0000000040002c00                PROVIDE (WWDG, (APB1PERIPH_BASE + 0x2c00))
                0x0000000040003000                PROVIDE (IWDG, (APB1PERIPH_BASE + 0x3000))
                0x0000000040003800                PROVIDE (SPI2, (APB1PERIPH_BASE + 0x3800))
                0x0000000040004400                PROVIDE (USART2, (APB1PERIPH_BASE + 0x4400))
                0x0000000040004800                PROVIDE (USART3, (APB1PERIPH_BASE + 0x4800))
                0x0000000040005400                PROVIDE (I2C1, (APB1PERIPH_BASE + 0x5400))
                0x0000000040005800                PROVIDE (I2C2, (APB1PERIPH_BASE + 0x5800))
                0x0000000040006400                PROVIDE (CAN, (APB1PERIPH_BASE + 0x6400))
                0x0000000040006c00                PROVIDE (BKP, (APB1PERIPH_BASE + 0x6c00))
                0x0000000040007000                PROVIDE (PWR, (APB1PERIPH_BASE + 0x7000))
                0x0000000040010000                PROVIDE (AFIO, (APB2PERIPH_BASE + 0x0))
                0x0000000040010400                PROVIDE (EXTI, (APB2PERIPH_BASE + 0x400))
                0x0000000040010800                PROVIDE (GPIOA, (APB2PERIPH_BASE + 0x800))
                0x0000000040010c00                PROVIDE (GPIOB, (APB2PERIPH_BASE + 0xc00))
                0x0000000040011000                PROVIDE (GPIOC, (APB2PERIPH_BASE + 0x1000))
                0x0000000040011400                PROVIDE (GPIOD, (APB2PERIPH_BASE + 0x1400))
                0x0000000040011800                PROVIDE (GPIOE, (APB2PERIPH_BASE + 0x1800))
                0x0000000040012400                PROVIDE (ADC1, (APB2PERIPH_BASE + 0x2400))
                0x0000000040012800                PROVIDE (ADC2, (APB2PERIPH_BASE + 0x2800))
                0x0000000040012c00                PROVIDE (TIM1, (APB2PERIPH_BASE + 0x2c00))
                0x0000000040013000                PROVIDE (SPI1, (APB2PERIPH_BASE + 0x3000))
                0x0000000040013800                PROVIDE (USART1, (APB2PERIPH_BASE + 0x3800))
                0x0000000040020000                PROVIDE (DMA, (AHBPERIPH_BASE + 0x0))
                0x0000000040020008                PROVIDE (DMA_Channel1, (AHBPERIPH_BASE + 0x8))
                0x000000004002001c                PROVIDE (DMA_Channel2, (AHBPERIPH_BASE + 0x1c))
                0x0000000040020030                PROVIDE (DMA_Channel3, (AHBPERIPH_BASE + 0x30))
                0x0000000040020044                PROVIDE (DMA_Channel4, (AHBPERIPH_BASE + 0x44))
                0x0000000040020058                PROVIDE (DMA_Channel5, (AHBPERIPH_BASE + 0x58))
                0x000000004002006c                PROVIDE (DMA_Channel6, (AHBPERIPH_BASE + 0x6c))
                0x0000000040020080                PROVIDE (DMA_Channel7, (AHBPERIPH_BASE + 0x80))
                0x0000000040021000                PROVIDE (RCC, (AHBPERIPH_BASE + 0x1000))
                0x00000000e000e000                SCS_BASE = 0xe000e000
                0x00000000e000e010                PROVIDE (SysTick, (SCS_BASE + 0x10))
                0x00000000e000e100                PROVIDE (NVIC, (SCS_BASE + 0x100))
                0x00000000e000ed00                PROVIDE (SCB, (SCS_BASE + 0xd00))
                0x0000000020005000                _estack = 0x20005000

.isr_vector     0x0000000008000000      0x10c
                0x0000000008000000                . = ALIGN (0x4)
 *(.isr_vector)
 .isr_vector    0x0000000008000000      0x10c lib/libstm32.a(stm32f10x_vector.o)
                0x0000000008000000                g_pfnVectors
                0x000000000800010c                . = ALIGN (0x4)

.flashtext      0x000000000800010c        0x0
                0x000000000800010c                . = ALIGN (0x4)
 *(.flashtext)
                0x000000000800010c                . = ALIGN (0x4)

.text           0x000000000800010c     0x3e8c
                0x000000000800010c                . = ALIGN (0x4)
 *(.text)
 .text          0x000000000800010c      0x2b8 main.o
                0x000000000800038c                NVIC_Configuration
                0x000000000800010c                main
                0x0000000008000304                RCC_Configuration
                0x00000000080003a0                Delay
 .text          0x00000000080003c4      0x5fc lcd.o
                0x0000000008000994                lcdSetPos
                0x00000000080007f8                lcdPutStr
                0x00000000080006d4                lcdInit
                0x0000000008000958                lcdCommand
                0x0000000008000868                lcdPutInt
                0x0000000008000844                lcdPutChar
                0x000000000800082c                lcdClear
 .text          0x00000000080009c0      0x290 stm32f10x_it.o
                0x0000000008000aac                EXTI2_IRQHandler
                0x00000000080009d4                MemManageException
                0x00000000080009dc                BusFaultException
                0x0000000008000b90                TIM1_CC_IRQHandler
                0x0000000008000a58                PVD_IRQHandler
                0x0000000008000ab8                EXTI3_IRQHandler
                0x0000000008000b18                DMAChannel7_IRQHandler
                0x00000000080009ec                DebugMonitor
                0x00000000080009f8                SVCHandler
                0x00000000080009cc                HardFaultException
                0x0000000008000b30                USB_HP_CAN_TX_IRQHandler
                0x0000000008000a94                EXTI0_IRQHandler
                0x0000000008000bd8                I2C2_EV_IRQHandler
                0x0000000008000ad0                DMAChannel1_IRQHandler
                0x0000000008000bf0                SPI1_IRQHandler
                0x0000000008000b54                CAN_SCE_IRQHandler
                0x0000000008000a64                TAMPER_IRQHandler
                0x00000000080009c0                NMIException
                0x0000000008000af4                DMAChannel4_IRQHandler
                0x0000000008000c20                USART3_IRQHandler
                0x0000000008000a70                RTC_IRQHandler
                0x0000000008000a10                SysTickHandler
                0x0000000008000a04                PendSVC
                0x0000000008000bb4                TIM4_IRQHandler
                0x0000000008000b48                CAN_RX1_IRQHandler
                0x0000000008000bc0                I2C1_EV_IRQHandler
                0x0000000008000ba8                TIM3_IRQHandler
                0x0000000008000a88                RCC_IRQHandler
                0x0000000008000b84                TIM1_TRG_COM_IRQHandler
                0x0000000008000c2c                EXTI15_10_IRQHandler
                0x0000000008000b24                ADC_IRQHandler
                0x0000000008000b00                DMAChannel5_IRQHandler
                0x0000000008000b60                EXTI9_5_IRQHandler
                0x0000000008000adc                DMAChannel2_IRQHandler
                0x0000000008000bfc                SPI2_IRQHandler
                0x0000000008000b3c                USB_LP_CAN_RX0_IRQHandler
                0x0000000008000ac4                EXTI4_IRQHandler
                0x0000000008000b78                TIM1_UP_IRQHandler
                0x0000000008000a4c                WWDG_IRQHandler
                0x0000000008000b9c                TIM2_IRQHandler
                0x0000000008000b6c                TIM1_BRK_IRQHandler
                0x0000000008000aa0                EXTI1_IRQHandler
                0x0000000008000c38                RTCAlarm_IRQHandler
                0x0000000008000c14                USART2_IRQHandler
                0x0000000008000be4                I2C2_ER_IRQHandler
                0x00000000080009e4                UsageFaultException
                0x0000000008000a7c                FLASH_IRQHandler
                0x0000000008000b0c                DMAChannel6_IRQHandler
                0x0000000008000ae8                DMAChannel3_IRQHandler
                0x0000000008000c08                USART1_IRQHandler
                0x0000000008000bcc                I2C1_ER_IRQHandler
                0x0000000008000c44                USBWakeUp_IRQHandler
 .text          0x0000000008000c50       0x90 lib/libstm32.a(stm32f10x_flash.o)
                0x0000000008000c80                FLASH_HalfCycleAccessCmd
                0x0000000008000cb0                FLASH_PrefetchBufferCmd
                0x0000000008000c50                FLASH_SetLatency
 .text          0x0000000008000ce0      0x648 lib/libstm32.a(stm32f10x_gpio.o)
                0x000000000800114c                GPIO_EventOutputConfig
                0x0000000008001030                GPIO_ReadOutputDataBit
                0x00000000080011a0                GPIO_EventOutputCmd
                0x00000000080011bc                GPIO_PinRemapConfig
                0x0000000008000de0                GPIO_Init
                0x0000000008000dc0                GPIO_AFIODeInit
                0x00000000080010ec                GPIO_Write
                0x000000000800106c                GPIO_ReadOutputData
                0x0000000008001014                GPIO_ReadInputData
                0x0000000008001088                GPIO_SetBits
                0x00000000080010c0                GPIO_WriteBit
                0x00000000080010a4                GPIO_ResetBits
                0x0000000008001284                GPIO_EXTILineConfig
                0x0000000008000ce0                GPIO_DeInit
                0x0000000008000fac                GPIO_StructInit
                0x0000000008001108                GPIO_PinLockConfig
                0x0000000008000fd8                GPIO_ReadInputDataBit
 .text          0x0000000008001328      0x89c lib/libstm32.a(stm32f10x_nvic.o)
                0x00000000080015e4                NVIC_SETFAULTMASK
                0x0000000008001618                NVIC_GetBASEPRI
                0x0000000008001448                NVIC_Init
                0x00000000080017b0                NVIC_SetVectorTable
                0x00000000080016b0                NVIC_SetIRQChannelPendingBit
                0x00000000080015cc                NVIC_SETPRIMASK
                0x0000000008001a10                NVIC_SetSystemHandlerPendingBit
                0x00000000080016d0                NVIC_ClearIRQChannelPendingBit
                0x0000000008001628                NVIC_GetCurrentPendingIRQChannel
                0x0000000008001b7c                NVIC_GetFaultAddress
                0x00000000080017dc                NVIC_GenerateSystemReset
                0x0000000008001738                NVIC_GetIRQChannelActiveBitStatus
                0x0000000008001398                NVIC_SCBDeInit
                0x0000000008001850                NVIC_SystemHandlerConfig
                0x000000000800170c                NVIC_GetCurrentActiveHandler
                0x00000000080015f0                NVIC_RESETFAULTMASK
                0x0000000008001a8c                NVIC_GetSystemHandlerActiveBitStatus
                0x00000000080015d8                NVIC_RESETPRIMASK
                0x0000000008001a4c                NVIC_ClearSystemHandlerPendingBit
                0x000000000800180c                NVIC_SystemLPConfig
                0x00000000080018a8                NVIC_SystemHandlerPriorityConfig
                0x000000000800164c                NVIC_GetIRQChannelPendingBitStatus
                0x00000000080017f4                NVIC_GenerateCoreReset
                0x000000000800179c                NVIC_GetCPUID
                0x00000000080015fc                NVIC_BASEPRICONFIG
                0x0000000008001424                NVIC_PriorityGroupConfig
                0x0000000008001598                NVIC_StructInit
                0x00000000080019a4                NVIC_GetSystemHandlerPendingBitStatus
                0x0000000008001328                NVIC_DeInit
                0x0000000008001af4                NVIC_GetFaultHandlerSources
 .text          0x0000000008001bc4      0x864 lib/libstm32.a(stm32f10x_rcc.o)
                0x0000000008001d48                RCC_HSICmd
                0x0000000008001da8                RCC_PLLCmd
                0x0000000008002408                RCC_ClearITPendingBit
                0x0000000008002308                RCC_MCOConfig
                0x0000000008001ed4                RCC_ITConfig
                0x0000000008001dc4                RCC_SYSCLKConfig
                0x0000000008001ca8                RCC_WaitForHSEStartUp
                0x00000000080022d0                RCC_BackupResetCmd
                0x00000000080022ec                RCC_ClockSecuritySystemCmd
                0x00000000080023ac                RCC_ClearFlag
                0x0000000008001c48                RCC_HSEConfig
                0x00000000080021d0                RCC_APB2PeriphClockCmd
                0x0000000008001d64                RCC_PLLConfig
                0x0000000008001f3c                RCC_ADCCLKConfig
                0x0000000008001f78                RCC_LSEConfig
                0x0000000008002004                RCC_RTCCLKCmd
                0x0000000008002210                RCC_APB1PeriphClockCmd
                0x00000000080023c8                RCC_GetITStatus
                0x0000000008002190                RCC_AHBPeriphClockCmd
                0x0000000008002328                RCC_GetFlagStatus
                0x0000000008001e00                RCC_GetSYSCLKSource
                0x0000000008002020                RCC_GetClocksFreq
                0x0000000008001fe0                RCC_RTCCLKConfig
                0x0000000008001d08                RCC_AdjustHSICalibrationValue
                0x0000000008001e58                RCC_PCLK1Config
                0x0000000008001f20                RCC_USBCLKConfig
                0x0000000008001e94                RCC_PCLK2Config
                0x0000000008001bc4                RCC_DeInit
                0x0000000008002290                RCC_APB1PeriphResetCmd
                0x0000000008001fc4                RCC_LSICmd
                0x0000000008002250                RCC_APB2PeriphResetCmd
                0x0000000008001e1c                RCC_HCLKConfig
 .text          0x0000000008002428      0x15c lib/libstm32.a(stm32f10x_systick.o)
                0x000000000800247c                SysTick_CounterCmd
                0x0000000008002510                SysTick_GetFlagStatus
                0x0000000008002428                SysTick_CLKSourceConfig
                0x00000000080024fc                SysTick_GetCounter
                0x00000000080024c4                SysTick_ITConfig
                0x0000000008002460                SysTick_SetReload
 .text          0x0000000008002584     0x18e8 lib/libstm32.a(stm32f10x_tim.o)
                0x0000000008002948                TIM_TimeBaseStructInit
                0x0000000008002e30                TIM_ForcedOC2Config
                0x0000000008003738                TIM_SetCompare2
                0x0000000008003864                TIM_SetIC4Prescaler
                0x0000000008002f98                TIM_OC1PreloadConfig
                0x0000000008002c7c                TIM_ETRClockMode2Config
                0x0000000008002dec                TIM_ForcedOC1Config
                0x0000000008002ad8                TIM_DMACmd
                0x0000000008002bf4                TIM_ETRClockMode1Config
                0x0000000008003820                TIM_SetIC3Prescaler
                0x0000000008003268                TIM_ClearOC3Ref
                0x00000000080029f4                TIM_Cmd
                0x000000000800306c                TIM_OC4PreloadConfig
                0x00000000080039d8                TIM_ClearFlag
                0x0000000008003a6c                TIM_ClearITPendingBit
                0x0000000008003960                TIM_GetCounter
                0x0000000008003928                TIM_GetCapture3
                0x00000000080038f0                TIM_GetCapture1
                0x0000000008002584                TIM_DeInit
                0x0000000008003998                TIM_GetFlagStatus
                0x0000000008003148                TIM_OC3FastConfig
                0x0000000008002f54                TIM_SelectCCDMA
                0x00000000080038b0                TIM_SetClockDivision
                0x0000000008003028                TIM_OC3PreloadConfig
                0x0000000008003700                TIM_SetAutoreload
                0x0000000008002f0c                TIM_ARRPreloadConfig
                0x0000000008003a08                TIM_GetITStatus
                0x00000000080030b8                TIM_OC1FastConfig
                0x0000000008002fdc                TIM_OC2PreloadConfig
                0x0000000008002d1c                TIM_SelectInputTrigger
                0x0000000008002a3c                TIM_ITConfig
                0x0000000008002d60                TIM_PrescalerConfig
                0x00000000080034fc                TIM_OC4PolarityConfig
                0x000000000800361c                TIM_SelectOutputTrigger
                0x0000000008003754                TIM_SetCompare3
                0x0000000008003590                TIM_SelectHallSensor
                0x0000000008003790                TIM_SetIC1Prescaler
                0x0000000008002ec0                TIM_ForcedOC4Config
                0x0000000008002b5c                TIM_ITRxExternalClockConfig
                0x00000000080034b0                TIM_OC3PolarityConfig
                0x0000000008002b2c                TIM_InternalClockConfig
                0x0000000008003420                TIM_OC1PolarityConfig
                0x00000000080030fc                TIM_OC2FastConfig
                0x00000000080036e4                TIM_SetCounter
                0x0000000008002658                TIM_OCInit
                0x0000000008003770                TIM_SetCompare4
                0x000000000800390c                TIM_GetCapture2
                0x000000000800397c                TIM_GetPrescaler
                0x000000000800321c                TIM_ClearOC2Ref
                0x000000000800286c                TIM_ICInit
                0x00000000080029b0                TIM_ICStructInit
                0x00000000080031d8                TIM_ClearOC1Ref
                0x0000000008003548                TIM_UpdateRequestConfig
                0x0000000008002e7c                TIM_ForcedOC3Config
                0x0000000008002b8c                TIM_TIxExternalClockConfig
                0x000000000800297c                TIM_OCStructInit
                0x00000000080036a0                TIM_SelectMasterSlaveMode
                0x0000000008003944                TIM_GetCapture4
                0x0000000008002608                TIM_TimeBaseInit
                0x0000000008002a88                TIM_DMAConfig
                0x00000000080033f8                TIM_GenerateEvent
                0x00000000080037d4                TIM_SetIC2Prescaler
                0x0000000008002cbc                TIM_ETRConfig
                0x000000000800365c                TIM_SelectSlaveMode
                0x00000000080032ac                TIM_ClearOC4Ref
                0x00000000080035d8                TIM_SelectOnePulseMode
                0x0000000008003340                TIM_EncoderInterfaceConfig
                0x000000000800371c                TIM_SetCompare1
                0x0000000008003464                TIM_OC2PolarityConfig
                0x00000000080032f8                TIM_UpdateDisableConfig
                0x000000000800318c                TIM_OC4FastConfig
                0x0000000008002da8                TIM_CounterModeConfig
 .text          0x0000000008003e6c       0x6e lib/libstm32.a(cortexm3_macro.o)
                0x0000000008003e8e                __MRS_CONTROL
                0x0000000008003ecc                __GetBASEPRI
                0x0000000008003ea4                __MSR_PSP
                0x0000000008003eba                __RESETPRIMASK
                0x0000000008003ebe                __SETFAULTMASK
                0x0000000008003e74                __SEV
                0x0000000008003e70                __WFE
                0x0000000008003ec2                __RESETFAULTMASK
                0x0000000008003eaa                __MRS_MSP
                0x0000000008003eb0                __MSR_MSP
                0x0000000008003e9e                __MRS_PSP
                0x0000000008003ed2                __REV_HalfWord
                0x0000000008003e6c                __WFI
                0x0000000008003e94                __MSR_CONTROL
                0x0000000008003ec6                __BASEPRICONFIG
                0x0000000008003eb6                __SETPRIMASK
                0x0000000008003ed6                __REV_Word
                0x0000000008003e8a                __SVC
                0x0000000008003e78                __ISB
                0x0000000008003e7e                __DSB
                0x0000000008003e84                __DMB
 *fill*         0x0000000008003eda        0x2 00
 .text          0x0000000008003edc       0x7c lib/libstm32.a(stm32f10x_vector.o)
                0x0000000008003edc                Reset_Handler
 *(.text.*)
 *(.rodata)
 .rodata        0x0000000008003f58       0x1c main.o
 .rodata        0x0000000008003f74       0x14 lib/libstm32.a(stm32f10x_rcc.o)
 .rodata        0x0000000008003f88       0x10 lib/libstm32.a(stm32f10x_tim.o)
 *(.rodata*)
 *(.glue_7)
 .glue_7        0x0000000008003f98        0x0 /usr/local/lib/gcc/arm-elf/4.3.0/thumb/crti.o
 .glue_7        0x0000000008003f98        0x0 /usr/local/lib/gcc/arm-elf/4.3.0/thumb/crtbegin.o
 .glue_7        0x0000000008003f98        0x0 /usr/local/lib/gcc/arm-elf/4.3.0/../../../../arm-elf/lib/thumb/crt0.o
 .glue_7        0x0000000008003f98        0x0 main.o
 .glue_7        0x0000000008003f98        0x0 lcd.o
 .glue_7        0x0000000008003f98        0x0 stm32f10x_it.o
 .glue_7        0x0000000008003f98        0x0 lib/libstm32.a(stm32f10x_flash.o)
 .glue_7        0x0000000008003f98        0x0 lib/libstm32.a(stm32f10x_gpio.o)
 .glue_7        0x0000000008003f98        0x0 lib/libstm32.a(stm32f10x_nvic.o)
 .glue_7        0x0000000008003f98        0x0 lib/libstm32.a(stm32f10x_rcc.o)
 .glue_7        0x0000000008003f98        0x0 lib/libstm32.a(stm32f10x_systick.o)
 .glue_7        0x0000000008003f98        0x0 lib/libstm32.a(stm32f10x_tim.o)
 .glue_7        0x0000000008003f98        0x0 lib/libstm32.a(cortexm3_macro.o)
 .glue_7        0x0000000008003f98        0x0 lib/libstm32.a(stm32f10x_vector.o)
 .glue_7        0x0000000008003f98        0x0 /usr/local/lib/gcc/arm-elf/4.3.0/../../../../arm-elf/lib/thumb/libc.a(lib_a-atexit.o)
 .glue_7        0x0000000008003f98        0x0 /usr/local/lib/gcc/arm-elf/4.3.0/../../../../arm-elf/lib/thumb/libc.a(lib_a-exit.o)
 .glue_7        0x0000000008003f98        0x0 /usr/local/lib/gcc/arm-elf/4.3.0/../../../../arm-elf/lib/thumb/libc.a(lib_a-impure.o)
 .glue_7        0x0000000008003f98        0x0 /usr/local/lib/gcc/arm-elf/4.3.0/../../../../arm-elf/lib/thumb/libc.a(lib_a-init.o)
 .glue_7        0x0000000008003f98        0x0 /usr/local/lib/gcc/arm-elf/4.3.0/../../../../arm-elf/lib/thumb/libc.a(lib_a-memset.o)
 .glue_7        0x0000000008003f98        0x0 /usr/local/lib/gcc/arm-elf/4.3.0/../../../../arm-elf/lib/thumb/libc.a(lib_a-__atexit.o)
 .glue_7        0x0000000008003f98        0x0 /usr/local/lib/gcc/arm-elf/4.3.0/../../../../arm-elf/lib/thumb/libc.a(lib_a-__call_atexit.o)
 .glue_7        0x0000000008003f98        0x0 /usr/local/lib/gcc/arm-elf/4.3.0/../../../../arm-elf/lib/thumb/libc.a(lib_a-malloc.o)
 .glue_7        0x0000000008003f98        0x0 /usr/local/lib/gcc/arm-elf/4.3.0/../../../../arm-elf/lib/thumb/libc.a(lib_a-mallocr.o)
 .glue_7        0x0000000008003f98        0x0 /usr/local/lib/gcc/arm-elf/4.3.0/../../../../arm-elf/lib/thumb/libc.a(lib_a-mlock.o)
 .glue_7        0x0000000008003f98        0x0 /usr/local/lib/gcc/arm-elf/4.3.0/../../../../arm-elf/lib/thumb/libc.a(lib_a-sbrkr.o)
 .glue_7        0x0000000008003f98        0x0 /usr/local/lib/gcc/arm-elf/4.3.0/../../../../arm-elf/lib/thumb/libc.a(lib_a-freer.o)
 .glue_7        0x0000000008003f98        0x0 /usr/local/lib/gcc/arm-elf/4.3.0/../../../../arm-elf/lib/thumb/libc.a(lib_a-reent.o)
 .glue_7        0x0000000008003f98        0x0 /usr/local/lib/gcc/arm-elf/4.3.0/thumb/crtend.o
 .glue_7        0x0000000008003f98        0x0 /usr/local/lib/gcc/arm-elf/4.3.0/thumb/crtn.o
 *(.glue_7t)
 .glue_7t       0x0000000008003f98        0x0 /usr/local/lib/gcc/arm-elf/4.3.0/thumb/crti.o
 .glue_7t       0x0000000008003f98        0x0 /usr/local/lib/gcc/arm-elf/4.3.0/thumb/crtbegin.o
 .glue_7t       0x0000000008003f98        0x0 /usr/local/lib/gcc/arm-elf/4.3.0/../../../../arm-elf/lib/thumb/crt0.o
 .glue_7t       0x0000000008003f98        0x0 main.o
 .glue_7t       0x0000000008003f98        0x0 lcd.o
 .glue_7t       0x0000000008003f98        0x0 stm32f10x_it.o
 .glue_7t       0x0000000008003f98        0x0 lib/libstm32.a(stm32f10x_flash.o)
 .glue_7t       0x0000000008003f98        0x0 lib/libstm32.a(stm32f10x_gpio.o)
 .glue_7t       0x0000000008003f98        0x0 lib/libstm32.a(stm32f10x_nvic.o)
 .glue_7t       0x0000000008003f98        0x0 lib/libstm32.a(stm32f10x_rcc.o)
 .glue_7t       0x0000000008003f98        0x0 lib/libstm32.a(stm32f10x_systick.o)
 .glue_7t       0x0000000008003f98        0x0 lib/libstm32.a(stm32f10x_tim.o)
 .glue_7t       0x0000000008003f98        0x0 lib/libstm32.a(cortexm3_macro.o)
 .glue_7t       0x0000000008003f98        0x0 lib/libstm32.a(stm32f10x_vector.o)
 .glue_7t       0x0000000008003f98        0x0 /usr/local/lib/gcc/arm-elf/4.3.0/../../../../arm-elf/lib/thumb/libc.a(lib_a-atexit.o)
 .glue_7t       0x0000000008003f98        0x0 /usr/local/lib/gcc/arm-elf/4.3.0/../../../../arm-elf/lib/thumb/libc.a(lib_a-exit.o)
 .glue_7t       0x0000000008003f98        0x0 /usr/local/lib/gcc/arm-elf/4.3.0/../../../../arm-elf/lib/thumb/libc.a(lib_a-impure.o)
 .glue_7t       0x0000000008003f98        0x0 /usr/local/lib/gcc/arm-elf/4.3.0/../../../../arm-elf/lib/thumb/libc.a(lib_a-init.o)
 .glue_7t       0x0000000008003f98        0x0 /usr/local/lib/gcc/arm-elf/4.3.0/../../../../arm-elf/lib/thumb/libc.a(lib_a-memset.o)
 .glue_7t       0x0000000008003f98        0x0 /usr/local/lib/gcc/arm-elf/4.3.0/../../../../arm-elf/lib/thumb/libc.a(lib_a-__atexit.o)
 .glue_7t       0x0000000008003f98        0x0 /usr/local/lib/gcc/arm-elf/4.3.0/../../../../arm-elf/lib/thumb/libc.a(lib_a-__call_atexit.o)
 .glue_7t       0x0000000008003f98        0x0 /usr/local/lib/gcc/arm-elf/4.3.0/../../../../arm-elf/lib/thumb/libc.a(lib_a-malloc.o)
 .glue_7t       0x0000000008003f98        0x0 /usr/local/lib/gcc/arm-elf/4.3.0/../../../../arm-elf/lib/thumb/libc.a(lib_a-mallocr.o)
 .glue_7t       0x0000000008003f98        0x0 /usr/local/lib/gcc/arm-elf/4.3.0/../../../../arm-elf/lib/thumb/libc.a(lib_a-mlock.o)
 .glue_7t       0x0000000008003f98        0x0 /usr/local/lib/gcc/arm-elf/4.3.0/../../../../arm-elf/lib/thumb/libc.a(lib_a-sbrkr.o)
 .glue_7t       0x0000000008003f98        0x0 /usr/local/lib/gcc/arm-elf/4.3.0/../../../../arm-elf/lib/thumb/libc.a(lib_a-freer.o)
 .glue_7t       0x0000000008003f98        0x0 /usr/local/lib/gcc/arm-elf/4.3.0/../../../../arm-elf/lib/thumb/libc.a(lib_a-reent.o)
 .glue_7t       0x0000000008003f98        0x0 /usr/local/lib/gcc/arm-elf/4.3.0/thumb/crtend.o
 .glue_7t       0x0000000008003f98        0x0 /usr/local/lib/gcc/arm-elf/4.3.0/thumb/crtn.o
                0x0000000008003f98                . = ALIGN (0x4)
                0x0000000008003f98                _etext = .
                0x0000000008003f98                _sidata = _etext

.vfp11_veneer   0x0000000020000000        0x0
 .vfp11_veneer  0x0000000020000000        0x0 /usr/local/lib/gcc/arm-elf/4.3.0/thumb/crti.o
 .vfp11_veneer  0x0000000020000000        0x0 /usr/local/lib/gcc/arm-elf/4.3.0/thumb/crtbegin.o
 .vfp11_veneer  0x0000000020000000        0x0 /usr/local/lib/gcc/arm-elf/4.3.0/../../../../arm-elf/lib/thumb/crt0.o
 .vfp11_veneer  0x0000000020000000        0x0 main.o
 .vfp11_veneer  0x0000000020000000        0x0 lcd.o
 .vfp11_veneer  0x0000000020000000        0x0 stm32f10x_it.o
 .vfp11_veneer  0x0000000020000000        0x0 lib/libstm32.a(stm32f10x_flash.o)
 .vfp11_veneer  0x0000000020000000        0x0 lib/libstm32.a(stm32f10x_gpio.o)
 .vfp11_veneer  0x0000000020000000        0x0 lib/libstm32.a(stm32f10x_nvic.o)
 .vfp11_veneer  0x0000000020000000        0x0 lib/libstm32.a(stm32f10x_rcc.o)
 .vfp11_veneer  0x0000000020000000        0x0 lib/libstm32.a(stm32f10x_systick.o)
 .vfp11_veneer  0x0000000020000000        0x0 lib/libstm32.a(stm32f10x_tim.o)
 .vfp11_veneer  0x0000000020000000        0x0 lib/libstm32.a(cortexm3_macro.o)
 .vfp11_veneer  0x0000000020000000        0x0 lib/libstm32.a(stm32f10x_vector.o)
 .vfp11_veneer  0x0000000020000000        0x0 /usr/local/lib/gcc/arm-elf/4.3.0/../../../../arm-elf/lib/thumb/libc.a(lib_a-atexit.o)
 .vfp11_veneer  0x0000000020000000        0x0 /usr/local/lib/gcc/arm-elf/4.3.0/../../../../arm-elf/lib/thumb/libc.a(lib_a-exit.o)
 .vfp11_veneer  0x0000000020000000        0x0 /usr/local/lib/gcc/arm-elf/4.3.0/../../../../arm-elf/lib/thumb/libc.a(lib_a-impure.o)
 .vfp11_veneer  0x0000000020000000        0x0 /usr/local/lib/gcc/arm-elf/4.3.0/../../../../arm-elf/lib/thumb/libc.a(lib_a-init.o)
 .vfp11_veneer  0x0000000020000000        0x0 /usr/local/lib/gcc/arm-elf/4.3.0/../../../../arm-elf/lib/thumb/libc.a(lib_a-memset.o)
 .vfp11_veneer  0x0000000020000000        0x0 /usr/local/lib/gcc/arm-elf/4.3.0/../../../../arm-elf/lib/thumb/libc.a(lib_a-__atexit.o)
 .vfp11_veneer  0x0000000020000000        0x0 /usr/local/lib/gcc/arm-elf/4.3.0/../../../../arm-elf/lib/thumb/libc.a(lib_a-__call_atexit.o)
 .vfp11_veneer  0x0000000020000000        0x0 /usr/local/lib/gcc/arm-elf/4.3.0/../../../../arm-elf/lib/thumb/libc.a(lib_a-malloc.o)
 .vfp11_veneer  0x0000000020000000        0x0 /usr/local/lib/gcc/arm-elf/4.3.0/../../../../arm-elf/lib/thumb/libc.a(lib_a-mallocr.o)
 .vfp11_veneer  0x0000000020000000        0x0 /usr/local/lib/gcc/arm-elf/4.3.0/../../../../arm-elf/lib/thumb/libc.a(lib_a-mlock.o)
 .vfp11_veneer  0x0000000020000000        0x0 /usr/local/lib/gcc/arm-elf/4.3.0/../../../../arm-elf/lib/thumb/libc.a(lib_a-sbrkr.o)
 .vfp11_veneer  0x0000000020000000        0x0 /usr/local/lib/gcc/arm-elf/4.3.0/../../../../arm-elf/lib/thumb/libc.a(lib_a-freer.o)
 .vfp11_veneer  0x0000000020000000        0x0 /usr/local/lib/gcc/arm-elf/4.3.0/../../../../arm-elf/lib/thumb/libc.a(lib_a-reent.o)
 .vfp11_veneer  0x0000000020000000        0x0 /usr/local/lib/gcc/arm-elf/4.3.0/thumb/crtend.o
 .vfp11_veneer  0x0000000020000000        0x0 /usr/local/lib/gcc/arm-elf/4.3.0/thumb/crtn.o

.data           0x0000000020000000        0x0 load address 0x0000000008003f98
                0x0000000020000000                . = ALIGN (0x4)
                0x0000000020000000                _sdata = .
 *(.data)
 *(.data.*)
                0x0000000020000000                . = ALIGN (0x4)
                0x0000000020000000                _edata = .

.bss            0x0000000020000000       0x30
                0x0000000020000000                . = ALIGN (0x4)
                0x0000000020000000                _sbss = .
 *(.bss)
 .bss           0x0000000020000000        0x8 stm32f10x_it.o
                0x0000000020000000                Tim
                0x0000000020000004                Tim1
 .bss           0x0000000020000008        0x8 lib/libstm32.a(stm32f10x_rcc.o)
 *(COMMON)
 COMMON         0x0000000020000010       0x20 main.o
                0x0000000020000010                HSEStartUpStatus
                0x0000000020000014                TIM_TimeBaseStructure
                0x000000002000001c                TIM_OCInitStructure
                0x0000000020000024                GPIO_InitStructure
                0x0000000020000030                . = ALIGN (0x4)
                0x0000000020000030                _ebss = .
                0x0000000020000030                PROVIDE (end, _ebss)
                0x0000000020000030                PROVIDE (_end, _ebss)

._usrstack      0x0000000020000030      0x100
                0x0000000020000030                . = ALIGN (0x4)
                0x0000000020000030                _susrstack = .
                0x0000000020000130                . = (. + _Minimum_Stack_Size)
 *fill*         0x0000000020000030      0x100 00
                0x0000000020000130                . = ALIGN (0x4)
                0x0000000020000130                _eusrstack = .

.b1text
 *(.b1text)
 *(.b1rodata)
 *(.b1rodata*)

.eb0text
 *(.eb0text)
 *(.eb0rodata)
 *(.eb0rodata*)

.eb1text
 *(.eb1text)
 *(.eb1rodata)
 *(.eb1rodata*)

.eb2text
 *(.eb2text)
 *(.eb2rodata)
 *(.eb2rodata*)

.eb3text
 *(.eb3text)
 *(.eb3rodata)
 *(.eb3rodata*)
                0x0000000020000130                __exidx_start = .
                0x0000000020000130                __exidx_end = .

/DISCARD/
 libc.a(*)
 libm.a(*)
 libgcc.a(*)

.stab
 *(.stab)

.stabstr
 *(.stabstr)

.stab.excl
 *(.stab.excl)

.stab.exclstr
 *(.stab.exclstr)

.stab.index
 *(.stab.index)

.stab.indexstr
 *(.stab.indexstr)

.comment        0x0000000000000000      0x1c2
 *(.comment)
 .comment       0x0000000000000000       0x12 /usr/local/lib/gcc/arm-elf/4.3.0/thumb/crtbegin.o
 .comment       0x0000000000000012       0x12 main.o
 .comment       0x0000000000000024       0x12 lcd.o
 .comment       0x0000000000000036       0x12 stm32f10x_it.o
 .comment       0x0000000000000048       0x12 lib/libstm32.a(stm32f10x_flash.o)
 .comment       0x000000000000005a       0x12 lib/libstm32.a(stm32f10x_gpio.o)
 .comment       0x000000000000006c       0x12 lib/libstm32.a(stm32f10x_nvic.o)
 .comment       0x000000000000007e       0x12 lib/libstm32.a(stm32f10x_rcc.o)
 .comment       0x0000000000000090       0x12 lib/libstm32.a(stm32f10x_systick.o)
 .comment       0x00000000000000a2       0x12 lib/libstm32.a(stm32f10x_tim.o)
 .comment       0x00000000000000b4       0x12 lib/libstm32.a(stm32f10x_vector.o)
 .comment       0x00000000000000c6       0x12 /usr/local/lib/gcc/arm-elf/4.3.0/../../../../arm-elf/lib/thumb/libc.a(lib_a-atexit.o)
 .comment       0x00000000000000d8       0x12 /usr/local/lib/gcc/arm-elf/4.3.0/../../../../arm-elf/lib/thumb/libc.a(lib_a-exit.o)
 .comment       0x00000000000000ea       0x12 /usr/local/lib/gcc/arm-elf/4.3.0/../../../../arm-elf/lib/thumb/libc.a(lib_a-impure.o)
 .comment       0x00000000000000fc       0x12 /usr/local/lib/gcc/arm-elf/4.3.0/../../../../arm-elf/lib/thumb/libc.a(lib_a-init.o)
 .comment       0x000000000000010e       0x12 /usr/local/lib/gcc/arm-elf/4.3.0/../../../../arm-elf/lib/thumb/libc.a(lib_a-memset.o)
 .comment       0x0000000000000120       0x12 /usr/local/lib/gcc/arm-elf/4.3.0/../../../../arm-elf/lib/thumb/libc.a(lib_a-__atexit.o)
 .comment       0x0000000000000132       0x12 /usr/local/lib/gcc/arm-elf/4.3.0/../../../../arm-elf/lib/thumb/libc.a(lib_a-__call_atexit.o)
 .comment       0x0000000000000144       0x12 /usr/local/lib/gcc/arm-elf/4.3.0/../../../../arm-elf/lib/thumb/libc.a(lib_a-malloc.o)
 .comment       0x0000000000000156       0x12 /usr/local/lib/gcc/arm-elf/4.3.0/../../../../arm-elf/lib/thumb/libc.a(lib_a-mallocr.o)
 .comment       0x0000000000000168       0x12 /usr/local/lib/gcc/arm-elf/4.3.0/../../../../arm-elf/lib/thumb/libc.a(lib_a-mlock.o)
 .comment       0x000000000000017a       0x12 /usr/local/lib/gcc/arm-elf/4.3.0/../../../../arm-elf/lib/thumb/libc.a(lib_a-sbrkr.o)
 .comment       0x000000000000018c       0x12 /usr/local/lib/gcc/arm-elf/4.3.0/../../../../arm-elf/lib/thumb/libc.a(lib_a-freer.o)
 .comment       0x000000000000019e       0x12 /usr/local/lib/gcc/arm-elf/4.3.0/../../../../arm-elf/lib/thumb/libc.a(lib_a-reent.o)
 .comment       0x00000000000001b0       0x12 /usr/local/lib/gcc/arm-elf/4.3.0/thumb/crtend.o

.debug
 *(.debug)

.line
 *(.line)

.debug_srcinfo
 *(.debug_srcinfo)

.debug_sfnames
 *(.debug_sfnames)

.debug_aranges  0x0000000000000000      0x350
 *(.debug_aranges)
 .debug_aranges
                0x0000000000000000       0x28 /usr/local/lib/gcc/arm-elf/4.3.0/thumb/crti.o
 .debug_aranges
                0x0000000000000028       0x20 /usr/local/lib/gcc/arm-elf/4.3.0/../../../../arm-elf/lib/thumb/crt0.o
 .debug_aranges
                0x0000000000000048       0x20 main.o
 .debug_aranges
                0x0000000000000068       0x20 lcd.o
 .debug_aranges
                0x0000000000000088       0x20 stm32f10x_it.o
 .debug_aranges
                0x00000000000000a8       0x20 lib/libstm32.a(stm32f10x_flash.o)
 .debug_aranges
                0x00000000000000c8       0x20 lib/libstm32.a(stm32f10x_gpio.o)
 .debug_aranges
                0x00000000000000e8       0x20 lib/libstm32.a(stm32f10x_nvic.o)
 .debug_aranges
                0x0000000000000108       0x20 lib/libstm32.a(stm32f10x_rcc.o)
 .debug_aranges
                0x0000000000000128       0x20 lib/libstm32.a(stm32f10x_systick.o)
 .debug_aranges
                0x0000000000000148       0x20 lib/libstm32.a(stm32f10x_tim.o)
 .debug_aranges
                0x0000000000000168       0x20 lib/libstm32.a(cortexm3_macro.o)
 .debug_aranges
                0x0000000000000188       0x20 lib/libstm32.a(stm32f10x_vector.o)
 .debug_aranges
                0x00000000000001a8       0x20 /usr/local/lib/gcc/arm-elf/4.3.0/../../../../arm-elf/lib/thumb/libc.a(lib_a-atexit.o)
 .debug_aranges
                0x00000000000001c8       0x20 /usr/local/lib/gcc/arm-elf/4.3.0/../../../../arm-elf/lib/thumb/libc.a(lib_a-exit.o)
 .debug_aranges
                0x00000000000001e8       0x20 /usr/local/lib/gcc/arm-elf/4.3.0/../../../../arm-elf/lib/thumb/libc.a(lib_a-init.o)
 .debug_aranges
                0x0000000000000208       0x20 /usr/local/lib/gcc/arm-elf/4.3.0/../../../../arm-elf/lib/thumb/libc.a(lib_a-memset.o)
 .debug_aranges
                0x0000000000000228       0x20 /usr/local/lib/gcc/arm-elf/4.3.0/../../../../arm-elf/lib/thumb/libc.a(lib_a-__atexit.o)
 .debug_aranges
                0x0000000000000248       0x20 /usr/local/lib/gcc/arm-elf/4.3.0/../../../../arm-elf/lib/thumb/libc.a(lib_a-__call_atexit.o)
 .debug_aranges
                0x0000000000000268       0x20 /usr/local/lib/gcc/arm-elf/4.3.0/../../../../arm-elf/lib/thumb/libc.a(lib_a-malloc.o)
 .debug_aranges
                0x0000000000000288       0x20 /usr/local/lib/gcc/arm-elf/4.3.0/../../../../arm-elf/lib/thumb/libc.a(lib_a-mallocr.o)
 .debug_aranges
                0x00000000000002a8       0x20 /usr/local/lib/gcc/arm-elf/4.3.0/../../../../arm-elf/lib/thumb/libc.a(lib_a-mlock.o)
 .debug_aranges
                0x00000000000002c8       0x20 /usr/local/lib/gcc/arm-elf/4.3.0/../../../../arm-elf/lib/thumb/libc.a(lib_a-sbrkr.o)
 .debug_aranges
                0x00000000000002e8       0x20 /usr/local/lib/gcc/arm-elf/4.3.0/../../../../arm-elf/lib/thumb/libc.a(lib_a-freer.o)
 .debug_aranges
                0x0000000000000308       0x20 /usr/local/lib/gcc/arm-elf/4.3.0/../../../../arm-elf/lib/thumb/libc.a(lib_a-reent.o)
 .debug_aranges
                0x0000000000000328       0x28 /usr/local/lib/gcc/arm-elf/4.3.0/thumb/crtn.o

.debug_pubnames
                0x0000000000000000     0x1824
 *(.debug_pubnames)
 .debug_pubnames
                0x0000000000000000       0xb0 main.o
 .debug_pubnames
                0x00000000000000b0       0x8a lcd.o
 .debug_pubnames
                0x000000000000013a      0x4ae stm32f10x_it.o
 .debug_pubnames
                0x00000000000005e8       0x60 lib/libstm32.a(stm32f10x_flash.o)
 .debug_pubnames
                0x0000000000000648      0x17b lib/libstm32.a(stm32f10x_gpio.o)
 .debug_pubnames
                0x00000000000007c3      0x360 lib/libstm32.a(stm32f10x_nvic.o)
 .debug_pubnames
                0x0000000000000b23      0x2c4 lib/libstm32.a(stm32f10x_rcc.o)
 .debug_pubnames
                0x0000000000000de7       0xa1 lib/libstm32.a(stm32f10x_systick.o)
 .debug_pubnames
                0x0000000000000e88      0x67d lib/libstm32.a(stm32f10x_tim.o)
 .debug_pubnames
                0x0000000000001505       0x35 lib/libstm32.a(stm32f10x_vector.o)
 .debug_pubnames
                0x000000000000153a       0x1d /usr/local/lib/gcc/arm-elf/4.3.0/../../../../arm-elf/lib/thumb/libc.a(lib_a-atexit.o)
 .debug_pubnames
                0x0000000000001557       0x1b /usr/local/lib/gcc/arm-elf/4.3.0/../../../../arm-elf/lib/thumb/libc.a(lib_a-exit.o)
 .debug_pubnames
                0x0000000000001572       0x39 /usr/local/lib/gcc/arm-elf/4.3.0/../../../../arm-elf/lib/thumb/libc.a(lib_a-impure.o)
 .debug_pubnames
                0x00000000000015ab       0x3e /usr/local/lib/gcc/arm-elf/4.3.0/../../../../arm-elf/lib/thumb/libc.a(lib_a-init.o)
 .debug_pubnames
                0x00000000000015e9       0x1d /usr/local/lib/gcc/arm-elf/4.3.0/../../../../arm-elf/lib/thumb/libc.a(lib_a-memset.o)
 .debug_pubnames
                0x0000000000001606       0x2a /usr/local/lib/gcc/arm-elf/4.3.0/../../../../arm-elf/lib/thumb/libc.a(lib_a-__atexit.o)
 .debug_pubnames
                0x0000000000001630       0x27 /usr/local/lib/gcc/arm-elf/4.3.0/../../../../arm-elf/lib/thumb/libc.a(lib_a-__call_atexit.o)
 .debug_pubnames
                0x0000000000001657       0x26 /usr/local/lib/gcc/arm-elf/4.3.0/../../../../arm-elf/lib/thumb/libc.a(lib_a-malloc.o)
 .debug_pubnames
                0x000000000000167d       0xce /usr/local/lib/gcc/arm-elf/4.3.0/../../../../arm-elf/lib/thumb/libc.a(lib_a-mallocr.o)
 .debug_pubnames
                0x000000000000174b       0x38 /usr/local/lib/gcc/arm-elf/4.3.0/../../../../arm-elf/lib/thumb/libc.a(lib_a-mlock.o)
 .debug_pubnames
                0x0000000000001783       0x1e /usr/local/lib/gcc/arm-elf/4.3.0/../../../../arm-elf/lib/thumb/libc.a(lib_a-sbrkr.o)
 .debug_pubnames
                0x00000000000017a1       0x31 /usr/local/lib/gcc/arm-elf/4.3.0/../../../../arm-elf/lib/thumb/libc.a(lib_a-freer.o)
 .debug_pubnames
                0x00000000000017d2       0x52 /usr/local/lib/gcc/arm-elf/4.3.0/../../../../arm-elf/lib/thumb/libc.a(lib_a-reent.o)

.debug_info     0x0000000000000000     0xaec6
 *(.debug_info .gnu.linkonce.wi.*)
 .debug_info    0x0000000000000000       0x6b /usr/local/lib/gcc/arm-elf/4.3.0/thumb/crti.o
 .debug_info    0x000000000000006b       0xcf /usr/local/lib/gcc/arm-elf/4.3.0/../../../../arm-elf/lib/thumb/crt0.o
 .debug_info    0x000000000000013a      0x584 main.o
 .debug_info    0x00000000000006be      0x4a7 lcd.o
 .debug_info    0x0000000000000b65      0x4e9 stm32f10x_it.o
 .debug_info    0x000000000000104e      0x15b lib/libstm32.a(stm32f10x_flash.o)
 .debug_info    0x00000000000011a9      0x670 lib/libstm32.a(stm32f10x_gpio.o)
 .debug_info    0x0000000000001819      0x91f lib/libstm32.a(stm32f10x_nvic.o)
 .debug_info    0x0000000000002138      0x88d lib/libstm32.a(stm32f10x_rcc.o)
 .debug_info    0x00000000000029c5      0x203 lib/libstm32.a(stm32f10x_systick.o)
 .debug_info    0x0000000000002bc8     0x19b7 lib/libstm32.a(stm32f10x_tim.o)
 .debug_info    0x000000000000457f       0x5c lib/libstm32.a(cortexm3_macro.o)
 .debug_info    0x00000000000045db       0xe5 lib/libstm32.a(stm32f10x_vector.o)
 .debug_info    0x00000000000046c0       0xc1 /usr/local/lib/gcc/arm-elf/4.3.0/../../../../arm-elf/lib/thumb/libc.a(lib_a-atexit.o)
 .debug_info    0x0000000000004781      0x937 /usr/local/lib/gcc/arm-elf/4.3.0/../../../../arm-elf/lib/thumb/libc.a(lib_a-exit.o)
 .debug_info    0x00000000000050b8      0x935 /usr/local/lib/gcc/arm-elf/4.3.0/../../../../arm-elf/lib/thumb/libc.a(lib_a-impure.o)
 .debug_info    0x00000000000059ed      0x14a /usr/local/lib/gcc/arm-elf/4.3.0/../../../../arm-elf/lib/thumb/libc.a(lib_a-init.o)
 .debug_info    0x0000000000005b37      0x111 /usr/local/lib/gcc/arm-elf/4.3.0/../../../../arm-elf/lib/thumb/libc.a(lib_a-memset.o)
 .debug_info    0x0000000000005c48      0x9a2 /usr/local/lib/gcc/arm-elf/4.3.0/../../../../arm-elf/lib/thumb/libc.a(lib_a-__atexit.o)
 .debug_info    0x00000000000065ea      0x9b7 /usr/local/lib/gcc/arm-elf/4.3.0/../../../../arm-elf/lib/thumb/libc.a(lib_a-__call_atexit.o)
 .debug_info    0x0000000000006fa1      0x96a /usr/local/lib/gcc/arm-elf/4.3.0/../../../../arm-elf/lib/thumb/libc.a(lib_a-malloc.o)
 .debug_info    0x000000000000790b      0xcc8 /usr/local/lib/gcc/arm-elf/4.3.0/../../../../arm-elf/lib/thumb/libc.a(lib_a-mallocr.o)
 .debug_info    0x00000000000085d3      0x94f /usr/local/lib/gcc/arm-elf/4.3.0/../../../../arm-elf/lib/thumb/libc.a(lib_a-mlock.o)
 .debug_info    0x0000000000008f22      0x95e /usr/local/lib/gcc/arm-elf/4.3.0/../../../../arm-elf/lib/thumb/libc.a(lib_a-sbrkr.o)
 .debug_info    0x0000000000009880      0xbc1 /usr/local/lib/gcc/arm-elf/4.3.0/../../../../arm-elf/lib/thumb/libc.a(lib_a-freer.o)
 .debug_info    0x000000000000a441      0xa1a /usr/local/lib/gcc/arm-elf/4.3.0/../../../../arm-elf/lib/thumb/libc.a(lib_a-reent.o)
 .debug_info    0x000000000000ae5b       0x6b /usr/local/lib/gcc/arm-elf/4.3.0/thumb/crtn.o

.debug_abbrev   0x0000000000000000     0x1f91
 *(.debug_abbrev)
 .debug_abbrev  0x0000000000000000       0x12 /usr/local/lib/gcc/arm-elf/4.3.0/thumb/crti.o
 .debug_abbrev  0x0000000000000012       0x14 /usr/local/lib/gcc/arm-elf/4.3.0/../../../../arm-elf/lib/thumb/crt0.o
 .debug_abbrev  0x0000000000000026      0x175 main.o
 .debug_abbrev  0x000000000000019b      0x1bd lcd.o
 .debug_abbrev  0x0000000000000358       0x86 stm32f10x_it.o
 .debug_abbrev  0x00000000000003de       0xa2 lib/libstm32.a(stm32f10x_flash.o)
 .debug_abbrev  0x0000000000000480      0x189 lib/libstm32.a(stm32f10x_gpio.o)
 .debug_abbrev  0x0000000000000609      0x1df lib/libstm32.a(stm32f10x_nvic.o)
 .debug_abbrev  0x00000000000007e8      0x1bb lib/libstm32.a(stm32f10x_rcc.o)
 .debug_abbrev  0x00000000000009a3      0x10c lib/libstm32.a(stm32f10x_systick.o)
 .debug_abbrev  0x0000000000000aaf      0x185 lib/libstm32.a(stm32f10x_tim.o)
 .debug_abbrev  0x0000000000000c34       0x14 lib/libstm32.a(cortexm3_macro.o)
 .debug_abbrev  0x0000000000000c48       0xa8 lib/libstm32.a(stm32f10x_vector.o)
 .debug_abbrev  0x0000000000000cf0       0x7f /usr/local/lib/gcc/arm-elf/4.3.0/../../../../arm-elf/lib/thumb/libc.a(lib_a-atexit.o)
 .debug_abbrev  0x0000000000000d6f      0x175 /usr/local/lib/gcc/arm-elf/4.3.0/../../../../arm-elf/lib/thumb/libc.a(lib_a-exit.o)
 .debug_abbrev  0x0000000000000ee4      0x15e /usr/local/lib/gcc/arm-elf/4.3.0/../../../../arm-elf/lib/thumb/libc.a(lib_a-impure.o)
 .debug_abbrev  0x0000000000001042       0xa2 /usr/local/lib/gcc/arm-elf/4.3.0/../../../../arm-elf/lib/thumb/libc.a(lib_a-init.o)
 .debug_abbrev  0x00000000000010e4       0xa1 /usr/local/lib/gcc/arm-elf/4.3.0/../../../../arm-elf/lib/thumb/libc.a(lib_a-memset.o)
 .debug_abbrev  0x0000000000001185      0x1ba /usr/local/lib/gcc/arm-elf/4.3.0/../../../../arm-elf/lib/thumb/libc.a(lib_a-__atexit.o)
 .debug_abbrev  0x000000000000133f      0x1ce /usr/local/lib/gcc/arm-elf/4.3.0/../../../../arm-elf/lib/thumb/libc.a(lib_a-__call_atexit.o)
 .debug_abbrev  0x000000000000150d      0x18e /usr/local/lib/gcc/arm-elf/4.3.0/../../../../arm-elf/lib/thumb/libc.a(lib_a-malloc.o)
 .debug_abbrev  0x000000000000169b      0x21d /usr/local/lib/gcc/arm-elf/4.3.0/../../../../arm-elf/lib/thumb/libc.a(lib_a-mallocr.o)
 .debug_abbrev  0x00000000000018b8      0x171 /usr/local/lib/gcc/arm-elf/4.3.0/../../../../arm-elf/lib/thumb/libc.a(lib_a-mlock.o)
 .debug_abbrev  0x0000000000001a29      0x195 /usr/local/lib/gcc/arm-elf/4.3.0/../../../../arm-elf/lib/thumb/libc.a(lib_a-sbrkr.o)
 .debug_abbrev  0x0000000000001bbe      0x1e0 /usr/local/lib/gcc/arm-elf/4.3.0/../../../../arm-elf/lib/thumb/libc.a(lib_a-freer.o)
 .debug_abbrev  0x0000000000001d9e      0x1e1 /usr/local/lib/gcc/arm-elf/4.3.0/../../../../arm-elf/lib/thumb/libc.a(lib_a-reent.o)
 .debug_abbrev  0x0000000000001f7f       0x12 /usr/local/lib/gcc/arm-elf/4.3.0/thumb/crtn.o

.debug_line     0x0000000000000000     0x1f69
 *(.debug_line)
 .debug_line    0x0000000000000000       0x49 /usr/local/lib/gcc/arm-elf/4.3.0/thumb/crti.o
 .debug_line    0x0000000000000049       0xc3 /usr/local/lib/gcc/arm-elf/4.3.0/../../../../arm-elf/lib/thumb/crt0.o
 .debug_line    0x000000000000010c       0xe2 main.o
 .debug_line    0x00000000000001ee      0x175 lcd.o
 .debug_line    0x0000000000000363      0x109 stm32f10x_it.o
 .debug_line    0x000000000000046c       0x88 lib/libstm32.a(stm32f10x_flash.o)
 .debug_line    0x00000000000004f4      0x140 lib/libstm32.a(stm32f10x_gpio.o)
 .debug_line    0x0000000000000634      0x190 lib/libstm32.a(stm32f10x_nvic.o)
 .debug_line    0x00000000000007c4      0x194 lib/libstm32.a(stm32f10x_rcc.o)
 .debug_line    0x0000000000000958       0xa8 lib/libstm32.a(stm32f10x_systick.o)
 .debug_line    0x0000000000000a00      0x34f lib/libstm32.a(stm32f10x_tim.o)
 .debug_line    0x0000000000000d4f       0x9a lib/libstm32.a(cortexm3_macro.o)
 .debug_line    0x0000000000000de9       0x53 lib/libstm32.a(stm32f10x_vector.o)
 .debug_line    0x0000000000000e3c       0x94 /usr/local/lib/gcc/arm-elf/4.3.0/../../../../arm-elf/lib/thumb/libc.a(lib_a-atexit.o)
 .debug_line    0x0000000000000ed0      0x131 /usr/local/lib/gcc/arm-elf/4.3.0/../../../../arm-elf/lib/thumb/libc.a(lib_a-exit.o)
 .debug_line    0x0000000000001001      0x11d /usr/local/lib/gcc/arm-elf/4.3.0/../../../../arm-elf/lib/thumb/libc.a(lib_a-impure.o)
 .debug_line    0x000000000000111e       0xcf /usr/local/lib/gcc/arm-elf/4.3.0/../../../../arm-elf/lib/thumb/libc.a(lib_a-init.o)
 .debug_line    0x00000000000011ed       0xee /usr/local/lib/gcc/arm-elf/4.3.0/../../../../arm-elf/lib/thumb/libc.a(lib_a-memset.o)
 .debug_line    0x00000000000012db      0x16c /usr/local/lib/gcc/arm-elf/4.3.0/../../../../arm-elf/lib/thumb/libc.a(lib_a-__atexit.o)
 .debug_line    0x0000000000001447      0x195 /usr/local/lib/gcc/arm-elf/4.3.0/../../../../arm-elf/lib/thumb/libc.a(lib_a-__call_atexit.o)
 .debug_line    0x00000000000015dc      0x139 /usr/local/lib/gcc/arm-elf/4.3.0/../../../../arm-elf/lib/thumb/libc.a(lib_a-malloc.o)
 .debug_line    0x0000000000001715      0x278 /usr/local/lib/gcc/arm-elf/4.3.0/../../../../arm-elf/lib/thumb/libc.a(lib_a-mallocr.o)
 .debug_line    0x000000000000198d      0x12f /usr/local/lib/gcc/arm-elf/4.3.0/../../../../arm-elf/lib/thumb/libc.a(lib_a-mlock.o)
 .debug_line    0x0000000000001abc      0x132 /usr/local/lib/gcc/arm-elf/4.3.0/../../../../arm-elf/lib/thumb/libc.a(lib_a-sbrkr.o)
 .debug_line    0x0000000000001bee      0x197 /usr/local/lib/gcc/arm-elf/4.3.0/../../../../arm-elf/lib/thumb/libc.a(lib_a-freer.o)
 .debug_line    0x0000000000001d85      0x168 /usr/local/lib/gcc/arm-elf/4.3.0/../../../../arm-elf/lib/thumb/libc.a(lib_a-reent.o)
 .debug_line    0x0000000000001eed       0x7c /usr/local/lib/gcc/arm-elf/4.3.0/thumb/crtn.o

.debug_frame    0x0000000000000000     0x1ce4
 *(.debug_frame)
 .debug_frame   0x0000000000000000       0x80 main.o
 .debug_frame   0x0000000000000080      0x204 lcd.o
 .debug_frame   0x0000000000000284      0x4f0 stm32f10x_it.o
 .debug_frame   0x0000000000000774       0x64 lib/libstm32.a(stm32f10x_flash.o)
 .debug_frame   0x00000000000007d8      0x1f0 lib/libstm32.a(stm32f10x_gpio.o)
 .debug_frame   0x00000000000009c8      0x34c lib/libstm32.a(stm32f10x_nvic.o)
 .debug_frame   0x0000000000000d14      0x388 lib/libstm32.a(stm32f10x_rcc.o)
 .debug_frame   0x000000000000109c       0xb4 lib/libstm32.a(stm32f10x_systick.o)
 .debug_frame   0x0000000000001150      0x898 lib/libstm32.a(stm32f10x_tim.o)
 .debug_frame   0x00000000000019e8       0x34 lib/libstm32.a(stm32f10x_vector.o)
 .debug_frame   0x0000000000001a1c       0x28 /usr/local/lib/gcc/arm-elf/4.3.0/../../../../arm-elf/lib/thumb/libc.a(lib_a-atexit.o)
 .debug_frame   0x0000000000001a44       0x28 /usr/local/lib/gcc/arm-elf/4.3.0/../../../../arm-elf/lib/thumb/libc.a(lib_a-exit.o)
 .debug_frame   0x0000000000001a6c       0x48 /usr/local/lib/gcc/arm-elf/4.3.0/../../../../arm-elf/lib/thumb/libc.a(lib_a-init.o)
 .debug_frame   0x0000000000001ab4       0x2c /usr/local/lib/gcc/arm-elf/4.3.0/../../../../arm-elf/lib/thumb/libc.a(lib_a-memset.o)
 .debug_frame   0x0000000000001ae0       0x34 /usr/local/lib/gcc/arm-elf/4.3.0/../../../../arm-elf/lib/thumb/libc.a(lib_a-__atexit.o)
 .debug_frame   0x0000000000001b14       0x3c /usr/local/lib/gcc/arm-elf/4.3.0/../../../../arm-elf/lib/thumb/libc.a(lib_a-__call_atexit.o)
 .debug_frame   0x0000000000001b50       0x40 /usr/local/lib/gcc/arm-elf/4.3.0/../../../../arm-elf/lib/thumb/libc.a(lib_a-malloc.o)
 .debug_frame   0x0000000000001b90       0x3c /usr/local/lib/gcc/arm-elf/4.3.0/../../../../arm-elf/lib/thumb/libc.a(lib_a-mallocr.o)
 .debug_frame   0x0000000000001bcc       0x30 /usr/local/lib/gcc/arm-elf/4.3.0/../../../../arm-elf/lib/thumb/libc.a(lib_a-mlock.o)
 .debug_frame   0x0000000000001bfc       0x2c /usr/local/lib/gcc/arm-elf/4.3.0/../../../../arm-elf/lib/thumb/libc.a(lib_a-sbrkr.o)
 .debug_frame   0x0000000000001c28       0x54 /usr/local/lib/gcc/arm-elf/4.3.0/../../../../arm-elf/lib/thumb/libc.a(lib_a-freer.o)
 .debug_frame   0x0000000000001c7c       0x68 /usr/local/lib/gcc/arm-elf/4.3.0/../../../../arm-elf/lib/thumb/libc.a(lib_a-reent.o)

.debug_str      0x0000000000000000     0x28d4
 *(.debug_str)
 .debug_str     0x0000000000000000      0x3c8 main.o
                                        0x402 (size before relaxing)
 .debug_str     0x00000000000003c8       0xa2 lcd.o
                                        0x286 (size before relaxing)
 .debug_str     0x000000000000046a      0x3ca stm32f10x_it.o
                                        0x44a (size before relaxing)
 .debug_str     0x0000000000000834       0xab lib/libstm32.a(stm32f10x_flash.o)
                                        0x12b (size before relaxing)
 .debug_str     0x00000000000008df      0x224 lib/libstm32.a(stm32f10x_gpio.o)
                                        0x3be (size before relaxing)
 .debug_str     0x0000000000000b03      0x4c0 lib/libstm32.a(stm32f10x_nvic.o)
                                        0x5c4 (size before relaxing)
 .debug_str     0x0000000000000fc3      0x40d lib/libstm32.a(stm32f10x_rcc.o)
                                        0x509 (size before relaxing)
 .debug_str     0x00000000000013d0       0xd2 lib/libstm32.a(stm32f10x_systick.o)
                                        0x1a1 (size before relaxing)
 .debug_str     0x00000000000014a2      0x87a lib/libstm32.a(stm32f10x_tim.o)
                                        0xb30 (size before relaxing)
 .debug_str     0x0000000000001d1c       0x6f lib/libstm32.a(stm32f10x_vector.o)
                                         0xaa (size before relaxing)
 .debug_str     0x0000000000001d8b       0x86 /usr/local/lib/gcc/arm-elf/4.3.0/../../../../arm-elf/lib/thumb/libc.a(lib_a-atexit.o)
                                        0x122 (size before relaxing)
 .debug_str     0x0000000000001e11      0x3ce /usr/local/lib/gcc/arm-elf/4.3.0/../../../../arm-elf/lib/thumb/libc.a(lib_a-exit.o)
                                        0x49b (size before relaxing)
 .debug_str     0x00000000000021df       0x61 /usr/local/lib/gcc/arm-elf/4.3.0/../../../../arm-elf/lib/thumb/libc.a(lib_a-impure.o)
                                        0x4aa (size before relaxing)
 .debug_str     0x0000000000002240       0xef /usr/local/lib/gcc/arm-elf/4.3.0/../../../../arm-elf/lib/thumb/libc.a(lib_a-init.o)
                                        0x18a (size before relaxing)
 .debug_str     0x000000000000232f       0x71 /usr/local/lib/gcc/arm-elf/4.3.0/../../../../arm-elf/lib/thumb/libc.a(lib_a-memset.o)
                                        0x10d (size before relaxing)
 .debug_str     0x00000000000023a0       0x71 /usr/local/lib/gcc/arm-elf/4.3.0/../../../../arm-elf/lib/thumb/libc.a(lib_a-__atexit.o)
                                        0x4e3 (size before relaxing)
 .debug_str     0x0000000000002411       0x7c /usr/local/lib/gcc/arm-elf/4.3.0/../../../../arm-elf/lib/thumb/libc.a(lib_a-__call_atexit.o)
                                        0x4c3 (size before relaxing)
 .debug_str     0x000000000000248d       0x67 /usr/local/lib/gcc/arm-elf/4.3.0/../../../../arm-elf/lib/thumb/libc.a(lib_a-malloc.o)
                                        0x4ab (size before relaxing)
 .debug_str     0x00000000000024f4      0x223 /usr/local/lib/gcc/arm-elf/4.3.0/../../../../arm-elf/lib/thumb/libc.a(lib_a-mallocr.o)
                                        0x680 (size before relaxing)
 .debug_str     0x0000000000002717       0x88 /usr/local/lib/gcc/arm-elf/4.3.0/../../../../arm-elf/lib/thumb/libc.a(lib_a-mlock.o)
                                        0x4b2 (size before relaxing)
 .debug_str     0x000000000000279f       0x6b /usr/local/lib/gcc/arm-elf/4.3.0/../../../../arm-elf/lib/thumb/libc.a(lib_a-sbrkr.o)
                                        0x49b (size before relaxing)
 .debug_str     0x000000000000280a       0x3c /usr/local/lib/gcc/arm-elf/4.3.0/../../../../arm-elf/lib/thumb/libc.a(lib_a-freer.o)
                                        0x5d2 (size before relaxing)
 .debug_str     0x0000000000002846       0x8e /usr/local/lib/gcc/arm-elf/4.3.0/../../../../arm-elf/lib/thumb/libc.a(lib_a-reent.o)
                                        0x4cf (size before relaxing)

.debug_loc      0x0000000000000000     0x43b8
 *(.debug_loc)
 .debug_loc     0x0000000000000000       0xb8 main.o
 .debug_loc     0x00000000000000b8      0x358 lcd.o
 .debug_loc     0x0000000000000410      0x8bc stm32f10x_it.o
 .debug_loc     0x0000000000000ccc       0xa5 lib/libstm32.a(stm32f10x_flash.o)
 .debug_loc     0x0000000000000d71      0x39b lib/libstm32.a(stm32f10x_gpio.o)
 .debug_loc     0x000000000000110c      0x606 lib/libstm32.a(stm32f10x_nvic.o)
 .debug_loc     0x0000000000001712      0x6bc lib/libstm32.a(stm32f10x_rcc.o)
 .debug_loc     0x0000000000001dce      0x13e lib/libstm32.a(stm32f10x_systick.o)
 .debug_loc     0x0000000000001f0c     0x108b lib/libstm32.a(stm32f10x_tim.o)
 .debug_loc     0x0000000000002f97       0x37 lib/libstm32.a(stm32f10x_vector.o)
 .debug_loc     0x0000000000002fce       0x3d /usr/local/lib/gcc/arm-elf/4.3.0/../../../../arm-elf/lib/thumb/libc.a(lib_a-atexit.o)
 .debug_loc     0x000000000000300b       0x3d /usr/local/lib/gcc/arm-elf/4.3.0/../../../../arm-elf/lib/thumb/libc.a(lib_a-exit.o)
 .debug_loc     0x0000000000003048       0x8a /usr/local/lib/gcc/arm-elf/4.3.0/../../../../arm-elf/lib/thumb/libc.a(lib_a-init.o)
 .debug_loc     0x00000000000030d2      0x128 /usr/local/lib/gcc/arm-elf/4.3.0/../../../../arm-elf/lib/thumb/libc.a(lib_a-memset.o)
 .debug_loc     0x00000000000031fa      0x103 /usr/local/lib/gcc/arm-elf/4.3.0/../../../../arm-elf/lib/thumb/libc.a(lib_a-__atexit.o)
 .debug_loc     0x00000000000032fd      0x159 /usr/local/lib/gcc/arm-elf/4.3.0/../../../../arm-elf/lib/thumb/libc.a(lib_a-__call_atexit.o)
 .debug_loc     0x0000000000003456       0x7a /usr/local/lib/gcc/arm-elf/4.3.0/../../../../arm-elf/lib/thumb/libc.a(lib_a-malloc.o)
 .debug_loc     0x00000000000034d0      0x909 /usr/local/lib/gcc/arm-elf/4.3.0/../../../../arm-elf/lib/thumb/libc.a(lib_a-mallocr.o)
 .debug_loc     0x0000000000003dd9       0x79 /usr/local/lib/gcc/arm-elf/4.3.0/../../../../arm-elf/lib/thumb/libc.a(lib_a-sbrkr.o)
 .debug_loc     0x0000000000003e52      0x37f /usr/local/lib/gcc/arm-elf/4.3.0/../../../../arm-elf/lib/thumb/libc.a(lib_a-freer.o)
 .debug_loc     0x00000000000041d1      0x1e7 /usr/local/lib/gcc/arm-elf/4.3.0/../../../../arm-elf/lib/thumb/libc.a(lib_a-reent.o)

.debug_macinfo
 *(.debug_macinfo)

.debug_weaknames
 *(.debug_weaknames)

.debug_funcnames
 *(.debug_funcnames)

.debug_typenames
 *(.debug_typenames)

.debug_varnames
 *(.debug_varnames)
OUTPUT(main.elf elf32-littlearm)

.ARM.attributes
                0x0000000000000000       0x10
 .ARM.attributes
                0x0000000000000000       0x10 /usr/local/lib/gcc/arm-elf/4.3.0/thumb/crti.o
 .ARM.attributes
                0x0000000000000010       0x10 /usr/local/lib/gcc/arm-elf/4.3.0/thumb/crtbegin.o
 .ARM.attributes
                0x0000000000000020       0x10 /usr/local/lib/gcc/arm-elf/4.3.0/../../../../arm-elf/lib/thumb/crt0.o
 .ARM.attributes
                0x0000000000000030       0x10 main.o
 .ARM.attributes
                0x0000000000000040       0x10 lcd.o
 .ARM.attributes
                0x0000000000000050       0x10 stm32f10x_it.o
 .ARM.attributes
                0x0000000000000060       0x10 lib/libstm32.a(stm32f10x_flash.o)
 .ARM.attributes
                0x0000000000000070       0x10 lib/libstm32.a(stm32f10x_gpio.o)
 .ARM.attributes
                0x0000000000000080       0x10 lib/libstm32.a(stm32f10x_nvic.o)
 .ARM.attributes
                0x0000000000000090       0x10 lib/libstm32.a(stm32f10x_rcc.o)
 .ARM.attributes
                0x00000000000000a0       0x10 lib/libstm32.a(stm32f10x_systick.o)
 .ARM.attributes
                0x00000000000000b0       0x10 lib/libstm32.a(stm32f10x_tim.o)
 .ARM.attributes
                0x00000000000000c0       0x10 lib/libstm32.a(cortexm3_macro.o)
 .ARM.attributes
                0x00000000000000d0       0x10 lib/libstm32.a(stm32f10x_vector.o)
 .ARM.attributes
                0x00000000000000e0       0x10 /usr/local/lib/gcc/arm-elf/4.3.0/../../../../arm-elf/lib/thumb/libc.a(lib_a-atexit.o)
 .ARM.attributes
                0x00000000000000f0       0x10 /usr/local/lib/gcc/arm-elf/4.3.0/../../../../arm-elf/lib/thumb/libc.a(lib_a-exit.o)
 .ARM.attributes
                0x0000000000000100       0x10 /usr/local/lib/gcc/arm-elf/4.3.0/../../../../arm-elf/lib/thumb/libc.a(lib_a-impure.o)
 .ARM.attributes
                0x0000000000000110       0x10 /usr/local/lib/gcc/arm-elf/4.3.0/../../../../arm-elf/lib/thumb/libc.a(lib_a-init.o)
 .ARM.attributes
                0x0000000000000120       0x10 /usr/local/lib/gcc/arm-elf/4.3.0/../../../../arm-elf/lib/thumb/libc.a(lib_a-memset.o)
 .ARM.attributes
                0x0000000000000130       0x10 /usr/local/lib/gcc/arm-elf/4.3.0/../../../../arm-elf/lib/thumb/libc.a(lib_a-__atexit.o)
 .ARM.attributes
                0x0000000000000140       0x10 /usr/local/lib/gcc/arm-elf/4.3.0/../../../../arm-elf/lib/thumb/libc.a(lib_a-__call_atexit.o)
 .ARM.attributes
                0x0000000000000150       0x10 /usr/local/lib/gcc/arm-elf/4.3.0/../../../../arm-elf/lib/thumb/libc.a(lib_a-malloc.o)
 .ARM.attributes
                0x0000000000000160       0x10 /usr/local/lib/gcc/arm-elf/4.3.0/../../../../arm-elf/lib/thumb/libc.a(lib_a-mallocr.o)
 .ARM.attributes
                0x0000000000000170       0x10 /usr/local/lib/gcc/arm-elf/4.3.0/../../../../arm-elf/lib/thumb/libc.a(lib_a-mlock.o)
 .ARM.attributes
                0x0000000000000180       0x10 /usr/local/lib/gcc/arm-elf/4.3.0/../../../../arm-elf/lib/thumb/libc.a(lib_a-sbrkr.o)
 .ARM.attributes
                0x0000000000000190       0x10 /usr/local/lib/gcc/arm-elf/4.3.0/../../../../arm-elf/lib/thumb/libc.a(lib_a-freer.o)
 .ARM.attributes
                0x00000000000001a0       0x10 /usr/local/lib/gcc/arm-elf/4.3.0/../../../../arm-elf/lib/thumb/libc.a(lib_a-reent.o)
 .ARM.attributes
                0x00000000000001b0       0x10 /usr/local/lib/gcc/arm-elf/4.3.0/thumb/crtend.o
 .ARM.attributes
                0x00000000000001c0       0x10 /usr/local/lib/gcc/arm-elf/4.3.0/thumb/crtn.o

.debug_ranges   0x0000000000000000       0xf8
 .debug_ranges  0x0000000000000000       0x20 /usr/local/lib/gcc/arm-elf/4.3.0/thumb/crti.o
 .debug_ranges  0x0000000000000020       0x48 /usr/local/lib/gcc/arm-elf/4.3.0/../../../../arm-elf/lib/thumb/libc.a(lib_a-__call_atexit.o)
 .debug_ranges  0x0000000000000068       0x70 /usr/local/lib/gcc/arm-elf/4.3.0/../../../../arm-elf/lib/thumb/libc.a(lib_a-mallocr.o)
 .debug_ranges  0x00000000000000d8       0x20 /usr/local/lib/gcc/arm-elf/4.3.0/thumb/crtn.o

Cross Reference Table

Symbol                                            File
ADC_IRQHandler                                    stm32f10x_it.o
                                                  lib/libstm32.a(stm32f10x_vector.o)
BusFaultException                                 stm32f10x_it.o
                                                  lib/libstm32.a(stm32f10x_vector.o)
CAN_RX1_IRQHandler                                stm32f10x_it.o
                                                  lib/libstm32.a(stm32f10x_vector.o)
CAN_SCE_IRQHandler                                stm32f10x_it.o
                                                  lib/libstm32.a(stm32f10x_vector.o)
DMAChannel1_IRQHandler                            stm32f10x_it.o
                                                  lib/libstm32.a(stm32f10x_vector.o)
DMAChannel2_IRQHandler                            stm32f10x_it.o
                                                  lib/libstm32.a(stm32f10x_vector.o)
DMAChannel3_IRQHandler                            stm32f10x_it.o
                                                  lib/libstm32.a(stm32f10x_vector.o)
DMAChannel4_IRQHandler                            stm32f10x_it.o
                                                  lib/libstm32.a(stm32f10x_vector.o)
DMAChannel5_IRQHandler                            stm32f10x_it.o
                                                  lib/libstm32.a(stm32f10x_vector.o)
DMAChannel6_IRQHandler                            stm32f10x_it.o
                                                  lib/libstm32.a(stm32f10x_vector.o)
DMAChannel7_IRQHandler                            stm32f10x_it.o
                                                  lib/libstm32.a(stm32f10x_vector.o)
DebugMonitor                                      stm32f10x_it.o
                                                  lib/libstm32.a(stm32f10x_vector.o)
Delay                                             main.o
EXTI0_IRQHandler                                  stm32f10x_it.o
                                                  lib/libstm32.a(stm32f10x_vector.o)
EXTI15_10_IRQHandler                              stm32f10x_it.o
                                                  lib/libstm32.a(stm32f10x_vector.o)
EXTI1_IRQHandler                                  stm32f10x_it.o
                                                  lib/libstm32.a(stm32f10x_vector.o)
EXTI2_IRQHandler                                  stm32f10x_it.o
                                                  lib/libstm32.a(stm32f10x_vector.o)
EXTI3_IRQHandler                                  stm32f10x_it.o
                                                  lib/libstm32.a(stm32f10x_vector.o)
EXTI4_IRQHandler                                  stm32f10x_it.o
                                                  lib/libstm32.a(stm32f10x_vector.o)
EXTI9_5_IRQHandler                                stm32f10x_it.o
                                                  lib/libstm32.a(stm32f10x_vector.o)
FLASH_HalfCycleAccessCmd                          lib/libstm32.a(stm32f10x_flash.o)
FLASH_IRQHandler                                  stm32f10x_it.o
                                                  lib/libstm32.a(stm32f10x_vector.o)
FLASH_PrefetchBufferCmd                           lib/libstm32.a(stm32f10x_flash.o)
                                                  main.o
FLASH_SetLatency                                  lib/libstm32.a(stm32f10x_flash.o)
                                                  main.o
GPIO_AFIODeInit                                   lib/libstm32.a(stm32f10x_gpio.o)
GPIO_DeInit                                       lib/libstm32.a(stm32f10x_gpio.o)
GPIO_EXTILineConfig                               lib/libstm32.a(stm32f10x_gpio.o)
GPIO_EventOutputCmd                               lib/libstm32.a(stm32f10x_gpio.o)
GPIO_EventOutputConfig                            lib/libstm32.a(stm32f10x_gpio.o)
GPIO_Init                                         lib/libstm32.a(stm32f10x_gpio.o)
                                                  lcd.o
                                                  main.o
GPIO_InitStructure                                lcd.o
                                                  main.o
GPIO_PinLockConfig                                lib/libstm32.a(stm32f10x_gpio.o)
GPIO_PinRemapConfig                               lib/libstm32.a(stm32f10x_gpio.o)
GPIO_ReadInputData                                lib/libstm32.a(stm32f10x_gpio.o)
                                                  lcd.o
GPIO_ReadInputDataBit                             lib/libstm32.a(stm32f10x_gpio.o)
GPIO_ReadOutputData                               lib/libstm32.a(stm32f10x_gpio.o)
GPIO_ReadOutputDataBit                            lib/libstm32.a(stm32f10x_gpio.o)
GPIO_ResetBits                                    lib/libstm32.a(stm32f10x_gpio.o)
                                                  lcd.o
GPIO_SetBits                                      lib/libstm32.a(stm32f10x_gpio.o)
                                                  lcd.o
GPIO_StructInit                                   lib/libstm32.a(stm32f10x_gpio.o)
GPIO_Write                                        lib/libstm32.a(stm32f10x_gpio.o)
GPIO_WriteBit                                     lib/libstm32.a(stm32f10x_gpio.o)
HSEStartUpStatus                                  main.o
HardFaultException                                stm32f10x_it.o
                                                  lib/libstm32.a(stm32f10x_vector.o)
I2C1_ER_IRQHandler                                stm32f10x_it.o
                                                  lib/libstm32.a(stm32f10x_vector.o)
I2C1_EV_IRQHandler                                stm32f10x_it.o
                                                  lib/libstm32.a(stm32f10x_vector.o)
I2C2_ER_IRQHandler                                stm32f10x_it.o
                                                  lib/libstm32.a(stm32f10x_vector.o)
I2C2_EV_IRQHandler                                stm32f10x_it.o
                                                  lib/libstm32.a(stm32f10x_vector.o)
MemManageException                                stm32f10x_it.o
                                                  lib/libstm32.a(stm32f10x_vector.o)
NMIException                                      stm32f10x_it.o
                                                  lib/libstm32.a(stm32f10x_vector.o)
NVIC_BASEPRICONFIG                                lib/libstm32.a(stm32f10x_nvic.o)
NVIC_ClearIRQChannelPendingBit                    lib/libstm32.a(stm32f10x_nvic.o)
NVIC_ClearSystemHandlerPendingBit                 lib/libstm32.a(stm32f10x_nvic.o)
NVIC_Configuration                                main.o
NVIC_DeInit                                       lib/libstm32.a(stm32f10x_nvic.o)
NVIC_GenerateCoreReset                            lib/libstm32.a(stm32f10x_nvic.o)
NVIC_GenerateSystemReset                          lib/libstm32.a(stm32f10x_nvic.o)
NVIC_GetBASEPRI                                   lib/libstm32.a(stm32f10x_nvic.o)
NVIC_GetCPUID                                     lib/libstm32.a(stm32f10x_nvic.o)
NVIC_GetCurrentActiveHandler                      lib/libstm32.a(stm32f10x_nvic.o)
NVIC_GetCurrentPendingIRQChannel                  lib/libstm32.a(stm32f10x_nvic.o)
NVIC_GetFaultAddress                              lib/libstm32.a(stm32f10x_nvic.o)
NVIC_GetFaultHandlerSources                       lib/libstm32.a(stm32f10x_nvic.o)
NVIC_GetIRQChannelActiveBitStatus                 lib/libstm32.a(stm32f10x_nvic.o)
NVIC_GetIRQChannelPendingBitStatus                lib/libstm32.a(stm32f10x_nvic.o)
NVIC_GetSystemHandlerActiveBitStatus              lib/libstm32.a(stm32f10x_nvic.o)
NVIC_GetSystemHandlerPendingBitStatus             lib/libstm32.a(stm32f10x_nvic.o)
NVIC_Init                                         lib/libstm32.a(stm32f10x_nvic.o)
NVIC_PriorityGroupConfig                          lib/libstm32.a(stm32f10x_nvic.o)
NVIC_RESETFAULTMASK                               lib/libstm32.a(stm32f10x_nvic.o)
NVIC_RESETPRIMASK                                 lib/libstm32.a(stm32f10x_nvic.o)
NVIC_SCBDeInit                                    lib/libstm32.a(stm32f10x_nvic.o)
NVIC_SETFAULTMASK                                 lib/libstm32.a(stm32f10x_nvic.o)
NVIC_SETPRIMASK                                   lib/libstm32.a(stm32f10x_nvic.o)
NVIC_SetIRQChannelPendingBit                      lib/libstm32.a(stm32f10x_nvic.o)
NVIC_SetSystemHandlerPendingBit                   lib/libstm32.a(stm32f10x_nvic.o)
NVIC_SetVectorTable                               lib/libstm32.a(stm32f10x_nvic.o)
                                                  main.o
NVIC_StructInit                                   lib/libstm32.a(stm32f10x_nvic.o)
NVIC_SystemHandlerConfig                          lib/libstm32.a(stm32f10x_nvic.o)
NVIC_SystemHandlerPriorityConfig                  lib/libstm32.a(stm32f10x_nvic.o)
NVIC_SystemLPConfig                               lib/libstm32.a(stm32f10x_nvic.o)
PVD_IRQHandler                                    stm32f10x_it.o
                                                  lib/libstm32.a(stm32f10x_vector.o)
PendSVC                                           stm32f10x_it.o
                                                  lib/libstm32.a(stm32f10x_vector.o)
RCC_ADCCLKConfig                                  lib/libstm32.a(stm32f10x_rcc.o)
RCC_AHBPeriphClockCmd                             lib/libstm32.a(stm32f10x_rcc.o)
RCC_APB1PeriphClockCmd                            lib/libstm32.a(stm32f10x_rcc.o)
                                                  main.o
RCC_APB1PeriphResetCmd                            lib/libstm32.a(stm32f10x_rcc.o)
                                                  lib/libstm32.a(stm32f10x_tim.o)
RCC_APB2PeriphClockCmd                            lib/libstm32.a(stm32f10x_rcc.o)
                                                  lcd.o
                                                  main.o
RCC_APB2PeriphResetCmd                            lib/libstm32.a(stm32f10x_rcc.o)
                                                  lib/libstm32.a(stm32f10x_gpio.o)
RCC_AdjustHSICalibrationValue                     lib/libstm32.a(stm32f10x_rcc.o)
RCC_BackupResetCmd                                lib/libstm32.a(stm32f10x_rcc.o)
RCC_ClearFlag                                     lib/libstm32.a(stm32f10x_rcc.o)
RCC_ClearITPendingBit                             lib/libstm32.a(stm32f10x_rcc.o)
RCC_ClockSecuritySystemCmd                        lib/libstm32.a(stm32f10x_rcc.o)
RCC_Configuration                                 main.o
RCC_DeInit                                        lib/libstm32.a(stm32f10x_rcc.o)
                                                  main.o
RCC_GetClocksFreq                                 lib/libstm32.a(stm32f10x_rcc.o)
RCC_GetFlagStatus                                 lib/libstm32.a(stm32f10x_rcc.o)
                                                  main.o
RCC_GetITStatus                                   lib/libstm32.a(stm32f10x_rcc.o)
RCC_GetSYSCLKSource                               lib/libstm32.a(stm32f10x_rcc.o)
                                                  main.o
RCC_HCLKConfig                                    lib/libstm32.a(stm32f10x_rcc.o)
                                                  main.o
RCC_HSEConfig                                     lib/libstm32.a(stm32f10x_rcc.o)
                                                  main.o
RCC_HSICmd                                        lib/libstm32.a(stm32f10x_rcc.o)
RCC_IRQHandler                                    stm32f10x_it.o
                                                  lib/libstm32.a(stm32f10x_vector.o)
RCC_ITConfig                                      lib/libstm32.a(stm32f10x_rcc.o)
RCC_LSEConfig                                     lib/libstm32.a(stm32f10x_rcc.o)
RCC_LSICmd                                        lib/libstm32.a(stm32f10x_rcc.o)
RCC_MCOConfig                                     lib/libstm32.a(stm32f10x_rcc.o)
RCC_PCLK1Config                                   lib/libstm32.a(stm32f10x_rcc.o)
                                                  main.o
RCC_PCLK2Config                                   lib/libstm32.a(stm32f10x_rcc.o)
                                                  main.o
RCC_PLLCmd                                        lib/libstm32.a(stm32f10x_rcc.o)
                                                  main.o
RCC_PLLConfig                                     lib/libstm32.a(stm32f10x_rcc.o)
                                                  main.o
RCC_RTCCLKCmd                                     lib/libstm32.a(stm32f10x_rcc.o)
RCC_RTCCLKConfig                                  lib/libstm32.a(stm32f10x_rcc.o)
RCC_SYSCLKConfig                                  lib/libstm32.a(stm32f10x_rcc.o)
                                                  main.o
RCC_USBCLKConfig                                  lib/libstm32.a(stm32f10x_rcc.o)
RCC_WaitForHSEStartUp                             lib/libstm32.a(stm32f10x_rcc.o)
                                                  main.o
RTCAlarm_IRQHandler                               stm32f10x_it.o
                                                  lib/libstm32.a(stm32f10x_vector.o)
RTC_IRQHandler                                    stm32f10x_it.o
                                                  lib/libstm32.a(stm32f10x_vector.o)
Reset_Handler                                     lib/libstm32.a(stm32f10x_vector.o)
SPI1_IRQHandler                                   stm32f10x_it.o
                                                  lib/libstm32.a(stm32f10x_vector.o)
SPI2_IRQHandler                                   stm32f10x_it.o
                                                  lib/libstm32.a(stm32f10x_vector.o)
SVCHandler                                        stm32f10x_it.o
                                                  lib/libstm32.a(stm32f10x_vector.o)
SysTickHandler                                    stm32f10x_it.o
                                                  lib/libstm32.a(stm32f10x_vector.o)
SysTick_CLKSourceConfig                           lib/libstm32.a(stm32f10x_systick.o)
SysTick_CounterCmd                                lib/libstm32.a(stm32f10x_systick.o)
                                                  main.o
SysTick_GetCounter                                lib/libstm32.a(stm32f10x_systick.o)
SysTick_GetFlagStatus                             lib/libstm32.a(stm32f10x_systick.o)
SysTick_ITConfig                                  lib/libstm32.a(stm32f10x_systick.o)
                                                  main.o
SysTick_SetReload                                 lib/libstm32.a(stm32f10x_systick.o)
                                                  main.o
TAMPER_IRQHandler                                 stm32f10x_it.o
                                                  lib/libstm32.a(stm32f10x_vector.o)
TIM1_BRK_IRQHandler                               stm32f10x_it.o
                                                  lib/libstm32.a(stm32f10x_vector.o)
TIM1_CC_IRQHandler                                stm32f10x_it.o
                                                  lib/libstm32.a(stm32f10x_vector.o)
TIM1_TRG_COM_IRQHandler                           stm32f10x_it.o
                                                  lib/libstm32.a(stm32f10x_vector.o)
TIM1_UP_IRQHandler                                stm32f10x_it.o
                                                  lib/libstm32.a(stm32f10x_vector.o)
TIM2_IRQHandler                                   stm32f10x_it.o
                                                  lib/libstm32.a(stm32f10x_vector.o)
TIM3_IRQHandler                                   stm32f10x_it.o
                                                  lib/libstm32.a(stm32f10x_vector.o)
TIM4_IRQHandler                                   stm32f10x_it.o
                                                  lib/libstm32.a(stm32f10x_vector.o)
TIM_ARRPreloadConfig                              lib/libstm32.a(stm32f10x_tim.o)
                                                  main.o
TIM_ClearFlag                                     lib/libstm32.a(stm32f10x_tim.o)
TIM_ClearITPendingBit                             lib/libstm32.a(stm32f10x_tim.o)
TIM_ClearOC1Ref                                   lib/libstm32.a(stm32f10x_tim.o)
TIM_ClearOC2Ref                                   lib/libstm32.a(stm32f10x_tim.o)
TIM_ClearOC3Ref                                   lib/libstm32.a(stm32f10x_tim.o)
TIM_ClearOC4Ref                                   lib/libstm32.a(stm32f10x_tim.o)
TIM_Cmd                                           lib/libstm32.a(stm32f10x_tim.o)
                                                  main.o
TIM_CounterModeConfig                             lib/libstm32.a(stm32f10x_tim.o)
TIM_DMACmd                                        lib/libstm32.a(stm32f10x_tim.o)
TIM_DMAConfig                                     lib/libstm32.a(stm32f10x_tim.o)
TIM_DeInit                                        lib/libstm32.a(stm32f10x_tim.o)
TIM_ETRClockMode1Config                           lib/libstm32.a(stm32f10x_tim.o)
TIM_ETRClockMode2Config                           lib/libstm32.a(stm32f10x_tim.o)
TIM_ETRConfig                                     lib/libstm32.a(stm32f10x_tim.o)
TIM_EncoderInterfaceConfig                        lib/libstm32.a(stm32f10x_tim.o)
TIM_ForcedOC1Config                               lib/libstm32.a(stm32f10x_tim.o)
TIM_ForcedOC2Config                               lib/libstm32.a(stm32f10x_tim.o)
TIM_ForcedOC3Config                               lib/libstm32.a(stm32f10x_tim.o)
TIM_ForcedOC4Config                               lib/libstm32.a(stm32f10x_tim.o)
TIM_GenerateEvent                                 lib/libstm32.a(stm32f10x_tim.o)
TIM_GetCapture1                                   lib/libstm32.a(stm32f10x_tim.o)
TIM_GetCapture2                                   lib/libstm32.a(stm32f10x_tim.o)
TIM_GetCapture3                                   lib/libstm32.a(stm32f10x_tim.o)
TIM_GetCapture4                                   lib/libstm32.a(stm32f10x_tim.o)
TIM_GetCounter                                    lib/libstm32.a(stm32f10x_tim.o)
TIM_GetFlagStatus                                 lib/libstm32.a(stm32f10x_tim.o)
TIM_GetITStatus                                   lib/libstm32.a(stm32f10x_tim.o)
TIM_GetPrescaler                                  lib/libstm32.a(stm32f10x_tim.o)
TIM_ICInit                                        lib/libstm32.a(stm32f10x_tim.o)
TIM_ICStructInit                                  lib/libstm32.a(stm32f10x_tim.o)
TIM_ITConfig                                      lib/libstm32.a(stm32f10x_tim.o)
TIM_ITRxExternalClockConfig                       lib/libstm32.a(stm32f10x_tim.o)
TIM_InternalClockConfig                           lib/libstm32.a(stm32f10x_tim.o)
TIM_OC1FastConfig                                 lib/libstm32.a(stm32f10x_tim.o)
TIM_OC1PolarityConfig                             lib/libstm32.a(stm32f10x_tim.o)
TIM_OC1PreloadConfig                              lib/libstm32.a(stm32f10x_tim.o)
                                                  main.o
TIM_OC2FastConfig                                 lib/libstm32.a(stm32f10x_tim.o)
TIM_OC2PolarityConfig                             lib/libstm32.a(stm32f10x_tim.o)
TIM_OC2PreloadConfig                              lib/libstm32.a(stm32f10x_tim.o)
TIM_OC3FastConfig                                 lib/libstm32.a(stm32f10x_tim.o)
TIM_OC3PolarityConfig                             lib/libstm32.a(stm32f10x_tim.o)
TIM_OC3PreloadConfig                              lib/libstm32.a(stm32f10x_tim.o)
TIM_OC4FastConfig                                 lib/libstm32.a(stm32f10x_tim.o)
TIM_OC4PolarityConfig                             lib/libstm32.a(stm32f10x_tim.o)
TIM_OC4PreloadConfig                              lib/libstm32.a(stm32f10x_tim.o)
TIM_OCInit                                        lib/libstm32.a(stm32f10x_tim.o)
                                                  main.o
TIM_OCInitStructure                               main.o
TIM_OCStructInit                                  lib/libstm32.a(stm32f10x_tim.o)
TIM_PrescalerConfig                               lib/libstm32.a(stm32f10x_tim.o)
TIM_SelectCCDMA                                   lib/libstm32.a(stm32f10x_tim.o)
TIM_SelectHallSensor                              lib/libstm32.a(stm32f10x_tim.o)
TIM_SelectInputTrigger                            lib/libstm32.a(stm32f10x_tim.o)
TIM_SelectMasterSlaveMode                         lib/libstm32.a(stm32f10x_tim.o)
TIM_SelectOnePulseMode                            lib/libstm32.a(stm32f10x_tim.o)
TIM_SelectOutputTrigger                           lib/libstm32.a(stm32f10x_tim.o)
TIM_SelectSlaveMode                               lib/libstm32.a(stm32f10x_tim.o)
TIM_SetAutoreload                                 lib/libstm32.a(stm32f10x_tim.o)
TIM_SetClockDivision                              lib/libstm32.a(stm32f10x_tim.o)
TIM_SetCompare1                                   lib/libstm32.a(stm32f10x_tim.o)
TIM_SetCompare2                                   lib/libstm32.a(stm32f10x_tim.o)
TIM_SetCompare3                                   lib/libstm32.a(stm32f10x_tim.o)
TIM_SetCompare4                                   lib/libstm32.a(stm32f10x_tim.o)
TIM_SetCounter                                    lib/libstm32.a(stm32f10x_tim.o)
TIM_SetIC1Prescaler                               lib/libstm32.a(stm32f10x_tim.o)
TIM_SetIC2Prescaler                               lib/libstm32.a(stm32f10x_tim.o)
TIM_SetIC3Prescaler                               lib/libstm32.a(stm32f10x_tim.o)
TIM_SetIC4Prescaler                               lib/libstm32.a(stm32f10x_tim.o)
TIM_TIxExternalClockConfig                        lib/libstm32.a(stm32f10x_tim.o)
TIM_TimeBaseInit                                  lib/libstm32.a(stm32f10x_tim.o)
                                                  main.o
TIM_TimeBaseStructInit                            lib/libstm32.a(stm32f10x_tim.o)
TIM_TimeBaseStructure                             main.o
TIM_UpdateDisableConfig                           lib/libstm32.a(stm32f10x_tim.o)
TIM_UpdateRequestConfig                           lib/libstm32.a(stm32f10x_tim.o)
Tim                                               stm32f10x_it.o
                                                  main.o
Tim1                                              stm32f10x_it.o
                                                  main.o
USART1_IRQHandler                                 stm32f10x_it.o
                                                  lib/libstm32.a(stm32f10x_vector.o)
USART2_IRQHandler                                 stm32f10x_it.o
                                                  lib/libstm32.a(stm32f10x_vector.o)
USART3_IRQHandler                                 stm32f10x_it.o
                                                  lib/libstm32.a(stm32f10x_vector.o)
USBWakeUp_IRQHandler                              stm32f10x_it.o
                                                  lib/libstm32.a(stm32f10x_vector.o)
USB_HP_CAN_TX_IRQHandler                          stm32f10x_it.o
                                                  lib/libstm32.a(stm32f10x_vector.o)
USB_LP_CAN_RX0_IRQHandler                         stm32f10x_it.o
                                                  lib/libstm32.a(stm32f10x_vector.o)
UsageFaultException                               stm32f10x_it.o