Archive member included because of file (symbol)

lib/libstm32.a(stm32f10x_vector.o)
                              (Reset_Handler)
/usr/local/lib/gcc/arm-elf/4.3.0/../../../../arm-elf/lib/thumb/libc.a(lib_a-atexit.o)
                              /usr/local/lib/gcc/arm-elf/4.3.0/../../../../arm-elf/lib/thumb/crt0.o (atexit)
/usr/local/lib/gcc/arm-elf/4.3.0/../../../../arm-elf/lib/thumb/libc.a(lib_a-exit.o)
                              /usr/local/lib/gcc/arm-elf/4.3.0/../../../../arm-elf/lib/thumb/crt0.o (exit)
/usr/local/lib/gcc/arm-elf/4.3.0/../../../../arm-elf/lib/thumb/libc.a(lib_a-impure.o)
                              /usr/local/lib/gcc/arm-elf/4.3.0/../../../../arm-elf/lib/thumb/libc.a(lib_a-exit.o) (_global_impure_ptr)
/usr/local/lib/gcc/arm-elf/4.3.0/../../../../arm-elf/lib/thumb/libc.a(lib_a-init.o)
                              /usr/local/lib/gcc/arm-elf/4.3.0/../../../../arm-elf/lib/thumb/crt0.o (__libc_fini_array)
/usr/local/lib/gcc/arm-elf/4.3.0/../../../../arm-elf/lib/thumb/libc.a(lib_a-memset.o)
                              /usr/local/lib/gcc/arm-elf/4.3.0/../../../../arm-elf/lib/thumb/crt0.o (memset)
/usr/local/lib/gcc/arm-elf/4.3.0/../../../../arm-elf/lib/thumb/libc.a(lib_a-__atexit.o)
                              /usr/local/lib/gcc/arm-elf/4.3.0/../../../../arm-elf/lib/thumb/libc.a(lib_a-atexit.o) (__register_exitproc)
/usr/local/lib/gcc/arm-elf/4.3.0/../../../../arm-elf/lib/thumb/libc.a(lib_a-__call_atexit.o)
                              /usr/local/lib/gcc/arm-elf/4.3.0/../../../../arm-elf/lib/thumb/libc.a(lib_a-exit.o) (__call_exitprocs)
/usr/local/lib/gcc/arm-elf/4.3.0/../../../../arm-elf/lib/thumb/libc.a(lib_a-malloc.o)
                              /usr/local/lib/gcc/arm-elf/4.3.0/../../../../arm-elf/lib/thumb/libc.a(lib_a-__call_atexit.o) (free)
/usr/local/lib/gcc/arm-elf/4.3.0/../../../../arm-elf/lib/thumb/libc.a(lib_a-mallocr.o)
                              /usr/local/lib/gcc/arm-elf/4.3.0/../../../../arm-elf/lib/thumb/libc.a(lib_a-malloc.o) (_malloc_r)
/usr/local/lib/gcc/arm-elf/4.3.0/../../../../arm-elf/lib/thumb/libc.a(lib_a-mlock.o)
                              /usr/local/lib/gcc/arm-elf/4.3.0/../../../../arm-elf/lib/thumb/libc.a(lib_a-mallocr.o) (__malloc_lock)
/usr/local/lib/gcc/arm-elf/4.3.0/../../../../arm-elf/lib/thumb/libc.a(lib_a-sbrkr.o)
                              /usr/local/lib/gcc/arm-elf/4.3.0/../../../../arm-elf/lib/thumb/libc.a(lib_a-mallocr.o) (_sbrk_r)
/usr/local/lib/gcc/arm-elf/4.3.0/../../../../arm-elf/lib/thumb/libc.a(lib_a-freer.o)
                              /usr/local/lib/gcc/arm-elf/4.3.0/../../../../arm-elf/lib/thumb/libc.a(lib_a-malloc.o) (_free_r)
/usr/local/lib/gcc/arm-elf/4.3.0/../../../../arm-elf/lib/thumb/libc.a(lib_a-reent.o)
                              /usr/local/lib/gcc/arm-elf/4.3.0/../../../../arm-elf/lib/thumb/libc.a(lib_a-sbrkr.o) (errno)

Allocating common symbols
Common symbol       size              file

errno               0x4               /usr/local/lib/gcc/arm-elf/4.3.0/../../../../arm-elf/lib/thumb/libc.a(lib_a-reent.o)

Discarded input sections

 .text          0x0000000000000000        0x0 /usr/local/lib/gcc/arm-elf/4.3.0/thumb/crti.o
 .data          0x0000000000000000        0x0 /usr/local/lib/gcc/arm-elf/4.3.0/thumb/crti.o
 .bss           0x0000000000000000        0x0 /usr/local/lib/gcc/arm-elf/4.3.0/thumb/crti.o
 .init          0x0000000000000000        0x0 /usr/local/lib/gcc/arm-elf/4.3.0/thumb/crti.o
 .fini          0x0000000000000000        0x0 /usr/local/lib/gcc/arm-elf/4.3.0/thumb/crti.o
 .text          0x0000000000000000        0x0 /usr/local/lib/gcc/arm-elf/4.3.0/thumb/crtbegin.o
 .data          0x0000000000000000        0x0 /usr/local/lib/gcc/arm-elf/4.3.0/thumb/crtbegin.o
 .bss           0x0000000000000000        0x0 /usr/local/lib/gcc/arm-elf/4.3.0/thumb/crtbegin.o
 .ctors         0x0000000000000000        0x0 /usr/local/lib/gcc/arm-elf/4.3.0/thumb/crtbegin.o
 .dtors         0x0000000000000000        0x0 /usr/local/lib/gcc/arm-elf/4.3.0/thumb/crtbegin.o
 .eh_frame      0x0000000000000000        0x0 /usr/local/lib/gcc/arm-elf/4.3.0/thumb/crtbegin.o
 .jcr           0x0000000000000000        0x0 /usr/local/lib/gcc/arm-elf/4.3.0/thumb/crtbegin.o
 .fini          0x0000000000000000        0x0 /usr/local/lib/gcc/arm-elf/4.3.0/thumb/crtbegin.o
 .init          0x0000000000000000        0x0 /usr/local/lib/gcc/arm-elf/4.3.0/thumb/crtbegin.o
 .text          0x0000000000000000        0x0 /usr/local/lib/gcc/arm-elf/4.3.0/../../../../arm-elf/lib/thumb/crt0.o
 .data          0x0000000000000000        0x0 /usr/local/lib/gcc/arm-elf/4.3.0/../../../../arm-elf/lib/thumb/crt0.o
 .bss           0x0000000000000000        0x0 /usr/local/lib/gcc/arm-elf/4.3.0/../../../../arm-elf/lib/thumb/crt0.o
 .data          0x0000000000000000        0x0 system.o
 .bss           0x0000000000000000        0x0 system.o
 .data          0x0000000000000000        0x0 main.o
 .bss           0x0000000000000000        0x0 main.o
 .data          0x0000000000000000        0x0 lcd.o
 .bss           0x0000000000000000        0x0 lcd.o
 .data          0x0000000000000000        0x0 stm32f10x_it.o
 .data          0x0000000000000000        0x0 lib/libstm32.a(stm32f10x_vector.o)
 .bss           0x0000000000000000        0x0 lib/libstm32.a(stm32f10x_vector.o)
 .text          0x0000000000000000        0x0 /usr/local/lib/gcc/arm-elf/4.3.0/../../../../arm-elf/lib/thumb/libc.a(lib_a-atexit.o)
 .data          0x0000000000000000        0x0 /usr/local/lib/gcc/arm-elf/4.3.0/../../../../arm-elf/lib/thumb/libc.a(lib_a-atexit.o)
 .bss           0x0000000000000000        0x0 /usr/local/lib/gcc/arm-elf/4.3.0/../../../../arm-elf/lib/thumb/libc.a(lib_a-atexit.o)
 .text          0x0000000000000000        0x0 /usr/local/lib/gcc/arm-elf/4.3.0/../../../../arm-elf/lib/thumb/libc.a(lib_a-exit.o)
 .data          0x0000000000000000        0x0 /usr/local/lib/gcc/arm-elf/4.3.0/../../../../arm-elf/lib/thumb/libc.a(lib_a-exit.o)
 .bss           0x0000000000000000        0x0 /usr/local/lib/gcc/arm-elf/4.3.0/../../../../arm-elf/lib/thumb/libc.a(lib_a-exit.o)
 .text          0x0000000000000000        0x0 /usr/local/lib/gcc/arm-elf/4.3.0/../../../../arm-elf/lib/thumb/libc.a(lib_a-impure.o)
 .data          0x0000000000000000        0x0 /usr/local/lib/gcc/arm-elf/4.3.0/../../../../arm-elf/lib/thumb/libc.a(lib_a-impure.o)
 .bss           0x0000000000000000        0x0 /usr/local/lib/gcc/arm-elf/4.3.0/../../../../arm-elf/lib/thumb/libc.a(lib_a-impure.o)
 .rodata        0x0000000000000000        0x0 /usr/local/lib/gcc/arm-elf/4.3.0/../../../../arm-elf/lib/thumb/libc.a(lib_a-impure.o)
 .rodata.str1.4
                0x0000000000000000        0x0 /usr/local/lib/gcc/arm-elf/4.3.0/../../../../arm-elf/lib/thumb/libc.a(lib_a-impure.o)
 .text          0x0000000000000000        0x0 /usr/local/lib/gcc/arm-elf/4.3.0/../../../../arm-elf/lib/thumb/libc.a(lib_a-init.o)
 .data          0x0000000000000000        0x0 /usr/local/lib/gcc/arm-elf/4.3.0/../../../../arm-elf/lib/thumb/libc.a(lib_a-init.o)
 .bss           0x0000000000000000        0x0 /usr/local/lib/gcc/arm-elf/4.3.0/../../../../arm-elf/lib/thumb/libc.a(lib_a-init.o)
 .text          0x0000000000000000        0x0 /usr/local/lib/gcc/arm-elf/4.3.0/../../../../arm-elf/lib/thumb/libc.a(lib_a-memset.o)
 .data          0x0000000000000000        0x0 /usr/local/lib/gcc/arm-elf/4.3.0/../../../../arm-elf/lib/thumb/libc.a(lib_a-memset.o)
 .bss           0x0000000000000000        0x0 /usr/local/lib/gcc/arm-elf/4.3.0/../../../../arm-elf/lib/thumb/libc.a(lib_a-memset.o)
 .text          0x0000000000000000        0x0 /usr/local/lib/gcc/arm-elf/4.3.0/../../../../arm-elf/lib/thumb/libc.a(lib_a-__atexit.o)
 .data          0x0000000000000000        0x0 /usr/local/lib/gcc/arm-elf/4.3.0/../../../../arm-elf/lib/thumb/libc.a(lib_a-__atexit.o)
 .bss           0x0000000000000000        0x0 /usr/local/lib/gcc/arm-elf/4.3.0/../../../../arm-elf/lib/thumb/libc.a(lib_a-__atexit.o)
 .text          0x0000000000000000        0x0 /usr/local/lib/gcc/arm-elf/4.3.0/../../../../arm-elf/lib/thumb/libc.a(lib_a-__call_atexit.o)
 .data          0x0000000000000000        0x0 /usr/local/lib/gcc/arm-elf/4.3.0/../../../../arm-elf/lib/thumb/libc.a(lib_a-__call_atexit.o)
 .bss           0x0000000000000000        0x0 /usr/local/lib/gcc/arm-elf/4.3.0/../../../../arm-elf/lib/thumb/libc.a(lib_a-__call_atexit.o)
 .text          0x0000000000000000        0x0 /usr/local/lib/gcc/arm-elf/4.3.0/../../../../arm-elf/lib/thumb/libc.a(lib_a-malloc.o)
 .data          0x0000000000000000        0x0 /usr/local/lib/gcc/arm-elf/4.3.0/../../../../arm-elf/lib/thumb/libc.a(lib_a-malloc.o)
 .bss           0x0000000000000000        0x0 /usr/local/lib/gcc/arm-elf/4.3.0/../../../../arm-elf/lib/thumb/libc.a(lib_a-malloc.o)
 .text          0x0000000000000000        0x0 /usr/local/lib/gcc/arm-elf/4.3.0/../../../../arm-elf/lib/thumb/libc.a(lib_a-mallocr.o)
 .data          0x0000000000000000        0x0 /usr/local/lib/gcc/arm-elf/4.3.0/../../../../arm-elf/lib/thumb/libc.a(lib_a-mallocr.o)
 .bss           0x0000000000000000        0x0 /usr/local/lib/gcc/arm-elf/4.3.0/../../../../arm-elf/lib/thumb/libc.a(lib_a-mallocr.o)
 .text          0x0000000000000000        0x0 /usr/local/lib/gcc/arm-elf/4.3.0/../../../../arm-elf/lib/thumb/libc.a(lib_a-mlock.o)
 .data          0x0000000000000000        0x0 /usr/local/lib/gcc/arm-elf/4.3.0/../../../../arm-elf/lib/thumb/libc.a(lib_a-mlock.o)
 .bss           0x0000000000000000        0x0 /usr/local/lib/gcc/arm-elf/4.3.0/../../../../arm-elf/lib/thumb/libc.a(lib_a-mlock.o)
 .text          0x0000000000000000        0x0 /usr/local/lib/gcc/arm-elf/4.3.0/../../../../arm-elf/lib/thumb/libc.a(lib_a-sbrkr.o)
 .data          0x0000000000000000        0x0 /usr/local/lib/gcc/arm-elf/4.3.0/../../../../arm-elf/lib/thumb/libc.a(lib_a-sbrkr.o)
 .bss           0x0000000000000000        0x0 /usr/local/lib/gcc/arm-elf/4.3.0/../../../../arm-elf/lib/thumb/libc.a(lib_a-sbrkr.o)
 .text          0x0000000000000000        0x0 /usr/local/lib/gcc/arm-elf/4.3.0/../../../../arm-elf/lib/thumb/libc.a(lib_a-freer.o)
 .data          0x0000000000000000        0x0 /usr/local/lib/gcc/arm-elf/4.3.0/../../../../arm-elf/lib/thumb/libc.a(lib_a-freer.o)
 .bss           0x0000000000000000        0x0 /usr/local/lib/gcc/arm-elf/4.3.0/../../../../arm-elf/lib/thumb/libc.a(lib_a-freer.o)
 .text          0x0000000000000000        0x0 /usr/local/lib/gcc/arm-elf/4.3.0/../../../../arm-elf/lib/thumb/libc.a(lib_a-reent.o)
 .data          0x0000000000000000        0x0 /usr/local/lib/gcc/arm-elf/4.3.0/../../../../arm-elf/lib/thumb/libc.a(lib_a-reent.o)
 .bss           0x0000000000000000        0x0 /usr/local/lib/gcc/arm-elf/4.3.0/../../../../arm-elf/lib/thumb/libc.a(lib_a-reent.o)
 COMMON         0x0000000000000000        0x0 /usr/local/lib/gcc/arm-elf/4.3.0/../../../../arm-elf/lib/thumb/libc.a(lib_a-reent.o)
 .text          0x0000000000000000        0x0 /usr/local/lib/gcc/arm-elf/4.3.0/thumb/crtend.o
 .data          0x0000000000000000        0x0 /usr/local/lib/gcc/arm-elf/4.3.0/thumb/crtend.o
 .bss           0x0000000000000000        0x0 /usr/local/lib/gcc/arm-elf/4.3.0/thumb/crtend.o
 .ctors         0x0000000000000000        0x0 /usr/local/lib/gcc/arm-elf/4.3.0/thumb/crtend.o
 .dtors         0x0000000000000000        0x0 /usr/local/lib/gcc/arm-elf/4.3.0/thumb/crtend.o
 .eh_frame      0x0000000000000000        0x0 /usr/local/lib/gcc/arm-elf/4.3.0/thumb/crtend.o
 .jcr           0x0000000000000000        0x0 /usr/local/lib/gcc/arm-elf/4.3.0/thumb/crtend.o
 .init          0x0000000000000000        0x0 /usr/local/lib/gcc/arm-elf/4.3.0/thumb/crtend.o
 .text          0x0000000000000000        0x0 /usr/local/lib/gcc/arm-elf/4.3.0/thumb/crtn.o
 .data          0x0000000000000000        0x0 /usr/local/lib/gcc/arm-elf/4.3.0/thumb/crtn.o
 .bss           0x0000000000000000        0x0 /usr/local/lib/gcc/arm-elf/4.3.0/thumb/crtn.o
 .init          0x0000000000000000        0x0 /usr/local/lib/gcc/arm-elf/4.3.0/thumb/crtn.o
 .fini          0x0000000000000000        0x0 /usr/local/lib/gcc/arm-elf/4.3.0/thumb/crtn.o

Memory Configuration

Name             Origin             Length             Attributes
RAM              0x0000000020000000 0x0000000000005000 xrw
FLASH            0x0000000008000000 0x0000000000020000 xr
FLASHB1          0x0000000000000000 0x0000000000000000 xr
EXTMEMB0         0x0000000000000000 0x0000000000000000 xr
EXTMEMB1         0x0000000000000000 0x0000000000000000 xr
EXTMEMB2         0x0000000000000000 0x0000000000000000 xr
EXTMEMB3         0x0000000000000000 0x0000000000000000 xr
*default*        0x0000000000000000 0xffffffffffffffff

Linker script and memory map

LOAD /usr/local/lib/gcc/arm-elf/4.3.0/thumb/crti.o
LOAD /usr/local/lib/gcc/arm-elf/4.3.0/thumb/crtbegin.o
LOAD /usr/local/lib/gcc/arm-elf/4.3.0/../../../../arm-elf/lib/thumb/crt0.o
LOAD system.o
LOAD main.o
LOAD lcd.o
LOAD stm32f10x_it.o
LOAD lib/libstm32.a
START GROUP
LOAD /usr/local/lib/gcc/arm-elf/4.3.0/thumb/libgcc.a
LOAD /usr/local/lib/gcc/arm-elf/4.3.0/../../../../arm-elf/lib/thumb/libc.a
END GROUP
LOAD /usr/local/lib/gcc/arm-elf/4.3.0/thumb/crtend.o
LOAD /usr/local/lib/gcc/arm-elf/4.3.0/thumb/crtn.o
                0x0000000000000400                __Stack_Size = 0x400
                0x0000000000000400                PROVIDE (_Stack_Size, __Stack_Size)
                0x0000000020004c00                __Stack_Init = (_estack - __Stack_Size)
                0x0000000020004c00                PROVIDE (_Stack_Init, __Stack_Init)
                0x0000000000000100                _Minimum_Stack_Size = 0x100
                0x0000000000000000                PROVIDE (Undefined_Handler, 0x0)
                0x0000000000000000                PROVIDE (SWI_Handler, 0x0)
                0x0000000000000000                PROVIDE (IRQ_Handler, 0x0)
                0x0000000000000000                PROVIDE (Prefetch_Handler, 0x0)
                0x0000000000000000                PROVIDE (Abort_Handler, 0x0)
                0x0000000000000000                PROVIDE (FIQ_Handler, 0x0)
                0x0000000000000000                PROVIDE (NMIException, 0x0)
                0x0000000000000000                PROVIDE (HardFaultException, 0x0)
                0x0000000000000000                PROVIDE (MemManageException, 0x0)
                0x0000000000000000                PROVIDE (BusFaultException, 0x0)
                0x0000000000000000                PROVIDE (UsageFaultException, 0x0)
                0x0000000000000000                PROVIDE (SVCHandler, 0x0)
                0x0000000000000000                PROVIDE (DebugMonitor, 0x0)
                0x0000000000000000                PROVIDE (PendSVC, 0x0)
                0x0000000000000000                PROVIDE (SysTickHandler, 0x0)
                0x0000000000000000                PROVIDE (WWDG_IRQHandler, 0x0)
                0x0000000000000000                PROVIDE (PVD_IRQHandler, 0x0)
                0x0000000000000000                PROVIDE (TAMPER_IRQHandler, 0x0)
                0x0000000000000000                PROVIDE (RTC_IRQHandler, 0x0)
                0x0000000000000000                PROVIDE (FLASH_IRQHandler, 0x0)
                0x0000000000000000                PROVIDE (RCC_IRQHandler, 0x0)
                0x0000000000000000                PROVIDE (EXTI0_IRQHandler, 0x0)
                0x0000000000000000                PROVIDE (EXTI1_IRQHandler, 0x0)
                0x0000000000000000                PROVIDE (EXTI2_IRQHandler, 0x0)
                0x0000000000000000                PROVIDE (EXTI3_IRQHandler, 0x0)
                0x0000000000000000                PROVIDE (EXTI4_IRQHandler, 0x0)
                0x0000000000000000                PROVIDE (DMAChannel1_IRQHandler, 0x0)
                0x0000000000000000                PROVIDE (DMAChannel2_IRQHandler, 0x0)
                0x0000000000000000                PROVIDE (DMAChannel3_IRQHandler, 0x0)
                0x0000000000000000                PROVIDE (DMAChannel4_IRQHandler, 0x0)
                0x0000000000000000                PROVIDE (DMAChannel5_IRQHandler, 0x0)
                0x0000000000000000                PROVIDE (DMAChannel6_IRQHandler, 0x0)
                0x0000000000000000                PROVIDE (DMAChannel7_IRQHandler, 0x0)
                0x0000000000000000                PROVIDE (ADC_IRQHandler, 0x0)
                0x0000000000000000                PROVIDE (USB_HP_CAN_TX_IRQHandler, 0x0)
                0x0000000000000000                PROVIDE (USB_LP_CAN_RX0_IRQHandler, 0x0)
                0x0000000000000000                PROVIDE (CAN_RX1_IRQHandler, 0x0)
                0x0000000000000000                PROVIDE (CAN_SCE_IRQHandler, 0x0)
                0x0000000000000000                PROVIDE (EXTI9_5_IRQHandler, 0x0)
                0x0000000000000000                PROVIDE (TIM1_BRK_IRQHandler, 0x0)
                0x0000000000000000                PROVIDE (TIM1_UP_IRQHandler, 0x0)
                0x0000000000000000                PROVIDE (TIM1_TRG_COM_IRQHandler, 0x0)
                0x0000000000000000                PROVIDE (TIM1_CC_IRQHandler, 0x0)
                0x0000000000000000                PROVIDE (TIM2_IRQHandler, 0x0)
                0x0000000000000000                PROVIDE (TIM3_IRQHandler, 0x0)
                0x0000000000000000                PROVIDE (TIM4_IRQHandler, 0x0)
                0x0000000000000000                PROVIDE (I2C1_EV_IRQHandler, 0x0)
                0x0000000000000000                PROVIDE (I2C1_ER_IRQHandler, 0x0)
                0x0000000000000000                PROVIDE (I2C2_EV_IRQHandler, 0x0)
                0x0000000000000000                PROVIDE (I2C2_ER_IRQHandler, 0x0)
                0x0000000000000000                PROVIDE (SPI1_IRQHandler, 0x0)
                0x0000000000000000                PROVIDE (SPI2_IRQHandler, 0x0)
                0x0000000000000000                PROVIDE (USART1_IRQHandler, 0x0)
                0x0000000000000000                PROVIDE (USART2_IRQHandler, 0x0)
                0x0000000000000000                PROVIDE (USART3_IRQHandler, 0x0)
                0x0000000000000000                PROVIDE (EXTI15_10_IRQHandler, 0x0)
                0x0000000000000000                PROVIDE (RTCAlarm_IRQHandler, 0x0)
                0x0000000000000000                PROVIDE (USBWakeUp_IRQHandler, 0x0)
                0x0000000042000000                PERIPH_BB_BASE = 0x42000000
                0x0000000022000000                SRAM_BB_BASE = 0x22000000
                0x0000000020000000                SRAM_BASE = 0x20000000
                0x0000000040000000                PERIPH_BASE = 0x40000000
                0x0000000040022000                PROVIDE (FLASH_BASE, 0x40022000)
                0x000000001ffff800                PROVIDE (OB_BASE, 0x1ffff800)
                0x0000000040000000                APB1PERIPH_BASE = PERIPH_BASE
                0x0000000040010000                APB2PERIPH_BASE = (PERIPH_BASE + 0x10000)
                0x0000000040020000                AHBPERIPH_BASE = (PERIPH_BASE + 0x20000)
                0x0000000040000000                PROVIDE (TIM2, (APB1PERIPH_BASE + 0x0))
                0x0000000040000400                PROVIDE (TIM3, (APB1PERIPH_BASE + 0x400))
                0x0000000040000800                PROVIDE (TIM4, (APB1PERIPH_BASE + 0x800))
                0x0000000040002800                PROVIDE (RTC, (APB1PERIPH_BASE + 0x2800))
                0x0000000040002c00                PROVIDE (WWDG, (APB1PERIPH_BASE + 0x2c00))
                0x0000000040003000                PROVIDE (IWDG, (APB1PERIPH_BASE + 0x3000))
                0x0000000040003800                PROVIDE (SPI2, (APB1PERIPH_BASE + 0x3800))
                0x0000000040004400                PROVIDE (USART2, (APB1PERIPH_BASE + 0x4400))
                0x0000000040004800                PROVIDE (USART3, (APB1PERIPH_BASE + 0x4800))
                0x0000000040005400                PROVIDE (I2C1, (APB1PERIPH_BASE + 0x5400))
                0x0000000040005800                PROVIDE (I2C2, (APB1PERIPH_BASE + 0x5800))
                0x0000000040006400                PROVIDE (CAN, (APB1PERIPH_BASE + 0x6400))
                0x0000000040006c00                PROVIDE (BKP, (APB1PERIPH_BASE + 0x6c00))
                0x0000000040007000                PROVIDE (PWR, (APB1PERIPH_BASE + 0x7000))
                0x0000000040010000                PROVIDE (AFIO, (APB2PERIPH_BASE + 0x0))
                0x0000000040010400                PROVIDE (EXTI, (APB2PERIPH_BASE + 0x400))
                0x0000000040010800                PROVIDE (GPIOA, (APB2PERIPH_BASE + 0x800))
                0x0000000040010c00                PROVIDE (GPIOB, (APB2PERIPH_BASE + 0xc00))
                0x0000000040011000                PROVIDE (GPIOC, (APB2PERIPH_BASE + 0x1000))
                0x0000000040011400                PROVIDE (GPIOD, (APB2PERIPH_BASE + 0x1400))
                0x0000000040011800                PROVIDE (GPIOE, (APB2PERIPH_BASE + 0x1800))
                0x0000000040012400                PROVIDE (ADC1, (APB2PERIPH_BASE + 0x2400))
                0x0000000040012800                PROVIDE (ADC2, (APB2PERIPH_BASE + 0x2800))
                0x0000000040012c00                PROVIDE (TIM1, (APB2PERIPH_BASE + 0x2c00))
                0x0000000040013000                PROVIDE (SPI1, (APB2PERIPH_BASE + 0x3000))
                0x0000000040013800                PROVIDE (USART1, (APB2PERIPH_BASE + 0x3800))
                0x0000000040020000                PROVIDE (DMA, (AHBPERIPH_BASE + 0x0))
                0x0000000040020008                PROVIDE (DMA_Channel1, (AHBPERIPH_BASE + 0x8))
                0x000000004002001c                PROVIDE (DMA_Channel2, (AHBPERIPH_BASE + 0x1c))
                0x0000000040020030                PROVIDE (DMA_Channel3, (AHBPERIPH_BASE + 0x30))
                0x0000000040020044                PROVIDE (DMA_Channel4, (AHBPERIPH_BASE + 0x44))
                0x0000000040020058                PROVIDE (DMA_Channel5, (AHBPERIPH_BASE + 0x58))
                0x000000004002006c                PROVIDE (DMA_Channel6, (AHBPERIPH_BASE + 0x6c))
                0x0000000040020080                PROVIDE (DMA_Channel7, (AHBPERIPH_BASE + 0x80))
                0x0000000040021000                PROVIDE (RCC, (AHBPERIPH_BASE + 0x1000))
                0x00000000e000e000                SCS_BASE = 0xe000e000
                0x00000000e000e010                PROVIDE (SysTick, (SCS_BASE + 0x10))
                0x00000000e000e100                PROVIDE (NVIC, (SCS_BASE + 0x100))
                0x00000000e000ed00                PROVIDE (SCB, (SCS_BASE + 0xd00))
                0x0000000020005000                _estack = 0x20005000

.isr_vector     0x0000000008000000      0x10c
                0x0000000008000000                . = ALIGN (0x4)
 *(.isr_vector)
 .isr_vector    0x0000000008000000      0x10c lib/libstm32.a(stm32f10x_vector.o)
                0x0000000008000000                g_pfnVectors
                0x000000000800010c                . = ALIGN (0x4)

.flashtext      0x000000000800010c        0x0
                0x000000000800010c                . = ALIGN (0x4)
 *(.flashtext)
                0x000000000800010c                . = ALIGN (0x4)

.text           0x000000000800010c      0x640
                0x000000000800010c                . = ALIGN (0x4)
 *(.text)
 .text          0x000000000800010c      0x16c system.o
                0x0000000008000198                lcd_pwm_setup
                0x000000000800010c                system_setup
                0x000000000800017c                systick_setup
                0x0000000008000238                count_std_setup
 .text          0x0000000008000278       0xb4 main.o
                0x0000000008000278                main
 .text          0x000000000800032c      0x2c0 lcd.o
                0x00000000080005d4                lcdSetPos
                0x00000000080004fc                lcdPutStr
                0x000000000800040c                lcdInit
                0x00000000080005b4                lcdCommand
                0x0000000008000538                lcdPutInt
                0x0000000008000528                lcdPutChar
                0x0000000008000518                lcdClear
 .text          0x00000000080005ec       0xf0 stm32f10x_it.o
                0x0000000008000650                EXTI2_IRQHandler
                0x00000000080005f4                MemManageException
                0x00000000080005f8                BusFaultException
                0x000000000800069c                TIM1_CC_IRQHandler
                0x0000000008000634                PVD_IRQHandler
                0x0000000008000654                EXTI3_IRQHandler
                0x0000000008000674                DMAChannel7_IRQHandler
                0x0000000008000600                DebugMonitor
                0x0000000008000604                SVCHandler
                0x00000000080005f0                HardFaultException
                0x000000000800067c                USB_HP_CAN_TX_IRQHandler
                0x0000000008000648                EXTI0_IRQHandler
                0x00000000080006b4                I2C2_EV_IRQHandler
                0x000000000800065c                DMAChannel1_IRQHandler
                0x00000000080006bc                SPI1_IRQHandler
                0x0000000008000688                CAN_SCE_IRQHandler
                0x0000000008000638                TAMPER_IRQHandler
                0x00000000080005ec                NMIException
                0x0000000008000668                DMAChannel4_IRQHandler
                0x00000000080006cc                USART3_IRQHandler
                0x000000000800063c                RTC_IRQHandler
                0x000000000800060c                SysTickHandler
                0x0000000008000608                PendSVC
                0x00000000080006a8                TIM4_IRQHandler
                0x0000000008000684                CAN_RX1_IRQHandler
                0x00000000080006ac                I2C1_EV_IRQHandler
                0x00000000080006a4                TIM3_IRQHandler
                0x0000000008000644                RCC_IRQHandler
                0x0000000008000698                TIM1_TRG_COM_IRQHandler
                0x00000000080006d0                EXTI15_10_IRQHandler
                0x0000000008000678                ADC_IRQHandler
                0x000000000800066c                DMAChannel5_IRQHandler
                0x000000000800068c                EXTI9_5_IRQHandler
                0x0000000008000660                DMAChannel2_IRQHandler
                0x00000000080006c0                SPI2_IRQHandler
                0x0000000008000680                USB_LP_CAN_RX0_IRQHandler
                0x0000000008000658                EXTI4_IRQHandler
                0x0000000008000694                TIM1_UP_IRQHandler
                0x0000000008000630                WWDG_IRQHandler
                0x00000000080006a0                TIM2_IRQHandler
                0x0000000008000690                TIM1_BRK_IRQHandler
                0x000000000800064c                EXTI1_IRQHandler
                0x00000000080006d4                RTCAlarm_IRQHandler
                0x00000000080006c8                USART2_IRQHandler
                0x00000000080006b8                I2C2_ER_IRQHandler
                0x00000000080005fc                UsageFaultException
                0x0000000008000640                FLASH_IRQHandler
                0x0000000008000670                DMAChannel6_IRQHandler
                0x0000000008000664                DMAChannel3_IRQHandler
                0x00000000080006c4                USART1_IRQHandler
                0x00000000080006b0                I2C1_ER_IRQHandler
                0x00000000080006d8                USBWakeUp_IRQHandler
 .text          0x00000000080006dc       0x54 lib/libstm32.a(stm32f10x_vector.o)
                0x00000000080006dc                Reset_Handler
 *(.text.*)
 *(.rodata)
 *(.rodata*)
 .rodata.str1.1
                0x0000000008000730       0x1b main.o
 *(.glue_7)
 *fill*         0x000000000800074b        0x1 00
 .glue_7        0x000000000800074c        0x0 /usr/local/lib/gcc/arm-elf/4.3.0/thumb/crti.o
 .glue_7        0x000000000800074c        0x0 /usr/local/lib/gcc/arm-elf/4.3.0/thumb/crtbegin.o
 .glue_7        0x000000000800074c        0x0 /usr/local/lib/gcc/arm-elf/4.3.0/../../../../arm-elf/lib/thumb/crt0.o
 .glue_7        0x000000000800074c        0x0 system.o
 .glue_7        0x000000000800074c        0x0 main.o
 .glue_7        0x000000000800074c        0x0 lcd.o
 .glue_7        0x000000000800074c        0x0 stm32f10x_it.o
 .glue_7        0x000000000800074c        0x0 lib/libstm32.a(stm32f10x_vector.o)
 .glue_7        0x000000000800074c        0x0 /usr/local/lib/gcc/arm-elf/4.3.0/../../../../arm-elf/lib/thumb/libc.a(lib_a-atexit.o)
 .glue_7        0x000000000800074c        0x0 /usr/local/lib/gcc/arm-elf/4.3.0/../../../../arm-elf/lib/thumb/libc.a(lib_a-exit.o)
 .glue_7        0x000000000800074c        0x0 /usr/local/lib/gcc/arm-elf/4.3.0/../../../../arm-elf/lib/thumb/libc.a(lib_a-impure.o)
 .glue_7        0x000000000800074c        0x0 /usr/local/lib/gcc/arm-elf/4.3.0/../../../../arm-elf/lib/thumb/libc.a(lib_a-init.o)
 .glue_7        0x000000000800074c        0x0 /usr/local/lib/gcc/arm-elf/4.3.0/../../../../arm-elf/lib/thumb/libc.a(lib_a-memset.o)
 .glue_7        0x000000000800074c        0x0 /usr/local/lib/gcc/arm-elf/4.3.0/../../../../arm-elf/lib/thumb/libc.a(lib_a-__atexit.o)
 .glue_7        0x000000000800074c        0x0 /usr/local/lib/gcc/arm-elf/4.3.0/../../../../arm-elf/lib/thumb/libc.a(lib_a-__call_atexit.o)
 .glue_7        0x000000000800074c        0x0 /usr/local/lib/gcc/arm-elf/4.3.0/../../../../arm-elf/lib/thumb/libc.a(lib_a-malloc.o)
 .glue_7        0x000000000800074c        0x0 /usr/local/lib/gcc/arm-elf/4.3.0/../../../../arm-elf/lib/thumb/libc.a(lib_a-mallocr.o)
 .glue_7        0x000000000800074c        0x0 /usr/local/lib/gcc/arm-elf/4.3.0/../../../../arm-elf/lib/thumb/libc.a(lib_a-mlock.o)
 .glue_7        0x000000000800074c        0x0 /usr/local/lib/gcc/arm-elf/4.3.0/../../../../arm-elf/lib/thumb/libc.a(lib_a-sbrkr.o)
 .glue_7        0x000000000800074c        0x0 /usr/local/lib/gcc/arm-elf/4.3.0/../../../../arm-elf/lib/thumb/libc.a(lib_a-freer.o)
 .glue_7        0x000000000800074c        0x0 /usr/local/lib/gcc/arm-elf/4.3.0/../../../../arm-elf/lib/thumb/libc.a(lib_a-reent.o)
 .glue_7        0x000000000800074c        0x0 /usr/local/lib/gcc/arm-elf/4.3.0/thumb/crtend.o
 .glue_7        0x000000000800074c        0x0 /usr/local/lib/gcc/arm-elf/4.3.0/thumb/crtn.o
 *(.glue_7t)
 .glue_7t       0x000000000800074c        0x0 /usr/local/lib/gcc/arm-elf/4.3.0/thumb/crti.o
 .glue_7t       0x000000000800074c        0x0 /usr/local/lib/gcc/arm-elf/4.3.0/thumb/crtbegin.o
 .glue_7t       0x000000000800074c        0x0 /usr/local/lib/gcc/arm-elf/4.3.0/../../../../arm-elf/lib/thumb/crt0.o
 .glue_7t       0x000000000800074c        0x0 system.o
 .glue_7t       0x000000000800074c        0x0 main.o
 .glue_7t       0x000000000800074c        0x0 lcd.o
 .glue_7t       0x000000000800074c        0x0 stm32f10x_it.o
 .glue_7t       0x000000000800074c        0x0 lib/libstm32.a(stm32f10x_vector.o)
 .glue_7t       0x000000000800074c        0x0 /usr/local/lib/gcc/arm-elf/4.3.0/../../../../arm-elf/lib/thumb/libc.a(lib_a-atexit.o)
 .glue_7t       0x000000000800074c        0x0 /usr/local/lib/gcc/arm-elf/4.3.0/../../../../arm-elf/lib/thumb/libc.a(lib_a-exit.o)
 .glue_7t       0x000000000800074c        0x0 /usr/local/lib/gcc/arm-elf/4.3.0/../../../../arm-elf/lib/thumb/libc.a(lib_a-impure.o)
 .glue_7t       0x000000000800074c        0x0 /usr/local/lib/gcc/arm-elf/4.3.0/../../../../arm-elf/lib/thumb/libc.a(lib_a-init.o)
 .glue_7t       0x000000000800074c        0x0 /usr/local/lib/gcc/arm-elf/4.3.0/../../../../arm-elf/lib/thumb/libc.a(lib_a-memset.o)
 .glue_7t       0x000000000800074c        0x0 /usr/local/lib/gcc/arm-elf/4.3.0/../../../../arm-elf/lib/thumb/libc.a(lib_a-__atexit.o)
 .glue_7t       0x000000000800074c        0x0 /usr/local/lib/gcc/arm-elf/4.3.0/../../../../arm-elf/lib/thumb/libc.a(lib_a-__call_atexit.o)
 .glue_7t       0x000000000800074c        0x0 /usr/local/lib/gcc/arm-elf/4.3.0/../../../../arm-elf/lib/thumb/libc.a(lib_a-malloc.o)
 .glue_7t       0x000000000800074c        0x0 /usr/local/lib/gcc/arm-elf/4.3.0/../../../../arm-elf/lib/thumb/libc.a(lib_a-mallocr.o)
 .glue_7t       0x000000000800074c        0x0 /usr/local/lib/gcc/arm-elf/4.3.0/../../../../arm-elf/lib/thumb/libc.a(lib_a-mlock.o)
 .glue_7t       0x000000000800074c        0x0 /usr/local/lib/gcc/arm-elf/4.3.0/../../../../arm-elf/lib/thumb/libc.a(lib_a-sbrkr.o)
 .glue_7t       0x000000000800074c        0x0 /usr/local/lib/gcc/arm-elf/4.3.0/../../../../arm-elf/lib/thumb/libc.a(lib_a-freer.o)
 .glue_7t       0x000000000800074c        0x0 /usr/local/lib/gcc/arm-elf/4.3.0/../../../../arm-elf/lib/thumb/libc.a(lib_a-reent.o)
 .glue_7t       0x000000000800074c        0x0 /usr/local/lib/gcc/arm-elf/4.3.0/thumb/crtend.o
 .glue_7t       0x000000000800074c        0x0 /usr/local/lib/gcc/arm-elf/4.3.0/thumb/crtn.o
                0x000000000800074c                . = ALIGN (0x4)
                0x000000000800074c                _etext = .
                0x000000000800074c                _sidata = _etext

.vfp11_veneer   0x0000000020000000        0x0
 .vfp11_veneer  0x0000000020000000        0x0 /usr/local/lib/gcc/arm-elf/4.3.0/thumb/crti.o
 .vfp11_veneer  0x0000000020000000        0x0 /usr/local/lib/gcc/arm-elf/4.3.0/thumb/crtbegin.o
 .vfp11_veneer  0x0000000020000000        0x0 /usr/local/lib/gcc/arm-elf/4.3.0/../../../../arm-elf/lib/thumb/crt0.o
 .vfp11_veneer  0x0000000020000000        0x0 system.o
 .vfp11_veneer  0x0000000020000000        0x0 main.o
 .vfp11_veneer  0x0000000020000000        0x0 lcd.o
 .vfp11_veneer  0x0000000020000000        0x0 stm32f10x_it.o
 .vfp11_veneer  0x0000000020000000        0x0 lib/libstm32.a(stm32f10x_vector.o)
 .vfp11_veneer  0x0000000020000000        0x0 /usr/local/lib/gcc/arm-elf/4.3.0/../../../../arm-elf/lib/thumb/libc.a(lib_a-atexit.o)
 .vfp11_veneer  0x0000000020000000        0x0 /usr/local/lib/gcc/arm-elf/4.3.0/../../../../arm-elf/lib/thumb/libc.a(lib_a-exit.o)
 .vfp11_veneer  0x0000000020000000        0x0 /usr/local/lib/gcc/arm-elf/4.3.0/../../../../arm-elf/lib/thumb/libc.a(lib_a-impure.o)
 .vfp11_veneer  0x0000000020000000        0x0 /usr/local/lib/gcc/arm-elf/4.3.0/../../../../arm-elf/lib/thumb/libc.a(lib_a-init.o)
 .vfp11_veneer  0x0000000020000000        0x0 /usr/local/lib/gcc/arm-elf/4.3.0/../../../../arm-elf/lib/thumb/libc.a(lib_a-memset.o)
 .vfp11_veneer  0x0000000020000000        0x0 /usr/local/lib/gcc/arm-elf/4.3.0/../../../../arm-elf/lib/thumb/libc.a(lib_a-__atexit.o)
 .vfp11_veneer  0x0000000020000000        0x0 /usr/local/lib/gcc/arm-elf/4.3.0/../../../../arm-elf/lib/thumb/libc.a(lib_a-__call_atexit.o)
 .vfp11_veneer  0x0000000020000000        0x0 /usr/local/lib/gcc/arm-elf/4.3.0/../../../../arm-elf/lib/thumb/libc.a(lib_a-malloc.o)
 .vfp11_veneer  0x0000000020000000        0x0 /usr/local/lib/gcc/arm-elf/4.3.0/../../../../arm-elf/lib/thumb/libc.a(lib_a-mallocr.o)
 .vfp11_veneer  0x0000000020000000        0x0 /usr/local/lib/gcc/arm-elf/4.3.0/../../../../arm-elf/lib/thumb/libc.a(lib_a-mlock.o)
 .vfp11_veneer  0x0000000020000000        0x0 /usr/local/lib/gcc/arm-elf/4.3.0/../../../../arm-elf/lib/thumb/libc.a(lib_a-sbrkr.o)
 .vfp11_veneer  0x0000000020000000        0x0 /usr/local/lib/gcc/arm-elf/4.3.0/../../../../arm-elf/lib/thumb/libc.a(lib_a-freer.o)
 .vfp11_veneer  0x0000000020000000        0x0 /usr/local/lib/gcc/arm-elf/4.3.0/../../../../arm-elf/lib/thumb/libc.a(lib_a-reent.o)
 .vfp11_veneer  0x0000000020000000        0x0 /usr/local/lib/gcc/arm-elf/4.3.0/thumb/crtend.o
 .vfp11_veneer  0x0000000020000000        0x0 /usr/local/lib/gcc/arm-elf/4.3.0/thumb/crtn.o

.data           0x0000000020000000        0x0 load address 0x000000000800074c
                0x0000000020000000                . = ALIGN (0x4)
                0x0000000020000000                _sdata = .
 *(.data)
 *(.data.*)
                0x0000000020000000                . = ALIGN (0x4)
                0x0000000020000000                _edata = .

.bss            0x0000000020000000        0x8
                0x0000000020000000                . = ALIGN (0x4)
                0x0000000020000000                _sbss = .
 *(.bss)
 .bss           0x0000000020000000        0x8 stm32f10x_it.o
                0x0000000020000000                Tim
                0x0000000020000004                Tim1
 *(COMMON)
                0x0000000020000008                . = ALIGN (0x4)
                0x0000000020000008                _ebss = .
                0x0000000020000008                PROVIDE (end, _ebss)
                0x0000000020000008                PROVIDE (_end, _ebss)

._usrstack      0x0000000020000008      0x100
                0x0000000020000008                . = ALIGN (0x4)
                0x0000000020000008                _susrstack = .
                0x0000000020000108                . = (. + _Minimum_Stack_Size)
 *fill*         0x0000000020000008      0x100 00
                0x0000000020000108                . = ALIGN (0x4)
                0x0000000020000108                _eusrstack = .

.b1text
 *(.b1text)
 *(.b1rodata)
 *(.b1rodata*)

.eb0text
 *(.eb0text)
 *(.eb0rodata)
 *(.eb0rodata*)

.eb1text
 *(.eb1text)
 *(.eb1rodata)
 *(.eb1rodata*)

.eb2text
 *(.eb2text)
 *(.eb2rodata)
 *(.eb2rodata*)

.eb3text
 *(.eb3text)
 *(.eb3rodata)
 *(.eb3rodata*)
                0x0000000020000108                __exidx_start = .
                0x0000000020000108                __exidx_end = .

/DISCARD/
 libc.a(*)
 libm.a(*)
 libgcc.a(*)

.stab
 *(.stab)

.stabstr
 *(.stabstr)

.stab.excl
 *(.stab.excl)

.stab.exclstr
 *(.stab.exclstr)

.stab.index
 *(.stab.index)

.stab.indexstr
 *(.stab.indexstr)

.comment        0x0000000000000000      0x168
 *(.comment)
 .comment       0x0000000000000000       0x12 /usr/local/lib/gcc/arm-elf/4.3.0/thumb/crtbegin.o
 .comment       0x0000000000000012       0x12 system.o
 .comment       0x0000000000000024       0x12 main.o
 .comment       0x0000000000000036       0x12 lcd.o
 .comment       0x0000000000000048       0x12 stm32f10x_it.o
 .comment       0x000000000000005a       0x12 lib/libstm32.a(stm32f10x_vector.o)
 .comment       0x000000000000006c       0x12 /usr/local/lib/gcc/arm-elf/4.3.0/../../../../arm-elf/lib/thumb/libc.a(lib_a-atexit.o)
 .comment       0x000000000000007e       0x12 /usr/local/lib/gcc/arm-elf/4.3.0/../../../../arm-elf/lib/thumb/libc.a(lib_a-exit.o)
 .comment       0x0000000000000090       0x12 /usr/local/lib/gcc/arm-elf/4.3.0/../../../../arm-elf/lib/thumb/libc.a(lib_a-impure.o)
 .comment       0x00000000000000a2       0x12 /usr/local/lib/gcc/arm-elf/4.3.0/../../../../arm-elf/lib/thumb/libc.a(lib_a-init.o)
 .comment       0x00000000000000b4       0x12 /usr/local/lib/gcc/arm-elf/4.3.0/../../../../arm-elf/lib/thumb/libc.a(lib_a-memset.o)
 .comment       0x00000000000000c6       0x12 /usr/local/lib/gcc/arm-elf/4.3.0/../../../../arm-elf/lib/thumb/libc.a(lib_a-__atexit.o)
 .comment       0x00000000000000d8       0x12 /usr/local/lib/gcc/arm-elf/4.3.0/../../../../arm-elf/lib/thumb/libc.a(lib_a-__call_atexit.o)
 .comment       0x00000000000000ea       0x12 /usr/local/lib/gcc/arm-elf/4.3.0/../../../../arm-elf/lib/thumb/libc.a(lib_a-malloc.o)
 .comment       0x00000000000000fc       0x12 /usr/local/lib/gcc/arm-elf/4.3.0/../../../../arm-elf/lib/thumb/libc.a(lib_a-mallocr.o)
 .comment       0x000000000000010e       0x12 /usr/local/lib/gcc/arm-elf/4.3.0/../../../../arm-elf/lib/thumb/libc.a(lib_a-mlock.o)
 .comment       0x0000000000000120       0x12 /usr/local/lib/gcc/arm-elf/4.3.0/../../../../arm-elf/lib/thumb/libc.a(lib_a-sbrkr.o)
 .comment       0x0000000000000132       0x12 /usr/local/lib/gcc/arm-elf/4.3.0/../../../../arm-elf/lib/thumb/libc.a(lib_a-freer.o)
 .comment       0x0000000000000144       0x12 /usr/local/lib/gcc/arm-elf/4.3.0/../../../../arm-elf/lib/thumb/libc.a(lib_a-reent.o)
 .comment       0x0000000000000156       0x12 /usr/local/lib/gcc/arm-elf/4.3.0/thumb/crtend.o

.debug
 *(.debug)

.line
 *(.line)

.debug_srcinfo
 *(.debug_srcinfo)

.debug_sfnames
 *(.debug_sfnames)

.debug_aranges  0x0000000000000000      0x290
 *(.debug_aranges)
 .debug_aranges
                0x0000000000000000       0x28 /usr/local/lib/gcc/arm-elf/4.3.0/thumb/crti.o
 .debug_aranges
                0x0000000000000028       0x20 /usr/local/lib/gcc/arm-elf/4.3.0/../../../../arm-elf/lib/thumb/crt0.o
 .debug_aranges
                0x0000000000000048       0x20 system.o
 .debug_aranges
                0x0000000000000068       0x20 main.o
 .debug_aranges
                0x0000000000000088       0x20 lcd.o
 .debug_aranges
                0x00000000000000a8       0x20 stm32f10x_it.o
 .debug_aranges
                0x00000000000000c8       0x20 lib/libstm32.a(stm32f10x_vector.o)
 .debug_aranges
                0x00000000000000e8       0x20 /usr/local/lib/gcc/arm-elf/4.3.0/../../../../arm-elf/lib/thumb/libc.a(lib_a-atexit.o)
 .debug_aranges
                0x0000000000000108       0x20 /usr/local/lib/gcc/arm-elf/4.3.0/../../../../arm-elf/lib/thumb/libc.a(lib_a-exit.o)
 .debug_aranges
                0x0000000000000128       0x20 /usr/local/lib/gcc/arm-elf/4.3.0/../../../../arm-elf/lib/thumb/libc.a(lib_a-init.o)
 .debug_aranges
                0x0000000000000148       0x20 /usr/local/lib/gcc/arm-elf/4.3.0/../../../../arm-elf/lib/thumb/libc.a(lib_a-memset.o)
 .debug_aranges
                0x0000000000000168       0x20 /usr/local/lib/gcc/arm-elf/4.3.0/../../../../arm-elf/lib/thumb/libc.a(lib_a-__atexit.o)
 .debug_aranges
                0x0000000000000188       0x20 /usr/local/lib/gcc/arm-elf/4.3.0/../../../../arm-elf/lib/thumb/libc.a(lib_a-__call_atexit.o)
 .debug_aranges
                0x00000000000001a8       0x20 /usr/local/lib/gcc/arm-elf/4.3.0/../../../../arm-elf/lib/thumb/libc.a(lib_a-malloc.o)
 .debug_aranges
                0x00000000000001c8       0x20 /usr/local/lib/gcc/arm-elf/4.3.0/../../../../arm-elf/lib/thumb/libc.a(lib_a-mallocr.o)
 .debug_aranges
                0x00000000000001e8       0x20 /usr/local/lib/gcc/arm-elf/4.3.0/../../../../arm-elf/lib/thumb/libc.a(lib_a-mlock.o)
 .debug_aranges
                0x0000000000000208       0x20 /usr/local/lib/gcc/arm-elf/4.3.0/../../../../arm-elf/lib/thumb/libc.a(lib_a-sbrkr.o)
 .debug_aranges
                0x0000000000000228       0x20 /usr/local/lib/gcc/arm-elf/4.3.0/../../../../arm-elf/lib/thumb/libc.a(lib_a-freer.o)
 .debug_aranges
                0x0000000000000248       0x20 /usr/local/lib/gcc/arm-elf/4.3.0/../../../../arm-elf/lib/thumb/libc.a(lib_a-reent.o)
 .debug_aranges
                0x0000000000000268       0x28 /usr/local/lib/gcc/arm-elf/4.3.0/thumb/crtn.o

.debug_pubnames
                0x0000000000000000      0x8b6
 *(.debug_pubnames)
 .debug_pubnames
                0x0000000000000000       0x5b system.o
 .debug_pubnames
                0x000000000000005b       0x1b main.o
 .debug_pubnames
                0x0000000000000076       0x73 lcd.o
 .debug_pubnames
                0x00000000000000e9      0x4ae stm32f10x_it.o
 .debug_pubnames
                0x0000000000000597       0x35 lib/libstm32.a(stm32f10x_vector.o)
 .debug_pubnames
                0x00000000000005cc       0x1d /usr/local/lib/gcc/arm-elf/4.3.0/../../../../arm-elf/lib/thumb/libc.a(lib_a-atexit.o)
 .debug_pubnames
                0x00000000000005e9       0x1b /usr/local/lib/gcc/arm-elf/4.3.0/../../../../arm-elf/lib/thumb/libc.a(lib_a-exit.o)
 .debug_pubnames
                0x0000000000000604       0x39 /usr/local/lib/gcc/arm-elf/4.3.0/../../../../arm-elf/lib/thumb/libc.a(lib_a-impure.o)
 .debug_pubnames
                0x000000000000063d       0x3e /usr/local/lib/gcc/arm-elf/4.3.0/../../../../arm-elf/lib/thumb/libc.a(lib_a-init.o)
 .debug_pubnames
                0x000000000000067b       0x1d /usr/local/lib/gcc/arm-elf/4.3.0/../../../../arm-elf/lib/thumb/libc.a(lib_a-memset.o)
 .debug_pubnames
                0x0000000000000698       0x2a /usr/local/lib/gcc/arm-elf/4.3.0/../../../../arm-elf/lib/thumb/libc.a(lib_a-__atexit.o)
 .debug_pubnames
                0x00000000000006c2       0x27 /usr/local/lib/gcc/arm-elf/4.3.0/../../../../arm-elf/lib/thumb/libc.a(lib_a-__call_atexit.o)
 .debug_pubnames
                0x00000000000006e9       0x26 /usr/local/lib/gcc/arm-elf/4.3.0/../../../../arm-elf/lib/thumb/libc.a(lib_a-malloc.o)
 .debug_pubnames
                0x000000000000070f       0xce /usr/local/lib/gcc/arm-elf/4.3.0/../../../../arm-elf/lib/thumb/libc.a(lib_a-mallocr.o)
 .debug_pubnames
                0x00000000000007dd       0x38 /usr/local/lib/gcc/arm-elf/4.3.0/../../../../arm-elf/lib/thumb/libc.a(lib_a-mlock.o)
 .debug_pubnames
                0x0000000000000815       0x1e /usr/local/lib/gcc/arm-elf/4.3.0/../../../../arm-elf/lib/thumb/libc.a(lib_a-sbrkr.o)
 .debug_pubnames
                0x0000000000000833       0x31 /usr/local/lib/gcc/arm-elf/4.3.0/../../../../arm-elf/lib/thumb/libc.a(lib_a-freer.o)
 .debug_pubnames
                0x0000000000000864       0x52 /usr/local/lib/gcc/arm-elf/4.3.0/../../../../arm-elf/lib/thumb/libc.a(lib_a-reent.o)

.debug_info     0x0000000000000000     0x7ff5
 *(.debug_info .gnu.linkonce.wi.*)
 .debug_info    0x0000000000000000       0x6b /usr/local/lib/gcc/arm-elf/4.3.0/thumb/crti.o
 .debug_info    0x000000000000006b       0xcf /usr/local/lib/gcc/arm-elf/4.3.0/../../../../arm-elf/lib/thumb/crt0.o
 .debug_info    0x000000000000013a      0x5e6 system.o
 .debug_info    0x0000000000000720      0x2ec main.o
 .debug_info    0x0000000000000a0c      0x87f lcd.o
 .debug_info    0x000000000000128b      0x481 stm32f10x_it.o
 .debug_info    0x000000000000170c       0xe3 lib/libstm32.a(stm32f10x_vector.o)
 .debug_info    0x00000000000017ef       0xc1 /usr/local/lib/gcc/arm-elf/4.3.0/../../../../arm-elf/lib/thumb/libc.a(lib_a-atexit.o)
 .debug_info    0x00000000000018b0      0x937 /usr/local/lib/gcc/arm-elf/4.3.0/../../../../arm-elf/lib/thumb/libc.a(lib_a-exit.o)
 .debug_info    0x00000000000021e7      0x935 /usr/local/lib/gcc/arm-elf/4.3.0/../../../../arm-elf/lib/thumb/libc.a(lib_a-impure.o)
 .debug_info    0x0000000000002b1c      0x14a /usr/local/lib/gcc/arm-elf/4.3.0/../../../../arm-elf/lib/thumb/libc.a(lib_a-init.o)
 .debug_info    0x0000000000002c66      0x111 /usr/local/lib/gcc/arm-elf/4.3.0/../../../../arm-elf/lib/thumb/libc.a(lib_a-memset.o)
 .debug_info    0x0000000000002d77      0x9a2 /usr/local/lib/gcc/arm-elf/4.3.0/../../../../arm-elf/lib/thumb/libc.a(lib_a-__atexit.o)
 .debug_info    0x0000000000003719      0x9b7 /usr/local/lib/gcc/arm-elf/4.3.0/../../../../arm-elf/lib/thumb/libc.a(lib_a-__call_atexit.o)
 .debug_info    0x00000000000040d0      0x96a /usr/local/lib/gcc/arm-elf/4.3.0/../../../../arm-elf/lib/thumb/libc.a(lib_a-malloc.o)
 .debug_info    0x0000000000004a3a      0xcc8 /usr/local/lib/gcc/arm-elf/4.3.0/../../../../arm-elf/lib/thumb/libc.a(lib_a-mallocr.o)
 .debug_info    0x0000000000005702      0x94f /usr/local/lib/gcc/arm-elf/4.3.0/../../../../arm-elf/lib/thumb/libc.a(lib_a-mlock.o)
 .debug_info    0x0000000000006051      0x95e /usr/local/lib/gcc/arm-elf/4.3.0/../../../../arm-elf/lib/thumb/libc.a(lib_a-sbrkr.o)
 .debug_info    0x00000000000069af      0xbc1 /usr/local/lib/gcc/arm-elf/4.3.0/../../../../arm-elf/lib/thumb/libc.a(lib_a-freer.o)
 .debug_info    0x0000000000007570      0xa1a /usr/local/lib/gcc/arm-elf/4.3.0/../../../../arm-elf/lib/thumb/libc.a(lib_a-reent.o)
 .debug_info    0x0000000000007f8a       0x6b /usr/local/lib/gcc/arm-elf/4.3.0/thumb/crtn.o

.debug_abbrev   0x0000000000000000     0x184b
 *(.debug_abbrev)
 .debug_abbrev  0x0000000000000000       0x12 /usr/local/lib/gcc/arm-elf/4.3.0/thumb/crti.o
 .debug_abbrev  0x0000000000000012       0x14 /usr/local/lib/gcc/arm-elf/4.3.0/../../../../arm-elf/lib/thumb/crt0.o
 .debug_abbrev  0x0000000000000026      0x109 system.o
 .debug_abbrev  0x000000000000012f       0xbd main.o
 .debug_abbrev  0x00000000000001ec      0x283 lcd.o
 .debug_abbrev  0x000000000000046f       0x86 stm32f10x_it.o
 .debug_abbrev  0x00000000000004f5       0xb5 lib/libstm32.a(stm32f10x_vector.o)
 .debug_abbrev  0x00000000000005aa       0x7f /usr/local/lib/gcc/arm-elf/4.3.0/../../../../arm-elf/lib/thumb/libc.a(lib_a-atexit.o)
 .debug_abbrev  0x0000000000000629      0x175 /usr/local/lib/gcc/arm-elf/4.3.0/../../../../arm-elf/lib/thumb/libc.a(lib_a-exit.o)
 .debug_abbrev  0x000000000000079e      0x15e /usr/local/lib/gcc/arm-elf/4.3.0/../../../../arm-elf/lib/thumb/libc.a(lib_a-impure.o)
 .debug_abbrev  0x00000000000008fc       0xa2 /usr/local/lib/gcc/arm-elf/4.3.0/../../../../arm-elf/lib/thumb/libc.a(lib_a-init.o)
 .debug_abbrev  0x000000000000099e       0xa1 /usr/local/lib/gcc/arm-elf/4.3.0/../../../../arm-elf/lib/thumb/libc.a(lib_a-memset.o)
 .debug_abbrev  0x0000000000000a3f      0x1ba /usr/local/lib/gcc/arm-elf/4.3.0/../../../../arm-elf/lib/thumb/libc.a(lib_a-__atexit.o)
 .debug_abbrev  0x0000000000000bf9      0x1ce /usr/local/lib/gcc/arm-elf/4.3.0/../../../../arm-elf/lib/thumb/libc.a(lib_a-__call_atexit.o)
 .debug_abbrev  0x0000000000000dc7      0x18e /usr/local/lib/gcc/arm-elf/4.3.0/../../../../arm-elf/lib/thumb/libc.a(lib_a-malloc.o)
 .debug_abbrev  0x0000000000000f55      0x21d /usr/local/lib/gcc/arm-elf/4.3.0/../../../../arm-elf/lib/thumb/libc.a(lib_a-mallocr.o)
 .debug_abbrev  0x0000000000001172      0x171 /usr/local/lib/gcc/arm-elf/4.3.0/../../../../arm-elf/lib/thumb/libc.a(lib_a-mlock.o)
 .debug_abbrev  0x00000000000012e3      0x195 /usr/local/lib/gcc/arm-elf/4.3.0/../../../../arm-elf/lib/thumb/libc.a(lib_a-sbrkr.o)
 .debug_abbrev  0x0000000000001478      0x1e0 /usr/local/lib/gcc/arm-elf/4.3.0/../../../../arm-elf/lib/thumb/libc.a(lib_a-freer.o)
 .debug_abbrev  0x0000000000001658      0x1e1 /usr/local/lib/gcc/arm-elf/4.3.0/../../../../arm-elf/lib/thumb/libc.a(lib_a-reent.o)
 .debug_abbrev  0x0000000000001839       0x12 /usr/local/lib/gcc/arm-elf/4.3.0/thumb/crtn.o

.debug_line     0x0000000000000000     0x1657
 *(.debug_line)
 .debug_line    0x0000000000000000       0x49 /usr/local/lib/gcc/arm-elf/4.3.0/thumb/crti.o
 .debug_line    0x0000000000000049       0xc3 /usr/local/lib/gcc/arm-elf/4.3.0/../../../../arm-elf/lib/thumb/crt0.o
 .debug_line    0x000000000000010c       0x96 system.o
 .debug_line    0x00000000000001a2       0x83 main.o
 .debug_line    0x0000000000000225      0x1d8 lcd.o
 .debug_line    0x00000000000003fd       0xd9 stm32f10x_it.o
 .debug_line    0x00000000000004d6       0x54 lib/libstm32.a(stm32f10x_vector.o)
 .debug_line    0x000000000000052a       0x94 /usr/local/lib/gcc/arm-elf/4.3.0/../../../../arm-elf/lib/thumb/libc.a(lib_a-atexit.o)
 .debug_line    0x00000000000005be      0x131 /usr/local/lib/gcc/arm-elf/4.3.0/../../../../arm-elf/lib/thumb/libc.a(lib_a-exit.o)
 .debug_line    0x00000000000006ef      0x11d /usr/local/lib/gcc/arm-elf/4.3.0/../../../../arm-elf/lib/thumb/libc.a(lib_a-impure.o)
 .debug_line    0x000000000000080c       0xcf /usr/local/lib/gcc/arm-elf/4.3.0/../../../../arm-elf/lib/thumb/libc.a(lib_a-init.o)
 .debug_line    0x00000000000008db       0xee /usr/local/lib/gcc/arm-elf/4.3.0/../../../../arm-elf/lib/thumb/libc.a(lib_a-memset.o)
 .debug_line    0x00000000000009c9      0x16c /usr/local/lib/gcc/arm-elf/4.3.0/../../../../arm-elf/lib/thumb/libc.a(lib_a-__atexit.o)
 .debug_line    0x0000000000000b35      0x195 /usr/local/lib/gcc/arm-elf/4.3.0/../../../../arm-elf/lib/thumb/libc.a(lib_a-__call_atexit.o)
 .debug_line    0x0000000000000cca      0x139 /usr/local/lib/gcc/arm-elf/4.3.0/../../../../arm-elf/lib/thumb/libc.a(lib_a-malloc.o)
 .debug_line    0x0000000000000e03      0x278 /usr/local/lib/gcc/arm-elf/4.3.0/../../../../arm-elf/lib/thumb/libc.a(lib_a-mallocr.o)
 .debug_line    0x000000000000107b      0x12f /usr/local/lib/gcc/arm-elf/4.3.0/../../../../arm-elf/lib/thumb/libc.a(lib_a-mlock.o)
 .debug_line    0x00000000000011aa      0x132 /usr/local/lib/gcc/arm-elf/4.3.0/../../../../arm-elf/lib/thumb/libc.a(lib_a-sbrkr.o)
 .debug_line    0x00000000000012dc      0x197 /usr/local/lib/gcc/arm-elf/4.3.0/../../../../arm-elf/lib/thumb/libc.a(lib_a-freer.o)
 .debug_line    0x0000000000001473      0x168 /usr/local/lib/gcc/arm-elf/4.3.0/../../../../arm-elf/lib/thumb/libc.a(lib_a-reent.o)
 .debug_line    0x00000000000015db       0x7c /usr/local/lib/gcc/arm-elf/4.3.0/thumb/crtn.o

.debug_frame    0x0000000000000000      0x7ac
 *(.debug_frame)
 .debug_frame   0x0000000000000000       0x50 system.o
 .debug_frame   0x0000000000000050       0x2c main.o
 .debug_frame   0x000000000000007c       0xec lcd.o
 .debug_frame   0x0000000000000168      0x350 stm32f10x_it.o
 .debug_frame   0x00000000000004b8       0x2c lib/libstm32.a(stm32f10x_vector.o)
 .debug_frame   0x00000000000004e4       0x28 /usr/local/lib/gcc/arm-elf/4.3.0/../../../../arm-elf/lib/thumb/libc.a(lib_a-atexit.o)
 .debug_frame   0x000000000000050c       0x28 /usr/local/lib/gcc/arm-elf/4.3.0/../../../../arm-elf/lib/thumb/libc.a(lib_a-exit.o)
 .debug_frame   0x0000000000000534       0x48 /usr/local/lib/gcc/arm-elf/4.3.0/../../../../arm-elf/lib/thumb/libc.a(lib_a-init.o)
 .debug_frame   0x000000000000057c       0x2c /usr/local/lib/gcc/arm-elf/4.3.0/../../../../arm-elf/lib/thumb/libc.a(lib_a-memset.o)
 .debug_frame   0x00000000000005a8       0x34 /usr/local/lib/gcc/arm-elf/4.3.0/../../../../arm-elf/lib/thumb/libc.a(lib_a-__atexit.o)
 .debug_frame   0x00000000000005dc       0x3c /usr/local/lib/gcc/arm-elf/4.3.0/../../../../arm-elf/lib/thumb/libc.a(lib_a-__call_atexit.o)
 .debug_frame   0x0000000000000618       0x40 /usr/local/lib/gcc/arm-elf/4.3.0/../../../../arm-elf/lib/thumb/libc.a(lib_a-malloc.o)
 .debug_frame   0x0000000000000658       0x3c /usr/local/lib/gcc/arm-elf/4.3.0/../../../../arm-elf/lib/thumb/libc.a(lib_a-mallocr.o)
 .debug_frame   0x0000000000000694       0x30 /usr/local/lib/gcc/arm-elf/4.3.0/../../../../arm-elf/lib/thumb/libc.a(lib_a-mlock.o)
 .debug_frame   0x00000000000006c4       0x2c /usr/local/lib/gcc/arm-elf/4.3.0/../../../../arm-elf/lib/thumb/libc.a(lib_a-sbrkr.o)
 .debug_frame   0x00000000000006f0       0x54 /usr/local/lib/gcc/arm-elf/4.3.0/../../../../arm-elf/lib/thumb/libc.a(lib_a-freer.o)
 .debug_frame   0x0000000000000744       0x68 /usr/local/lib/gcc/arm-elf/4.3.0/../../../../arm-elf/lib/thumb/libc.a(lib_a-reent.o)

.debug_str      0x0000000000000000     0x12bc
 *(.debug_str)
 .debug_str     0x0000000000000000      0x232 system.o
                                        0x25e (size before relaxing)
 .debug_str     0x0000000000000232       0x36 main.o
                                        0x1b0 (size before relaxing)
 .debug_str     0x0000000000000268       0xd2 lcd.o
                                        0x1c3 (size before relaxing)
 .debug_str     0x000000000000033a      0x3ca stm32f10x_it.o
                                        0x44c (size before relaxing)
 .debug_str     0x0000000000000704       0x6f lib/libstm32.a(stm32f10x_vector.o)
                                         0xac (size before relaxing)
 .debug_str     0x0000000000000773       0x86 /usr/local/lib/gcc/arm-elf/4.3.0/../../../../arm-elf/lib/thumb/libc.a(lib_a-atexit.o)
                                        0x122 (size before relaxing)
 .debug_str     0x00000000000007f9      0x3ce /usr/local/lib/gcc/arm-elf/4.3.0/../../../../arm-elf/lib/thumb/libc.a(lib_a-exit.o)
                                        0x49b (size before relaxing)
 .debug_str     0x0000000000000bc7       0x61 /usr/local/lib/gcc/arm-elf/4.3.0/../../../../arm-elf/lib/thumb/libc.a(lib_a-impure.o)
                                        0x4aa (size before relaxing)
 .debug_str     0x0000000000000c28       0xef /usr/local/lib/gcc/arm-elf/4.3.0/../../../../arm-elf/lib/thumb/libc.a(lib_a-init.o)
                                        0x18a (size before relaxing)
 .debug_str     0x0000000000000d17       0x71 /usr/local/lib/gcc/arm-elf/4.3.0/../../../../arm-elf/lib/thumb/libc.a(lib_a-memset.o)
                                        0x10d (size before relaxing)
 .debug_str     0x0000000000000d88       0x71 /usr/local/lib/gcc/arm-elf/4.3.0/../../../../arm-elf/lib/thumb/libc.a(lib_a-__atexit.o)
                                        0x4e3 (size before relaxing)
 .debug_str     0x0000000000000df9       0x7c /usr/local/lib/gcc/arm-elf/4.3.0/../../../../arm-elf/lib/thumb/libc.a(lib_a-__call_atexit.o)
                                        0x4c3 (size before relaxing)
 .debug_str     0x0000000000000e75       0x67 /usr/local/lib/gcc/arm-elf/4.3.0/../../../../arm-elf/lib/thumb/libc.a(lib_a-malloc.o)
                                        0x4ab (size before relaxing)
 .debug_str     0x0000000000000edc      0x223 /usr/local/lib/gcc/arm-elf/4.3.0/../../../../arm-elf/lib/thumb/libc.a(lib_a-mallocr.o)
                                        0x680 (size before relaxing)
 .debug_str     0x00000000000010ff       0x88 /usr/local/lib/gcc/arm-elf/4.3.0/../../../../arm-elf/lib/thumb/libc.a(lib_a-mlock.o)
                                        0x4b2 (size before relaxing)
 .debug_str     0x0000000000001187       0x6b /usr/local/lib/gcc/arm-elf/4.3.0/../../../../arm-elf/lib/thumb/libc.a(lib_a-sbrkr.o)
                                        0x49b (size before relaxing)
 .debug_str     0x00000000000011f2       0x3c /usr/local/lib/gcc/arm-elf/4.3.0/../../../../arm-elf/lib/thumb/libc.a(lib_a-freer.o)
                                        0x5d2 (size before relaxing)
 .debug_str     0x000000000000122e       0x8e /usr/local/lib/gcc/arm-elf/4.3.0/../../../../arm-elf/lib/thumb/libc.a(lib_a-reent.o)
                                        0x4cf (size before relaxing)

.debug_loc      0x0000000000000000     0x16bf
 *(.debug_loc)
 .debug_loc     0x0000000000000000       0x1f main.o
 .debug_loc     0x000000000000001f      0x284 lcd.o
 .debug_loc     0x00000000000002a3       0x32 lib/libstm32.a(stm32f10x_vector.o)
 .debug_loc     0x00000000000002d5       0x3d /usr/local/lib/gcc/arm-elf/4.3.0/../../../../arm-elf/lib/thumb/libc.a(lib_a-atexit.o)
 .debug_loc     0x0000000000000312       0x3d /usr/local/lib/gcc/arm-elf/4.3.0/../../../../arm-elf/lib/thumb/libc.a(lib_a-exit.o)
 .debug_loc     0x000000000000034f       0x8a /usr/local/lib/gcc/arm-elf/4.3.0/../../../../arm-elf/lib/thumb/libc.a(lib_a-init.o)
 .debug_loc     0x00000000000003d9      0x128 /usr/local/lib/gcc/arm-elf/4.3.0/../../../../arm-elf/lib/thumb/libc.a(lib_a-memset.o)
 .debug_loc     0x0000000000000501      0x103 /usr/local/lib/gcc/arm-elf/4.3.0/../../../../arm-elf/lib/thumb/libc.a(lib_a-__atexit.o)
 .debug_loc     0x0000000000000604      0x159 /usr/local/lib/gcc/arm-elf/4.3.0/../../../../arm-elf/lib/thumb/libc.a(lib_a-__call_atexit.o)
 .debug_loc     0x000000000000075d       0x7a /usr/local/lib/gcc/arm-elf/4.3.0/../../../../arm-elf/lib/thumb/libc.a(lib_a-malloc.o)
 .debug_loc     0x00000000000007d7      0x909 /usr/local/lib/gcc/arm-elf/4.3.0/../../../../arm-elf/lib/thumb/libc.a(lib_a-mallocr.o)
 .debug_loc     0x00000000000010e0       0x79 /usr/local/lib/gcc/arm-elf/4.3.0/../../../../arm-elf/lib/thumb/libc.a(lib_a-sbrkr.o)
 .debug_loc     0x0000000000001159      0x37f /usr/local/lib/gcc/arm-elf/4.3.0/../../../../arm-elf/lib/thumb/libc.a(lib_a-freer.o)
 .debug_loc     0x00000000000014d8      0x1e7 /usr/local/lib/gcc/arm-elf/4.3.0/../../../../arm-elf/lib/thumb/libc.a(lib_a-reent.o)

.debug_macinfo
 *(.debug_macinfo)

.debug_weaknames
 *(.debug_weaknames)

.debug_funcnames
 *(.debug_funcnames)

.debug_typenames
 *(.debug_typenames)

.debug_varnames
 *(.debug_varnames)
OUTPUT(main.elf elf32-littlearm)

.ARM.attributes
                0x0000000000000000       0x10
 .ARM.attributes
                0x0000000000000000       0x10 /usr/local/lib/gcc/arm-elf/4.3.0/thumb/crti.o
 .ARM.attributes
                0x0000000000000010       0x10 /usr/local/lib/gcc/arm-elf/4.3.0/thumb/crtbegin.o
 .ARM.attributes
                0x0000000000000020       0x10 /usr/local/lib/gcc/arm-elf/4.3.0/../../../../arm-elf/lib/thumb/crt0.o
 .ARM.attributes
                0x0000000000000030       0x10 system.o
 .ARM.attributes
                0x0000000000000040       0x10 main.o
 .ARM.attributes
                0x0000000000000050       0x10 lcd.o
 .ARM.attributes
                0x0000000000000060       0x10 stm32f10x_it.o
 .ARM.attributes
                0x0000000000000070       0x10 lib/libstm32.a(stm32f10x_vector.o)
 .ARM.attributes
                0x0000000000000080       0x10 /usr/local/lib/gcc/arm-elf/4.3.0/../../../../arm-elf/lib/thumb/libc.a(lib_a-atexit.o)
 .ARM.attributes
                0x0000000000000090       0x10 /usr/local/lib/gcc/arm-elf/4.3.0/../../../../arm-elf/lib/thumb/libc.a(lib_a-exit.o)
 .ARM.attributes
                0x00000000000000a0       0x10 /usr/local/lib/gcc/arm-elf/4.3.0/../../../../arm-elf/lib/thumb/libc.a(lib_a-impure.o)
 .ARM.attributes
                0x00000000000000b0       0x10 /usr/local/lib/gcc/arm-elf/4.3.0/../../../../arm-elf/lib/thumb/libc.a(lib_a-init.o)
 .ARM.attributes
                0x00000000000000c0       0x10 /usr/local/lib/gcc/arm-elf/4.3.0/../../../../arm-elf/lib/thumb/libc.a(lib_a-memset.o)
 .ARM.attributes
                0x00000000000000d0       0x10 /usr/local/lib/gcc/arm-elf/4.3.0/../../../../arm-elf/lib/thumb/libc.a(lib_a-__atexit.o)
 .ARM.attributes
                0x00000000000000e0       0x10 /usr/local/lib/gcc/arm-elf/4.3.0/../../../../arm-elf/lib/thumb/libc.a(lib_a-__call_atexit.o)
 .ARM.attributes
                0x00000000000000f0       0x10 /usr/local/lib/gcc/arm-elf/4.3.0/../../../../arm-elf/lib/thumb/libc.a(lib_a-malloc.o)
 .ARM.attributes
                0x0000000000000100       0x10 /usr/local/lib/gcc/arm-elf/4.3.0/../../../../arm-elf/lib/thumb/libc.a(lib_a-mallocr.o)
 .ARM.attributes
                0x0000000000000110       0x10 /usr/local/lib/gcc/arm-elf/4.3.0/../../../../arm-elf/lib/thumb/libc.a(lib_a-mlock.o)
 .ARM.attributes
                0x0000000000000120       0x10 /usr/local/lib/gcc/arm-elf/4.3.0/../../../../arm-elf/lib/thumb/libc.a(lib_a-sbrkr.o)
 .ARM.attributes
                0x0000000000000130       0x10 /usr/local/lib/gcc/arm-elf/4.3.0/../../../../arm-elf/lib/thumb/libc.a(lib_a-freer.o)
 .ARM.attributes
                0x0000000000000140       0x10 /usr/local/lib/gcc/arm-elf/4.3.0/../../../../arm-elf/lib/thumb/libc.a(lib_a-reent.o)
 .ARM.attributes
                0x0000000000000150       0x10 /usr/local/lib/gcc/arm-elf/4.3.0/thumb/crtend.o
 .ARM.attributes
                0x0000000000000160       0x10 /usr/local/lib/gcc/arm-elf/4.3.0/thumb/crtn.o

.debug_ranges   0x0000000000000000      0x228
 .debug_ranges  0x0000000000000000       0x20 /usr/local/lib/gcc/arm-elf/4.3.0/thumb/crti.o
 .debug_ranges  0x0000000000000020      0x130 lcd.o
 .debug_ranges  0x0000000000000150       0x48 /usr/local/lib/gcc/arm-elf/4.3.0/../../../../arm-elf/lib/thumb/libc.a(lib_a-__call_atexit.o)
 .debug_ranges  0x0000000000000198       0x70 /usr/local/lib/gcc/arm-elf/4.3.0/../../../../arm-elf/lib/thumb/libc.a(lib_a-mallocr.o)
 .debug_ranges  0x0000000000000208       0x20 /usr/local/lib/gcc/arm-elf/4.3.0/thumb/crtn.o

Cross Reference Table

Symbol                                            File
ADC_IRQHandler                                    stm32f10x_it.o
                                                  lib/libstm32.a(stm32f10x_vector.o)
BusFaultException                                 stm32f10x_it.o
                                                  lib/libstm32.a(stm32f10x_vector.o)
CAN_RX1_IRQHandler                                stm32f10x_it.o
                                                  lib/libstm32.a(stm32f10x_vector.o)
CAN_SCE_IRQHandler                                stm32f10x_it.o
                                                  lib/libstm32.a(stm32f10x_vector.o)
DMAChannel1_IRQHandler                            stm32f10x_it.o
                                                  lib/libstm32.a(stm32f10x_vector.o)
DMAChannel2_IRQHandler                            stm32f10x_it.o
                                                  lib/libstm32.a(stm32f10x_vector.o)
DMAChannel3_IRQHandler                            stm32f10x_it.o
                                                  lib/libstm32.a(stm32f10x_vector.o)
DMAChannel4_IRQHandler                            stm32f10x_it.o
                                                  lib/libstm32.a(stm32f10x_vector.o)
DMAChannel5_IRQHandler                            stm32f10x_it.o
                                                  lib/libstm32.a(stm32f10x_vector.o)
DMAChannel6_IRQHandler                            stm32f10x_it.o
                                                  lib/libstm32.a(stm32f10x_vector.o)
DMAChannel7_IRQHandler                            stm32f10x_it.o
                                                  lib/libstm32.a(stm32f10x_vector.o)
DebugMonitor                                      stm32f10x_it.o
                                                  lib/libstm32.a(stm32f10x_vector.o)
EXTI0_IRQHandler                                  stm32f10x_it.o
                                                  lib/libstm32.a(stm32f10x_vector.o)
EXTI15_10_IRQHandler                              stm32f10x_it.o
                                                  lib/libstm32.a(stm32f10x_vector.o)
EXTI1_IRQHandler                                  stm32f10x_it.o
                                                  lib/libstm32.a(stm32f10x_vector.o)
EXTI2_IRQHandler                                  stm32f10x_it.o
                                                  lib/libstm32.a(stm32f10x_vector.o)
EXTI3_IRQHandler                                  stm32f10x_it.o
                                                  lib/libstm32.a(stm32f10x_vector.o)
EXTI4_IRQHandler                                  stm32f10x_it.o
                                                  lib/libstm32.a(stm32f10x_vector.o)
EXTI9_5_IRQHandler                                stm32f10x_it.o
                                                  lib/libstm32.a(stm32f10x_vector.o)
FLASH_IRQHandler                                  stm32f10x_it.o
                                                  lib/libstm32.a(stm32f10x_vector.o)
HardFaultException                                stm32f10x_it.o
                                                  lib/libstm32.a(stm32f10x_vector.o)
I2C1_ER_IRQHandler                                stm32f10x_it.o
                                                  lib/libstm32.a(stm32f10x_vector.o)
I2C1_EV_IRQHandler                                stm32f10x_it.o
                                                  lib/libstm32.a(stm32f10x_vector.o)
I2C2_ER_IRQHandler                                stm32f10x_it.o
                                                  lib/libstm32.a(stm32f10x_vector.o)
I2C2_EV_IRQHandler                                stm32f10x_it.o
                                                  lib/libstm32.a(stm32f10x_vector.o)
MemManageException                                stm32f10x_it.o
                                                  lib/libstm32.a(stm32f10x_vector.o)
NMIException                                      stm32f10x_it.o
                                                  lib/libstm32.a(stm32f10x_vector.o)
PVD_IRQHandler                                    stm32f10x_it.o
                                                  lib/libstm32.a(stm32f10x_vector.o)
PendSVC                                           stm32f10x_it.o
                                                  lib/libstm32.a(stm32f10x_vector.o)
RCC_IRQHandler                                    stm32f10x_it.o
                                                  lib/libstm32.a(stm32f10x_vector.o)
RTCAlarm_IRQHandler                               stm32f10x_it.o
                                                  lib/libstm32.a(stm32f10x_vector.o)
RTC_IRQHandler                                    stm32f10x_it.o
                                                  lib/libstm32.a(stm32f10x_vector.o)
Reset_Handler                                     lib/libstm32.a(stm32f10x_vector.o)
SPI1_IRQHandler                                   stm32f10x_it.o
                                                  lib/libstm32.a(stm32f10x_vector.o)
SPI2_IRQHandler                                   stm32f10x_it.o
                                                  lib/libstm32.a(stm32f10x_vector.o)
SVCHandler                                        stm32f10x_it.o
                                                  lib/libstm32.a(stm32f10x_vector.o)
SysTickHandler                                    stm32f10x_it.o
                                                  lib/libstm32.a(stm32f10x_vector.o)
TAMPER_IRQHandler                                 stm32f10x_it.o
                                                  lib/libstm32.a(stm32f10x_vector.o)
TIM1_BRK_IRQHandler                               stm32f10x_it.o
                                                  lib/libstm32.a(stm32f10x_vector.o)
TIM1_CC_IRQHandler                                stm32f10x_it.o
                                                  lib/libstm32.a(stm32f10x_vector.o)
TIM1_TRG_COM_IRQHandler                           stm32f10x_it.o
                                                  lib/libstm32.a(stm32f10x_vector.o)
TIM1_UP_IRQHandler                                stm32f10x_it.o
                                                  lib/libstm32.a(stm32f10x_vector.o)
TIM2_IRQHandler                                   stm32f10x_it.o
                                                  lib/libstm32.a(stm32f10x_vector.o)
TIM3_IRQHandler                                   stm32f10x_it.o
                                                  lib/libstm32.a(stm32f10x_vector.o)
TIM4_IRQHandler                                   stm32f10x_it.o
                                                  lib/libstm32.a(stm32f10x_vector.o)
Tim                                               stm32f10x_it.o
                                                  main.o
Tim1                                              stm32f10x_it.o
                                                  main.o
USART1_IRQHandler                                 stm32f10x_it.o
                                                  lib/libstm32.a(stm32f10x_vector.o)
USART2_IRQHandler                                 stm32f10x_it.o
                                                  lib/libstm32.a(stm32f10x_vector.o)
USART3_IRQHandler                                 stm32f10x_it.o
                                                  lib/libstm32.a(stm32f10x_vector.o)
USBWakeUp_IRQHandler                              stm32f10x_it.o
                                                  lib/libstm32.a(stm32f10x_vector.o)
USB_HP_CAN_TX_IRQHandler                          stm32f10x_it.o
                                                  lib/libstm32.a(stm32f10x_vector.o)
USB_LP_CAN_RX0_IRQHandler                         stm32f10x_it.o
                                                  lib/libstm32.a(stm32f10x_vector.o)
UsageFaultException                               stm32f10x_it.o
                                                  lib/libstm32.a(stm32f10x_vector.o)
WWDG_IRQHandler                                   stm32f10x_it.o
                                                  lib/libstm32.a(stm32f10x_vector.o)
_Jv_RegisterClasses                               /usr/local/lib/gcc/arm-elf/4.3.0/thumb/crtbegin.o
__DTOR_END__                                      /usr/local/lib/gcc/arm-elf/4.3.0/thumb/crtend.o
                                                  /usr/local/lib/gcc/arm-elf/4.3.0/thumb/crtbegin.o
__bss_end__                                       /usr/local/lib/gcc/arm-elf/4.3.0/../../../../arm-elf/lib/thumb/crt0.o
__bss_start__                                     /usr/local/lib/gcc/arm-elf/4.3.0/../../../../arm-elf/lib/thumb/crt0.o
__call_exitprocs                                  /usr/local/lib/gcc/arm-elf/4.3.0/../../../../arm-elf/lib/thumb/libc.a(lib_a-__call_atexit.o)
                                                  /usr/local/lib/gcc/arm-elf/4.3.0/../../../../arm-elf/lib/thumb/libc.a(lib_a-exit.o)
__change_mode                                     /usr/local/lib/gcc/arm-elf/4.3.0/../../../../arm-elf/lib/thumb/crt0.o
__deregister_frame_info                           /usr/local/lib/gcc/arm-elf/4.3.0/thumb/crtbegin.o
__dso_handle                                      /usr/local/lib/gcc/arm-elf/4.3.0/thumb/crtbegin.o
__fini_array_end                                  /usr/local/lib/gcc/arm-elf/4.3.0/../../../../arm-elf/lib/thumb/libc.a(lib_a-init.o)
__fini_array_start                                /usr/local/lib/gcc/arm-elf/4.3.0/../../../../arm-elf/lib/thumb/libc.a(lib_a-init.o)
__init_array_end                                  /usr/local/lib/gcc/arm-elf/4.3.0/../../../../arm-elf/lib/thumb/libc.a(lib_a-init.o)
__init_array_start                                /usr/local/lib/gcc/arm-elf/4.3.0/../../../../arm-elf/lib/thumb/libc.a(lib_a-init.o)
__libc_fini_array                                 /usr/local/lib/gcc/arm-elf/4.3.0/../../../../arm-elf/lib/thumb/libc.a(lib_a-init.o)
                                                  /usr/local/lib/gcc/arm-elf/4.3.0/../../../../arm-elf/lib/thumb/crt0.o
__libc_init_array                                 /usr/local/lib/gcc/arm-elf/4.3.0/../../../../arm-elf/lib/thumb/libc.a(lib_a-init.o)
                                                  /usr/local/lib/gcc/arm-elf/4.3.0/../../../../arm-elf/lib/thumb/crt0.o
__malloc_av_                                      /usr/local/lib/gcc/arm-elf/4.3.0/../../../../arm-elf/lib/thumb/libc.a(lib_a-mallocr.o)
                                                  /usr/local/lib/gcc/arm-elf/4.3.0/../../../../arm-elf/lib/thumb/libc.a(lib_a-freer.o)
__malloc_current_mallinfo                         /usr/local/lib/gcc/arm-elf/4.3.0/../../../../arm-elf/lib/thumb/libc.a(lib_a-mallocr.o)
                                                  /usr/local/lib/gcc/arm-elf/4.3.0/../../../../arm-elf/lib/thumb/libc.a(lib_a-freer.o)
__malloc_lock                                     /usr/local/lib/gcc/arm-elf/4.3.0/../../../../arm-elf/lib/thumb/libc.a(lib_a-mlock.o)
                                                  /usr/local/lib/gcc/arm-elf/4.3.0/../../../../arm-elf/lib/thumb/libc.a(lib_a-freer.o)
                                                  /usr/local/lib/gcc/arm-elf/4.3.0/../../../../arm-elf/lib/thumb/libc.a(lib_a-mallocr.o)
__malloc_max_sbrked_mem                           /usr/local/lib/gcc/arm-elf/4.3.0/../../../../arm-elf/lib/thumb/libc.a(lib_a-mallocr.o)
__malloc_max_total_mem                            /usr/local/lib/gcc/arm-elf/4.3.0/../../../../arm-elf/lib/thumb/libc.a(lib_a-mallocr.o)
__malloc_sbrk_base                                /usr/local/lib/gcc/arm-elf/4.3.0/../../../../arm-elf/lib/thumb/libc.a(lib_a-mallocr.o)
                                                  /usr/local/lib/gcc/arm-elf/4.3.0/../../../../arm-elf/lib/thumb/libc.a(lib_a-freer.o)
__malloc_top_pad                                  /usr/local/lib/gcc/arm-elf/4.3.0/../../../../arm-elf/lib/thumb/libc.a(lib_a-mallocr.o)
                                                  /usr/local/lib/gcc/arm-elf/4.3.0/../../../../arm-elf/lib/thumb/libc.a(lib_a-freer.o)
__malloc_trim_threshold                           /usr/local/lib/gcc/arm-elf/4.3.0/../../../../arm-elf/lib/thumb/libc.a(lib_a-mallocr.o)
                                                  /usr/local/lib/gcc/arm-elf/4.3.0/../../../../arm-elf/lib/thumb/libc.a(lib_a-freer.o)
__malloc_unlock                                   /usr/local/lib/gcc/arm-elf/4.3.0/../../../../arm-elf/lib/thumb/libc.a(lib_a-mlock.o)
                                                  /usr/local/lib/gcc/arm-elf/4.3.0/../../../../arm-elf/lib/thumb/libc.a(lib_a-freer.o)
                                                  /usr/local/lib/gcc/arm-elf/4.3.0/../../../../arm-elf/lib/thumb/libc.a(lib_a-mallocr.o)
__preinit_array_end                               /usr/local/lib/gcc/arm-elf/4.3.0/../../../../arm-elf/lib/thumb/libc.a(lib_a-init.o)
__preinit_array_start                             /usr/local/lib/gcc/arm-elf/4.3.0/../../../../arm-elf/lib/thumb/libc.a(lib_a-init.o)
__register_exitproc                               /usr/local/lib/gcc/arm-elf/4.3.0/../../../../arm-elf/lib/thumb/libc.a(lib_a-__atexit.o)
                                                  /usr/local/lib/gcc/arm-elf/4.3.0/../../../../arm-elf/lib/thumb/libc.a(lib_a-atexit.o)
__register_frame_info                             /usr/local/lib/gcc/arm-elf/4.3.0/thumb/crtbegin.o
__stack                                           /usr/local/lib/gcc/arm-elf/4.3.0/../../../../arm-elf/lib/thumb/crt0.o
_ebss                                             lib/libstm32.a(stm32f10x_vector.o)
_edata                                            lib/libstm32.a(stm32f10x_vector.o)
_estack                                           lib/libstm32.a(stm32f10x_vector.o)
_exit                                             /usr/local/lib/gcc/arm-elf/4.3.0/../../../../arm-elf/lib/thumb/libc.a(lib_a-exit.o)
_fini                                             /usr/local/lib/gcc/arm-elf/4.3.0/thumb/crti.o
                                                  /usr/local/lib/gcc/arm-elf/4.3.0/../../../../arm-elf/lib/thumb/libc.a(lib_a-init.o)
_free_r                                           /usr/local/lib/gcc/arm-elf/4.3.0/../../../../arm-elf/lib/thumb/libc.a(lib_a-freer.o)
                                                  /usr/local/lib/gcc/arm-elf/4.3.0/../../../../arm-elf/lib/thumb/libc.a(lib_a-reent.o)
                                                  /usr/local/lib/gcc/arm-elf/4.3.0/../../../../arm-elf/lib/thumb/libc.a(lib_a-mallocr.o)
                                                  /usr/local/lib/gcc/arm-elf/4.3.0/../../../../arm-elf/lib/thumb/libc.a(lib_a-malloc.o)
_global_impure_ptr                                /usr/local/lib/gcc/arm-elf/4.3.0/../../../../arm-elf/lib/thumb/libc.a(lib_a-impure.o)
                                                  /usr/local/lib/gcc/arm-elf/4.3.0/../../../../arm-elf/lib/thumb/libc.a(lib_a-__call_atexit.o)
                                                  /usr/local/lib/gcc/arm-elf/4.3.0/../../../../arm-elf/lib/thumb/libc.a(lib_a-__atexit.o)
                                                  /usr/local/lib/gcc/arm-elf/4.3.0/../../../../arm-elf/lib/thumb/libc.a(lib_a-exit.o)
_impure_ptr                                       /usr/local/lib/gcc/arm-elf/4.3.0/../../../../arm-elf/lib/thumb/libc.a(lib_a-impure.o)
                                                  /usr/local/lib/gcc/arm-elf/4.3.0/../../../../arm-elf/lib/thumb/libc.a(lib_a-reent.o)
                                                  /usr/local/lib/gcc/arm-elf/4.3.0/../../../../arm-elf/lib/thumb/libc.a(lib_a-malloc.o)
_init                                             /usr/local/lib/gcc/arm-elf/4.3.0/thumb/crti.o
                                                  /usr/local/lib/gcc/arm-elf/4.3.0/../../../../arm-elf/lib/thumb/libc.a(lib_a-init.o)
_mainCRTStartup                                   /usr/local/lib/gcc/arm-elf/4.3.0/../../../../arm-elf/lib/thumb/crt0.o
_malloc_r                                         /usr/local/lib/gcc/arm-elf/4.3.0/../../../../arm-elf/lib/thumb/libc.a(lib_a-mallocr.o)
                                                  /usr/local/lib/gcc/arm-elf/4.3.0/../../../../arm-elf/lib/thumb/libc.a(lib_a-malloc.o)
_malloc_trim_r                                    /usr/local/lib/gcc/arm-elf/4.3.0/../../../../arm-elf/lib/thumb/libc.a(lib_a-freer.o)
_reclaim_reent                                    /usr/local/lib/gcc/arm-elf/4.3.0/../../../../arm-elf/lib/thumb/libc.a(lib_a-reent.o)
_sbrk                                             /usr/local/lib/gcc/arm-elf/4.3.0/../../../../arm-elf/lib/thumb/libc.a(lib_a-sbrkr.o)
_sbrk_r                                           /usr/local/lib/gcc/arm-elf/4.3.0/../../../../arm-elf/lib/thumb/libc.a(lib_a-sbrkr.o)
                                                  /usr/local/lib/gcc/arm-elf/4.3.0/../../../../arm-elf/lib/thumb/libc.a(lib_a-freer.o)
                                                  /usr/local/lib/gcc/arm-elf/4.3.0/../../../../arm-elf/lib/thumb/libc.a(lib_a-mallocr.o)
_sbss                                             lib/libstm32.a(stm32f10x_vector.o)
_sdata                                            lib/libstm32.a(stm32f10x_vector.o)
_sidata                                           lib/libstm32.a(stm32f10x_vector.o)
_start                                            /usr/local/lib/gcc/arm-elf/4.3.0/../../../../arm-elf/lib/thumb/crt0.o
_wrapup_reent                                     /usr/local/lib/gcc/arm-elf/4.3.0/../../../../arm-elf/lib/thumb/libc.a(lib_a-reent.o)
atexit                                            /usr/local/lib/gcc/arm-elf/4.3.0/../../../../arm-elf/lib/thumb/libc.a(lib_a-atexit.o)
                                                  /usr/local/lib/gcc/arm-elf/4.3.0/../../../../arm-elf/lib/thumb/crt0.o
change_back                                       /usr/local/lib/gcc/arm-elf/4.3.0/../../../../arm-elf/lib/thumb/crt0.o
cleanup_glue                                      /usr/local/lib/gcc/arm-elf/4.3.0/../../../../arm-elf/lib/thumb/libc.a(lib_a-reent.o)
count_std_setup                                   system.o
                                                  main.o
errno                                             /usr/local/lib/gcc/arm-elf/4.3.0/../../../../arm-elf/lib/thumb/libc.a(lib_a-reent.o)
                                                  /usr/local/lib/gcc/arm-elf/4.3.0/../../../../arm-elf/lib/thumb/libc.a(lib_a-sbrkr.o)
exit                                              /usr/local/lib/gcc/arm-elf/4.3.0/../../../../arm-elf/lib/thumb/libc.a(lib_a-exit.o)
                                                  /usr/local/lib/gcc/arm-elf/4.3.0/../../../../arm-elf/lib/thumb/crt0.o
free                                              /usr/local/lib/gcc/arm-elf/4.3.0/../../../../arm-elf/lib/thumb/libc.a(lib_a-malloc.o)
                                                  /usr/local/lib/gcc/arm-elf/4.3.0/../../../../arm-elf/lib/thumb/libc.a(lib_a-__call_atexit.o)
g_pfnVectors                                      lib/libstm32.a(stm32f10x_vector.o)
hardware_init_hook                                /usr/local/lib/gcc/arm-elf/4.3.0/../../../../arm-elf/lib/thumb/crt0.o
lcdClear                                          lcd.o
lcdCommand                                        lcd.o
lcdInit                                           lcd.o
                                                  main.o
lcdPutChar                                        lcd.o
lcdPutInt                                         lcd.o
                                                  main.o
lcdPutStr                                         lcd.o
                                                  main.o
lcdSetPos                                         lcd.o
                                                  main.o
lcd_pwm_setup                                     system.o
                                                  main.o
main                                              main.o
                                                  lib/libstm32.a(stm32f10x_vector.o)
                                                  /usr/local/lib/gcc/arm-elf/4.3.0/../../../../arm-elf/lib/thumb/crt0.o
malloc                                            /usr/local/lib/gcc/arm-elf/4.3.0/../../../../arm-elf/lib/thumb/libc.a(lib_a-malloc.o)
                                                  /usr/local/lib/gcc/arm-elf/4.3.0/../../../../arm-elf/lib/thumb/libc.a(lib_a-__atexit.o)
memset                                            /usr/local/lib/gcc/arm-elf/4.3.0/../../../../arm-elf/lib/thumb/libc.a(lib_a-memset.o)
                                                  /usr/local/lib/gcc/arm-elf/4.3.0/../../../../arm-elf/lib/thumb/crt0.o
software_init_hook                                /usr/local/lib/gcc/arm-elf/4.3.0/../../../../arm-elf/lib/thumb/crt0.o
start                                             /usr/local/lib/gcc/arm-elf/4.3.0/../../../../arm-elf/lib/thumb/crt0.o
system_setup                                      system.o
                                                  main.o
systick_setup                                     system.o
                                                  main.o
